Running main() from gmock_main.cc
Note: Google Test filter = BPlusTreeConcurrentTest.InsertTest1
[==========] Running 1 test from 1 test suite.
[----------] Global test environment set-up.
[----------] 1 test from BPlusTreeConcurrentTest
[ RUN      ] BPlusTreeConcurrentTest.InsertTest1
/home/subham/GITHUB/bustub-private/test/storage/b_plus_tree_concurrent_test.cpp:170: Failure
Expected equality of these values:
  location.GetSlotNum()
    Which is: 0
  current_key
    Which is: 1

[  FAILED  ] BPlusTreeConcurrentTest.InsertTest1 (165 ms)
[----------] 1 test from BPlusTreeConcurrentTest (165 ms total)

[----------] Global test environment tear-down
[==========] 1 test from 1 test suite ran. (166 ms total)
[  PASSED  ] 0 tests.
[  FAILED  ] 1 test, listed below:
[  FAILED  ] BPlusTreeConcurrentTest.InsertTest1

 1 FAILED TEST

=================================================================
==421763==ERROR: LeakSanitizer: detected memory leaks

Indirect leak of 401408 byte(s) in 49 object(s) allocated from:
    #0 0x758763afe548 in operator new(unsigned long) ../../../../src/libsanitizer/asan/asan_new_delete.cpp:95
    #1 0x5cb442dfa0b7 in std::__new_allocator<char>::allocate(unsigned long, void const*) /usr/include/c++/14/bits/new_allocator.h:151
    #2 0x5cb442df2170 in std::allocator_traits<std::allocator<char> >::allocate(std::allocator<char>&, unsigned long) /usr/include/c++/14/bits/alloc_traits.h:478
    #3 0x5cb442df2170 in std::_Vector_base<char, std::allocator<char> >::_M_allocate(unsigned long) /usr/include/c++/14/bits/stl_vector.h:380
    #4 0x5cb442df21e8 in std::_Vector_base<char, std::allocator<char> >::_M_create_storage(unsigned long) /usr/include/c++/14/bits/stl_vector.h:398
    #5 0x5cb442ded934 in std::_Vector_base<char, std::allocator<char> >::_Vector_base(unsigned long, std::allocator<char> const&) /usr/include/c++/14/bits/stl_vector.h:334
    #6 0x5cb442deaa1c in std::vector<char, std::allocator<char> >::vector(unsigned long, char const&, std::allocator<char> const&) /usr/include/c++/14/bits/stl_vector.h:571
    #7 0x5cb442de1d6d in bustub::FrameHeader::FrameHeader(int) /home/subham/GITHUB/bustub-private/src/buffer/buffer_pool_manager.cpp:27
    #8 0x5cb442dfd063 in void std::_Construct<bustub::FrameHeader, unsigned long&>(bustub::FrameHeader*, unsigned long&) /usr/include/c++/14/bits/stl_construct.h:119
    #9 0x5cb442dfaf04 in void std::allocator_traits<std::allocator<void> >::construct<bustub::FrameHeader, unsigned long&>(std::allocator<void>&, bustub::FrameHeader*, unsigned long&) /usr/include/c++/14/bits/alloc_traits.h:657
    #10 0x5cb442dfaf04 in std::_Sp_counted_ptr_inplace<bustub::FrameHeader, std::allocator<void>, (__gnu_cxx::_Lock_policy)2>::_Sp_counted_ptr_inplace<unsigned long&>(std::allocator<void>, unsigned long&) /usr/include/c++/14/bits/shared_ptr_base.h:607
    #11 0x5cb442df7374 in std::__shared_count<(__gnu_cxx::_Lock_policy)2>::__shared_count<bustub::FrameHeader, std::allocator<void>, unsigned long&>(bustub::FrameHeader*&, std::_Sp_alloc_shared_tag<std::allocator<void> >, unsigned long&) /usr/include/c++/14/bits/shared_ptr_base.h:969
    #12 0x5cb442df326a in std::__shared_ptr<bustub::FrameHeader, (__gnu_cxx::_Lock_policy)2>::__shared_ptr<std::allocator<void>, unsigned long&>(std::_Sp_alloc_shared_tag<std::allocator<void> >, unsigned long&) (/home/subham/GITHUB/bustub-private/build/test/b_plus_tree_concurrent_test+0xd226a) (BuildId: d3db16daeb8ed1b4d0c1615be93e2b341468163a)
    #13 0x5cb442deea15 in std::shared_ptr<bustub::FrameHeader>::shared_ptr<std::allocator<void>, unsigned long&>(std::_Sp_alloc_shared_tag<std::allocator<void> >, unsigned long&) /usr/include/c++/14/bits/shared_ptr.h:463
    #14 0x5cb442deb68c in std::shared_ptr<std::enable_if<!std::is_array<bustub::FrameHeader>::value, bustub::FrameHeader>::type> std::make_shared<bustub::FrameHeader, unsigned long&>(unsigned long&) (/home/subham/GITHUB/bustub-private/build/test/b_plus_tree_concurrent_test+0xca68c) (BuildId: d3db16daeb8ed1b4d0c1615be93e2b341468163a)
    #15 0x5cb442de25fa in bustub::BufferPoolManager::BufferPoolManager(unsigned long, bustub::DiskManager*, bustub::LogManager*) /home/subham/GITHUB/bustub-private/src/buffer/buffer_pool_manager.cpp:93
    #16 0x5cb442d7d860 in void bustub::InsertTest1Call<3l>() (/home/subham/GITHUB/bustub-private/build/test/b_plus_tree_concurrent_test+0x5c860) (BuildId: d3db16daeb8ed1b4d0c1615be93e2b341468163a)
    #17 0x5cb442d756b1 in bustub::BPlusTreeConcurrentTest_InsertTest1_Test::TestBody() /home/subham/GITHUB/bustub-private/test/storage/b_plus_tree_concurrent_test.cpp:460
    #18 0x5cb442ff5483 in void testing::internal::HandleSehExceptionsInMethodIfSupported<testing::Test, void>(testing::Test*, void (testing::Test::*)(), char const*) /home/subham/GITHUB/bustub-private/third_party/googletest/googletest/src/gtest.cc:2612
    #19 0x5cb442fe3d7b in void testing::internal::HandleExceptionsInMethodIfSupported<testing::Test, void>(testing::Test*, void (testing::Test::*)(), char const*) /home/subham/GITHUB/bustub-private/third_party/googletest/googletest/src/gtest.cc:2648
    #20 0x5cb442f926dc in testing::Test::Run() /home/subham/GITHUB/bustub-private/third_party/googletest/googletest/src/gtest.cc:2687
    #21 0x5cb442f93dd6 in testing::TestInfo::Run() /home/subham/GITHUB/bustub-private/third_party/googletest/googletest/src/gtest.cc:2836
    #22 0x5cb442f95129 in testing::TestSuite::Run() /home/subham/GITHUB/bustub-private/third_party/googletest/googletest/src/gtest.cc:3015
    #23 0x5cb442fb78bd in testing::internal::UnitTestImpl::RunAllTests() /home/subham/GITHUB/bustub-private/third_party/googletest/googletest/src/gtest.cc:5920
    #24 0x5cb442ff8c78 in bool testing::internal::HandleSehExceptionsInMethodIfSupported<testing::internal::UnitTestImpl, bool>(testing::internal::UnitTestImpl*, bool (testing::internal::UnitTestImpl::*)(), char const*) /home/subham/GITHUB/bustub-private/third_party/googletest/googletest/src/gtest.cc:2612
    #25 0x5cb442fe6dc8 in bool testing::internal::HandleExceptionsInMethodIfSupported<testing::internal::UnitTestImpl, bool>(testing::internal::UnitTestImpl*, bool (testing::internal::UnitTestImpl::*)(), char const*) /home/subham/GITHUB/bustub-private/third_party/googletest/googletest/src/gtest.cc:2648
    #26 0x5cb442fb4146 in testing::UnitTest::Run() /home/subham/GITHUB/bustub-private/third_party/googletest/googletest/src/gtest.cc:5484
    #27 0x5cb4430224e5 in RUN_ALL_TESTS() /home/subham/GITHUB/bustub-private/third_party/googletest/googletest/include/gtest/gtest.h:2317
    #28 0x5cb443022431 in main /home/subham/GITHUB/bustub-private/third_party/googletest/googlemock/src/gmock_main.cc:71
    #29 0x75876322a1c9 in __libc_start_call_main ../sysdeps/nptl/libc_start_call_main.h:58
    #30 0x75876322a28a in __libc_start_main_impl ../csu/libc-start.c:360
    #31 0x5cb442d74714 in _start (/home/subham/GITHUB/bustub-private/build/test/b_plus_tree_concurrent_test+0x53714) (BuildId: d3db16daeb8ed1b4d0c1615be93e2b341468163a)

Indirect leak of 6400 byte(s) in 50 object(s) allocated from:
    #0 0x758763afe548 in operator new(unsigned long) ../../../../src/libsanitizer/asan/asan_new_delete.cpp:95
    #1 0x5cb442dfcfab in std::__new_allocator<std::_Sp_counted_ptr_inplace<bustub::FrameHeader, std::allocator<void>, (__gnu_cxx::_Lock_policy)2> >::allocate(unsigned long, void const*) /usr/include/c++/14/bits/new_allocator.h:151
    #2 0x5cb442dfacb3 in std::allocator_traits<std::allocator<std::_Sp_counted_ptr_inplace<bustub::FrameHeader, std::allocator<void>, (__gnu_cxx::_Lock_policy)2> > >::allocate(std::allocator<std::_Sp_counted_ptr_inplace<bustub::FrameHeader, std::allocator<void>, (__gnu_cxx::_Lock_policy)2> >&, unsigned long) /usr/include/c++/14/bits/alloc_traits.h:478
    #3 0x5cb442dfacb3 in std::__allocated_ptr<std::allocator<std::_Sp_counted_ptr_inplace<bustub::FrameHeader, std::allocator<void>, (__gnu_cxx::_Lock_policy)2> > > std::__allocate_guarded<std::allocator<std::_Sp_counted_ptr_inplace<bustub::FrameHeader, std::allocator<void>, (__gnu_cxx::_Lock_policy)2> > >(std::allocator<std::_Sp_counted_ptr_inplace<bustub::FrameHeader, std::allocator<void>, (__gnu_cxx::_Lock_policy)2> >&) /usr/include/c++/14/bits/allocated_ptr.h:98
    #4 0x5cb442df7329 in std::__shared_count<(__gnu_cxx::_Lock_policy)2>::__shared_count<bustub::FrameHeader, std::allocator<void>, unsigned long&>(bustub::FrameHeader*&, std::_Sp_alloc_shared_tag<std::allocator<void> >, unsigned long&) /usr/include/c++/14/bits/shared_ptr_base.h:967
    #5 0x5cb442df326a in std::__shared_ptr<bustub::FrameHeader, (__gnu_cxx::_Lock_policy)2>::__shared_ptr<std::allocator<void>, unsigned long&>(std::_Sp_alloc_shared_tag<std::allocator<void> >, unsigned long&) (/home/subham/GITHUB/bustub-private/build/test/b_plus_tree_concurrent_test+0xd226a) (BuildId: d3db16daeb8ed1b4d0c1615be93e2b341468163a)
    #6 0x5cb442deea15 in std::shared_ptr<bustub::FrameHeader>::shared_ptr<std::allocator<void>, unsigned long&>(std::_Sp_alloc_shared_tag<std::allocator<void> >, unsigned long&) /usr/include/c++/14/bits/shared_ptr.h:463
    #7 0x5cb442deb68c in std::shared_ptr<std::enable_if<!std::is_array<bustub::FrameHeader>::value, bustub::FrameHeader>::type> std::make_shared<bustub::FrameHeader, unsigned long&>(unsigned long&) (/home/subham/GITHUB/bustub-private/build/test/b_plus_tree_concurrent_test+0xca68c) (BuildId: d3db16daeb8ed1b4d0c1615be93e2b341468163a)
    #8 0x5cb442de25fa in bustub::BufferPoolManager::BufferPoolManager(unsigned long, bustub::DiskManager*, bustub::LogManager*) /home/subham/GITHUB/bustub-private/src/buffer/buffer_pool_manager.cpp:93
    #9 0x5cb442d7d860 in void bustub::InsertTest1Call<3l>() (/home/subham/GITHUB/bustub-private/build/test/b_plus_tree_concurrent_test+0x5c860) (BuildId: d3db16daeb8ed1b4d0c1615be93e2b341468163a)
    #10 0x5cb442d756b1 in bustub::BPlusTreeConcurrentTest_InsertTest1_Test::TestBody() /home/subham/GITHUB/bustub-private/test/storage/b_plus_tree_concurrent_test.cpp:460
    #11 0x5cb442ff5483 in void testing::internal::HandleSehExceptionsInMethodIfSupported<testing::Test, void>(testing::Test*, void (testing::Test::*)(), char const*) /home/subham/GITHUB/bustub-private/third_party/googletest/googletest/src/gtest.cc:2612
    #12 0x5cb442fe3d7b in void testing::internal::HandleExceptionsInMethodIfSupported<testing::Test, void>(testing::Test*, void (testing::Test::*)(), char const*) /home/subham/GITHUB/bustub-private/third_party/googletest/googletest/src/gtest.cc:2648
    #13 0x5cb442f926dc in testing::Test::Run() /home/subham/GITHUB/bustub-private/third_party/googletest/googletest/src/gtest.cc:2687
    #14 0x5cb442f93dd6 in testing::TestInfo::Run() /home/subham/GITHUB/bustub-private/third_party/googletest/googletest/src/gtest.cc:2836
    #15 0x5cb442f95129 in testing::TestSuite::Run() /home/subham/GITHUB/bustub-private/third_party/googletest/googletest/src/gtest.cc:3015
    #16 0x5cb442fb78bd in testing::internal::UnitTestImpl::RunAllTests() /home/subham/GITHUB/bustub-private/third_party/googletest/googletest/src/gtest.cc:5920
    #17 0x5cb442ff8c78 in bool testing::internal::HandleSehExceptionsInMethodIfSupported<testing::internal::UnitTestImpl, bool>(testing::internal::UnitTestImpl*, bool (testing::internal::UnitTestImpl::*)(), char const*) /home/subham/GITHUB/bustub-private/third_party/googletest/googletest/src/gtest.cc:2612
    #18 0x5cb442fe6dc8 in bool testing::internal::HandleExceptionsInMethodIfSupported<testing::internal::UnitTestImpl, bool>(testing::internal::UnitTestImpl*, bool (testing::internal::UnitTestImpl::*)(), char const*) /home/subham/GITHUB/bustub-private/third_party/googletest/googletest/src/gtest.cc:2648
    #19 0x5cb442fb4146 in testing::UnitTest::Run() /home/subham/GITHUB/bustub-private/third_party/googletest/googletest/src/gtest.cc:5484
    #20 0x5cb4430224e5 in RUN_ALL_TESTS() /home/subham/GITHUB/bustub-private/third_party/googletest/googletest/include/gtest/gtest.h:2317
    #21 0x5cb443022431 in main /home/subham/GITHUB/bustub-private/third_party/googletest/googlemock/src/gmock_main.cc:71
    #22 0x75876322a1c9 in __libc_start_call_main ../sysdeps/nptl/libc_start_call_main.h:58
    #23 0x75876322a28a in __libc_start_main_impl ../csu/libc-start.c:360
    #24 0x5cb442d74714 in _start (/home/subham/GITHUB/bustub-private/build/test/b_plus_tree_concurrent_test+0x53714) (BuildId: d3db16daeb8ed1b4d0c1615be93e2b341468163a)

Indirect leak of 1656 byte(s) in 69 object(s) allocated from:
    #0 0x758763afe548 in operator new(unsigned long) ../../../../src/libsanitizer/asan/asan_new_delete.cpp:95
    #1 0x5cb442e04d6e in std::__new_allocator<std::_List_node<unsigned long> >::allocate(unsigned long, void const*) /usr/include/c++/14/bits/new_allocator.h:151
    #2 0x5cb442e033df in std::allocator_traits<std::allocator<std::_List_node<unsigned long> > >::allocate(std::allocator<std::_List_node<unsigned long> >&, unsigned long) /usr/include/c++/14/bits/alloc_traits.h:478
    #3 0x5cb442e033df in std::__cxx11::_List_base<unsigned long, std::allocator<unsigned long> >::_M_get_node() /usr/include/c++/14/bits/stl_list.h:518
    #4 0x5cb442e02544 in std::_List_node<unsigned long>* std::__cxx11::list<unsigned long, std::allocator<unsigned long> >::_M_create_node<unsigned long&>(unsigned long&) /usr/include/c++/14/bits/stl_list.h:710
    #5 0x5cb442e01e22 in void std::__cxx11::list<unsigned long, std::allocator<unsigned long> >::_M_insert<unsigned long&>(std::_List_iterator<unsigned long>, unsigned long&) /usr/include/c++/14/bits/stl_list.h:2004
    #6 0x5cb442e01102 in unsigned long& std::__cxx11::list<unsigned long, std::allocator<unsigned long> >::emplace_back<unsigned long&>(unsigned long&) /usr/include/c++/14/bits/stl_list.h:1321
    #7 0x5cb442dffb27 in bustub::LRUKReplacer::RecordAccess(int, bustub::AccessType) /home/subham/GITHUB/bustub-private/src/buffer/lru_k_replacer.cpp:118
    #8 0x5cb442de428c in bustub::BufferPoolManager::FetchPage(int, bustub::AccessType) /home/subham/GITHUB/bustub-private/src/buffer/buffer_pool_manager.cpp:239
    #9 0x5cb442de57b5 in bustub::BufferPoolManager::CheckedReadPage(int, bustub::AccessType) /home/subham/GITHUB/bustub-private/src/buffer/buffer_pool_manager.cpp:402
    #10 0x5cb442de5f4f in bustub::BufferPoolManager::ReadPage(int, bustub::AccessType) /home/subham/GITHUB/bustub-private/src/buffer/buffer_pool_manager.cpp:452
    #11 0x5cb442e2e748 in bustub::TracedBufferPoolManager::ReadPage(int, bustub::AccessType) /home/subham/GITHUB/bustub-private/src/include/buffer/traced_buffer_pool_manager.h:24
    #12 0x5cb442ea855c in bustub::BPlusTree<bustub::GenericKey<8ul>, bustub::RID, bustub::GenericComparator<8ul>, 3l>::GetValue(bustub::GenericKey<8ul> const&, std::vector<bustub::RID, std::allocator<bustub::RID> >*)::{lambda()#1}::operator()() const (/home/subham/GITHUB/bustub-private/build/test/b_plus_tree_concurrent_test+0x18755c) (BuildId: d3db16daeb8ed1b4d0c1615be93e2b341468163a)
    #13 0x5cb442e4d18a in bustub::BPlusTree<bustub::GenericKey<8ul>, bustub::RID, bustub::GenericComparator<8ul>, 3l>::GetValue(bustub::GenericKey<8ul> const&, std::vector<bustub::RID, std::allocator<bustub::RID> >*) (/home/subham/GITHUB/bustub-private/build/test/b_plus_tree_concurrent_test+0x12c18a) (BuildId: d3db16daeb8ed1b4d0c1615be93e2b341468163a)
    #14 0x5cb442d7dc86 in void bustub::InsertTest1Call<3l>() (/home/subham/GITHUB/bustub-private/build/test/b_plus_tree_concurrent_test+0x5cc86) (BuildId: d3db16daeb8ed1b4d0c1615be93e2b341468163a)
    #15 0x5cb442d756b1 in bustub::BPlusTreeConcurrentTest_InsertTest1_Test::TestBody() /home/subham/GITHUB/bustub-private/test/storage/b_plus_tree_concurrent_test.cpp:460
    #16 0x5cb442ff5483 in void testing::internal::HandleSehExceptionsInMethodIfSupported<testing::Test, void>(testing::Test*, void (testing::Test::*)(), char const*) /home/subham/GITHUB/bustub-private/third_party/googletest/googletest/src/gtest.cc:2612
    #17 0x5cb442fe3d7b in void testing::internal::HandleExceptionsInMethodIfSupported<testing::Test, void>(testing::Test*, void (testing::Test::*)(), char const*) /home/subham/GITHUB/bustub-private/third_party/googletest/googletest/src/gtest.cc:2648
    #18 0x5cb442f926dc in testing::Test::Run() /home/subham/GITHUB/bustub-private/third_party/googletest/googletest/src/gtest.cc:2687
    #19 0x5cb442f93dd6 in testing::TestInfo::Run() /home/subham/GITHUB/bustub-private/third_party/googletest/googletest/src/gtest.cc:2836
    #20 0x5cb442f95129 in testing::TestSuite::Run() /home/subham/GITHUB/bustub-private/third_party/googletest/googletest/src/gtest.cc:3015
    #21 0x5cb442fb78bd in testing::internal::UnitTestImpl::RunAllTests() /home/subham/GITHUB/bustub-private/third_party/googletest/googletest/src/gtest.cc:5920
    #22 0x5cb442ff8c78 in bool testing::internal::HandleSehExceptionsInMethodIfSupported<testing::internal::UnitTestImpl, bool>(testing::internal::UnitTestImpl*, bool (testing::internal::UnitTestImpl::*)(), char const*) /home/subham/GITHUB/bustub-private/third_party/googletest/googletest/src/gtest.cc:2612
    #23 0x5cb442fe6dc8 in bool testing::internal::HandleExceptionsInMethodIfSupported<testing::internal::UnitTestImpl, bool>(testing::internal::UnitTestImpl*, bool (testing::internal::UnitTestImpl::*)(), char const*) /home/subham/GITHUB/bustub-private/third_party/googletest/googletest/src/gtest.cc:2648
    #24 0x5cb442fb4146 in testing::UnitTest::Run() /home/subham/GITHUB/bustub-private/third_party/googletest/googletest/src/gtest.cc:5484
    #25 0x5cb4430224e5 in RUN_ALL_TESTS() /home/subham/GITHUB/bustub-private/third_party/googletest/googletest/include/gtest/gtest.h:2317
    #26 0x5cb443022431 in main /home/subham/GITHUB/bustub-private/third_party/googletest/googlemock/src/gmock_main.cc:71
    #27 0x75876322a1c9 in __libc_start_call_main ../sysdeps/nptl/libc_start_call_main.h:58
    #28 0x75876322a28a in __libc_start_main_impl ../csu/libc-start.c:360
    #29 0x5cb442d74714 in _start (/home/subham/GITHUB/bustub-private/build/test/b_plus_tree_concurrent_test+0x53714) (BuildId: d3db16daeb8ed1b4d0c1615be93e2b341468163a)

Indirect leak of 1512 byte(s) in 27 object(s) allocated from:
    #0 0x758763afe548 in operator new(unsigned long) ../../../../src/libsanitizer/asan/asan_new_delete.cpp:95
    #1 0x5cb442e04e87 in std::__new_allocator<std::__detail::_Hash_node<std::pair<int const, bustub::LRUKNode>, false> >::allocate(unsigned long, void const*) /usr/include/c++/14/bits/new_allocator.h:151
    #2 0x5cb442e041f9 in std::allocator_traits<std::allocator<std::__detail::_Hash_node<std::pair<int const, bustub::LRUKNode>, false> > >::allocate(std::allocator<std::__detail::_Hash_node<std::pair<int const, bustub::LRUKNode>, false> >&, unsigned long) /usr/include/c++/14/bits/alloc_traits.h:478
    #3 0x5cb442e041f9 in std::__detail::_Hash_node<std::pair<int const, bustub::LRUKNode>, false>* std::__detail::_Hashtable_alloc<std::allocator<std::__detail::_Hash_node<std::pair<int const, bustub::LRUKNode>, false> > >::_M_allocate_node<int&, bustub::LRUKNode&>(int&, bustub::LRUKNode&) /usr/include/c++/14/bits/hashtable_policy.h:2019
    #4 0x5cb442e035c5 in std::_Hashtable<int, std::pair<int const, bustub::LRUKNode>, std::allocator<std::pair<int const, bustub::LRUKNode> >, std::__detail::_Select1st, std::equal_to<int>, std::hash<int>, std::__detail::_Mod_range_hashing, std::__detail::_Default_ranged_hash, std::__detail::_Prime_rehash_policy, std::__detail::_Hashtable_traits<false, false, true> >::_Scoped_node::_Scoped_node<int&, bustub::LRUKNode&>(std::__detail::_Hashtable_alloc<std::allocator<std::__detail::_Hash_node<std::pair<int const, bustub::LRUKNode>, false> > >*, int&, bustub::LRUKNode&) /usr/include/c++/14/bits/hashtable.h:312
    #5 0x5cb442e02882 in std::pair<std::__detail::_Node_iterator<std::pair<int const, bustub::LRUKNode>, false, false>, bool> std::_Hashtable<int, std::pair<int const, bustub::LRUKNode>, std::allocator<std::pair<int const, bustub::LRUKNode> >, std::__detail::_Select1st, std::equal_to<int>, std::hash<int>, std::__detail::_Mod_range_hashing, std::__detail::_Default_ranged_hash, std::__detail::_Prime_rehash_policy, std::__detail::_Hashtable_traits<false, false, true> >::_M_emplace<int&, bustub::LRUKNode&>(std::integral_constant<bool, true>, int&, bustub::LRUKNode&) /usr/include/c++/14/bits/hashtable.h:2143
    #6 0x5cb442e01f28 in std::pair<std::__detail::_Node_iterator<std::pair<int const, bustub::LRUKNode>, false, false>, bool> std::_Hashtable<int, std::pair<int const, bustub::LRUKNode>, std::allocator<std::pair<int const, bustub::LRUKNode> >, std::__detail::_Select1st, std::equal_to<int>, std::hash<int>, std::__detail::_Mod_range_hashing, std::__detail::_Default_ranged_hash, std::__detail::_Prime_rehash_policy, std::__detail::_Hashtable_traits<false, false, true> >::emplace<int&, bustub::LRUKNode&>(int&, bustub::LRUKNode&) /usr/include/c++/14/bits/hashtable.h:1001
    #7 0x5cb442e0115d in std::pair<std::__detail::_Node_iterator<std::pair<int const, bustub::LRUKNode>, false, false>, bool> std::unordered_map<int, bustub::LRUKNode, std::hash<int>, std::equal_to<int>, std::allocator<std::pair<int const, bustub::LRUKNode> > >::emplace<int&, bustub::LRUKNode&>(int&, bustub::LRUKNode&) /usr/include/c++/14/bits/unordered_map.h:396
    #8 0x5cb442dffbc3 in bustub::LRUKReplacer::RecordAccess(int, bustub::AccessType) /home/subham/GITHUB/bustub-private/src/buffer/lru_k_replacer.cpp:123
    #9 0x5cb442de3848 in bustub::BufferPoolManager::NewPage() /home/subham/GITHUB/bustub-private/src/buffer/buffer_pool_manager.cpp:178
    #10 0x5cb442e2e7a8 in bustub::TracedBufferPoolManager::NewPage() (/home/subham/GITHUB/bustub-private/build/test/b_plus_tree_concurrent_test+0x10d7a8) (BuildId: d3db16daeb8ed1b4d0c1615be93e2b341468163a)
    #11 0x5cb442e4ad5e in bustub::BPlusTree<bustub::GenericKey<8ul>, bustub::RID, bustub::GenericComparator<8ul>, 3l>::Insert(bustub::GenericKey<8ul> const&, bustub::RID const&) (/home/subham/GITHUB/bustub-private/build/test/b_plus_tree_concurrent_test+0x129d5e) (BuildId: d3db16daeb8ed1b4d0c1615be93e2b341468163a)
    #12 0x5cb442d92118 in void bustub::InsertHelper<3l>(bustub::BPlusTree<bustub::GenericKey<8ul>, bustub::RID, bustub::GenericComparator<8ul>, 3l>*, std::vector<long, std::allocator<long> > const&, unsigned long) (/home/subham/GITHUB/bustub-private/build/test/b_plus_tree_concurrent_test+0x71118) (BuildId: d3db16daeb8ed1b4d0c1615be93e2b341468163a)
    #13 0x5cb442daeb7d in void std::__invoke_impl<void, void (*)(bustub::BPlusTree<bustub::GenericKey<8ul>, bustub::RID, bustub::GenericComparator<8ul>, 3l>*, std::vector<long, std::allocator<long> > const&, unsigned long), bustub::BPlusTree<bustub::GenericKey<8ul>, bustub::RID, bustub::GenericComparator<8ul>, 3l>*, std::vector<long, std::allocator<long> >, unsigned long>(std::__invoke_other, void (*&&)(bustub::BPlusTree<bustub::GenericKey<8ul>, bustub::RID, bustub::GenericComparator<8ul>, 3l>*, std::vector<long, std::allocator<long> > const&, unsigned long), bustub::BPlusTree<bustub::GenericKey<8ul>, bustub::RID, bustub::GenericComparator<8ul>, 3l>*&&, std::vector<long, std::allocator<long> >&&, unsigned long&&) (/home/subham/GITHUB/bustub-private/build/test/b_plus_tree_concurrent_test+0x8db7d) (BuildId: d3db16daeb8ed1b4d0c1615be93e2b341468163a)
    #14 0x5cb442dae4e3 in std::__invoke_result<void (*)(bustub::BPlusTree<bustub::GenericKey<8ul>, bustub::RID, bustub::GenericComparator<8ul>, 3l>*, std::vector<long, std::allocator<long> > const&, unsigned long), bustub::BPlusTree<bustub::GenericKey<8ul>, bustub::RID, bustub::GenericComparator<8ul>, 3l>*, std::vector<long, std::allocator<long> >, unsigned long>::type std::__invoke<void (*)(bustub::BPlusTree<bustub::GenericKey<8ul>, bustub::RID, bustub::GenericComparator<8ul>, 3l>*, std::vector<long, std::allocator<long> > const&, unsigned long), bustub::BPlusTree<bustub::GenericKey<8ul>, bustub::RID, bustub::GenericComparator<8ul>, 3l>*, std::vector<long, std::allocator<long> >, unsigned long>(void (*&&)(bustub::BPlusTree<bustub::GenericKey<8ul>, bustub::RID, bustub::GenericComparator<8ul>, 3l>*, std::vector<long, std::allocator<long> > const&, unsigned long), bustub::BPlusTree<bustub::GenericKey<8ul>, bustub::RID, bustub::GenericComparator<8ul>, 3l>*&&, std::vector<long, std::allocator<long> >&&, unsigned long&&) (/home/subham/GITHUB/bustub-private/build/test/b_plus_tree_concurrent_test+0x8d4e3) (BuildId: d3db16daeb8ed1b4d0c1615be93e2b341468163a)
    #15 0x5cb442dadfd4 in void std::thread::_Invoker<std::tuple<void (*)(bustub::BPlusTree<bustub::GenericKey<8ul>, bustub::RID, bustub::GenericComparator<8ul>, 3l>*, std::vector<long, std::allocator<long> > const&, unsigned long), bustub::BPlusTree<bustub::GenericKey<8ul>, bustub::RID, bustub::GenericComparator<8ul>, 3l>*, std::vector<long, std::allocator<long> >, unsigned long> >::_M_invoke<0ul, 1ul, 2ul, 3ul>(std::_Index_tuple<0ul, 1ul, 2ul, 3ul>) (/home/subham/GITHUB/bustub-private/build/test/b_plus_tree_concurrent_test+0x8cfd4) (BuildId: d3db16daeb8ed1b4d0c1615be93e2b341468163a)
    #16 0x5cb442dadd8f in std::thread::_Invoker<std::tuple<void (*)(bustub::BPlusTree<bustub::GenericKey<8ul>, bustub::RID, bustub::GenericComparator<8ul>, 3l>*, std::vector<long, std::allocator<long> > const&, unsigned long), bustub::BPlusTree<bustub::GenericKey<8ul>, bustub::RID, bustub::GenericComparator<8ul>, 3l>*, std::vector<long, std::allocator<long> >, unsigned long> >::operator()() (/home/subham/GITHUB/bustub-private/build/test/b_plus_tree_concurrent_test+0x8cd8f) (BuildId: d3db16daeb8ed1b4d0c1615be93e2b341468163a)
    #17 0x5cb442dad89b in std::thread::_State_impl<std::thread::_Invoker<std::tuple<void (*)(bustub::BPlusTree<bustub::GenericKey<8ul>, bustub::RID, bustub::GenericComparator<8ul>, 3l>*, std::vector<long, std::allocator<long> > const&, unsigned long), bustub::BPlusTree<bustub::GenericKey<8ul>, bustub::RID, bustub::GenericComparator<8ul>, 3l>*, std::vector<long, std::allocator<long> >, unsigned long> > >::_M_run() (/home/subham/GITHUB/bustub-private/build/test/b_plus_tree_concurrent_test+0x8c89b) (BuildId: d3db16daeb8ed1b4d0c1615be93e2b341468163a)
    #18 0x7587636ecdb3  (/lib/x86_64-linux-gnu/libstdc++.so.6+0xecdb3) (BuildId: ca77dae775ec87540acd7218fa990c40d1c94ab1)
    #19 0x758763a5ea41 in asan_thread_start ../../../../src/libsanitizer/asan/asan_interceptors.cpp:234
    #20 0x75876329caa3 in start_thread nptl/pthread_create.c:447

Indirect leak of 896 byte(s) in 16 object(s) allocated from:
    #0 0x758763afe548 in operator new(unsigned long) ../../../../src/libsanitizer/asan/asan_new_delete.cpp:95
    #1 0x5cb442e04e87 in std::__new_allocator<std::__detail::_Hash_node<std::pair<int const, bustub::LRUKNode>, false> >::allocate(unsigned long, void const*) /usr/include/c++/14/bits/new_allocator.h:151
    #2 0x5cb442e041f9 in std::allocator_traits<std::allocator<std::__detail::_Hash_node<std::pair<int const, bustub::LRUKNode>, false> > >::allocate(std::allocator<std::__detail::_Hash_node<std::pair<int const, bustub::LRUKNode>, false> >&, unsigned long) /usr/include/c++/14/bits/alloc_traits.h:478
    #3 0x5cb442e041f9 in std::__detail::_Hash_node<std::pair<int const, bustub::LRUKNode>, false>* std::__detail::_Hashtable_alloc<std::allocator<std::__detail::_Hash_node<std::pair<int const, bustub::LRUKNode>, false> > >::_M_allocate_node<int&, bustub::LRUKNode&>(int&, bustub::LRUKNode&) /usr/include/c++/14/bits/hashtable_policy.h:2019
    #4 0x5cb442e035c5 in std::_Hashtable<int, std::pair<int const, bustub::LRUKNode>, std::allocator<std::pair<int const, bustub::LRUKNode> >, std::__detail::_Select1st, std::equal_to<int>, std::hash<int>, std::__detail::_Mod_range_hashing, std::__detail::_Default_ranged_hash, std::__detail::_Prime_rehash_policy, std::__detail::_Hashtable_traits<false, false, true> >::_Scoped_node::_Scoped_node<int&, bustub::LRUKNode&>(std::__detail::_Hashtable_alloc<std::allocator<std::__detail::_Hash_node<std::pair<int const, bustub::LRUKNode>, false> > >*, int&, bustub::LRUKNode&) /usr/include/c++/14/bits/hashtable.h:312
    #5 0x5cb442e02882 in std::pair<std::__detail::_Node_iterator<std::pair<int const, bustub::LRUKNode>, false, false>, bool> std::_Hashtable<int, std::pair<int const, bustub::LRUKNode>, std::allocator<std::pair<int const, bustub::LRUKNode> >, std::__detail::_Select1st, std::equal_to<int>, std::hash<int>, std::__detail::_Mod_range_hashing, std::__detail::_Default_ranged_hash, std::__detail::_Prime_rehash_policy, std::__detail::_Hashtable_traits<false, false, true> >::_M_emplace<int&, bustub::LRUKNode&>(std::integral_constant<bool, true>, int&, bustub::LRUKNode&) /usr/include/c++/14/bits/hashtable.h:2143
    #6 0x5cb442e01f28 in std::pair<std::__detail::_Node_iterator<std::pair<int const, bustub::LRUKNode>, false, false>, bool> std::_Hashtable<int, std::pair<int const, bustub::LRUKNode>, std::allocator<std::pair<int const, bustub::LRUKNode> >, std::__detail::_Select1st, std::equal_to<int>, std::hash<int>, std::__detail::_Mod_range_hashing, std::__detail::_Default_ranged_hash, std::__detail::_Prime_rehash_policy, std::__detail::_Hashtable_traits<false, false, true> >::emplace<int&, bustub::LRUKNode&>(int&, bustub::LRUKNode&) /usr/include/c++/14/bits/hashtable.h:1001
    #7 0x5cb442e0115d in std::pair<std::__detail::_Node_iterator<std::pair<int const, bustub::LRUKNode>, false, false>, bool> std::unordered_map<int, bustub::LRUKNode, std::hash<int>, std::equal_to<int>, std::allocator<std::pair<int const, bustub::LRUKNode> > >::emplace<int&, bustub::LRUKNode&>(int&, bustub::LRUKNode&) /usr/include/c++/14/bits/unordered_map.h:396
    #8 0x5cb442dffbc3 in bustub::LRUKReplacer::RecordAccess(int, bustub::AccessType) /home/subham/GITHUB/bustub-private/src/buffer/lru_k_replacer.cpp:123
    #9 0x5cb442de3848 in bustub::BufferPoolManager::NewPage() /home/subham/GITHUB/bustub-private/src/buffer/buffer_pool_manager.cpp:178
    #10 0x5cb442e2e7a8 in bustub::TracedBufferPoolManager::NewPage() (/home/subham/GITHUB/bustub-private/build/test/b_plus_tree_concurrent_test+0x10d7a8) (BuildId: d3db16daeb8ed1b4d0c1615be93e2b341468163a)
    #11 0x5cb442e4fab8 in bustub::BPlusTree<bustub::GenericKey<8ul>, bustub::RID, bustub::GenericComparator<8ul>, 3l>::SplitInternalPage(bustub::GenericKey<8ul> const&, int const&, bustub::Context&) (/home/subham/GITHUB/bustub-private/build/test/b_plus_tree_concurrent_test+0x12eab8) (BuildId: d3db16daeb8ed1b4d0c1615be93e2b341468163a)
    #12 0x5cb442e4b068 in bustub::BPlusTree<bustub::GenericKey<8ul>, bustub::RID, bustub::GenericComparator<8ul>, 3l>::Insert(bustub::GenericKey<8ul> const&, bustub::RID const&) (/home/subham/GITHUB/bustub-private/build/test/b_plus_tree_concurrent_test+0x12a068) (BuildId: d3db16daeb8ed1b4d0c1615be93e2b341468163a)
    #13 0x5cb442d92118 in void bustub::InsertHelper<3l>(bustub::BPlusTree<bustub::GenericKey<8ul>, bustub::RID, bustub::GenericComparator<8ul>, 3l>*, std::vector<long, std::allocator<long> > const&, unsigned long) (/home/subham/GITHUB/bustub-private/build/test/b_plus_tree_concurrent_test+0x71118) (BuildId: d3db16daeb8ed1b4d0c1615be93e2b341468163a)
    #14 0x5cb442daeb7d in void std::__invoke_impl<void, void (*)(bustub::BPlusTree<bustub::GenericKey<8ul>, bustub::RID, bustub::GenericComparator<8ul>, 3l>*, std::vector<long, std::allocator<long> > const&, unsigned long), bustub::BPlusTree<bustub::GenericKey<8ul>, bustub::RID, bustub::GenericComparator<8ul>, 3l>*, std::vector<long, std::allocator<long> >, unsigned long>(std::__invoke_other, void (*&&)(bustub::BPlusTree<bustub::GenericKey<8ul>, bustub::RID, bustub::GenericComparator<8ul>, 3l>*, std::vector<long, std::allocator<long> > const&, unsigned long), bustub::BPlusTree<bustub::GenericKey<8ul>, bustub::RID, bustub::GenericComparator<8ul>, 3l>*&&, std::vector<long, std::allocator<long> >&&, unsigned long&&) (/home/subham/GITHUB/bustub-private/build/test/b_plus_tree_concurrent_test+0x8db7d) (BuildId: d3db16daeb8ed1b4d0c1615be93e2b341468163a)
    #15 0x5cb442dae4e3 in std::__invoke_result<void (*)(bustub::BPlusTree<bustub::GenericKey<8ul>, bustub::RID, bustub::GenericComparator<8ul>, 3l>*, std::vector<long, std::allocator<long> > const&, unsigned long), bustub::BPlusTree<bustub::GenericKey<8ul>, bustub::RID, bustub::GenericComparator<8ul>, 3l>*, std::vector<long, std::allocator<long> >, unsigned long>::type std::__invoke<void (*)(bustub::BPlusTree<bustub::GenericKey<8ul>, bustub::RID, bustub::GenericComparator<8ul>, 3l>*, std::vector<long, std::allocator<long> > const&, unsigned long), bustub::BPlusTree<bustub::GenericKey<8ul>, bustub::RID, bustub::GenericComparator<8ul>, 3l>*, std::vector<long, std::allocator<long> >, unsigned long>(void (*&&)(bustub::BPlusTree<bustub::GenericKey<8ul>, bustub::RID, bustub::GenericComparator<8ul>, 3l>*, std::vector<long, std::allocator<long> > const&, unsigned long), bustub::BPlusTree<bustub::GenericKey<8ul>, bustub::RID, bustub::GenericComparator<8ul>, 3l>*&&, std::vector<long, std::allocator<long> >&&, unsigned long&&) (/home/subham/GITHUB/bustub-private/build/test/b_plus_tree_concurrent_test+0x8d4e3) (BuildId: d3db16daeb8ed1b4d0c1615be93e2b341468163a)
    #16 0x5cb442dadfd4 in void std::thread::_Invoker<std::tuple<void (*)(bustub::BPlusTree<bustub::GenericKey<8ul>, bustub::RID, bustub::GenericComparator<8ul>, 3l>*, std::vector<long, std::allocator<long> > const&, unsigned long), bustub::BPlusTree<bustub::GenericKey<8ul>, bustub::RID, bustub::GenericComparator<8ul>, 3l>*, std::vector<long, std::allocator<long> >, unsigned long> >::_M_invoke<0ul, 1ul, 2ul, 3ul>(std::_Index_tuple<0ul, 1ul, 2ul, 3ul>) (/home/subham/GITHUB/bustub-private/build/test/b_plus_tree_concurrent_test+0x8cfd4) (BuildId: d3db16daeb8ed1b4d0c1615be93e2b341468163a)
    #17 0x5cb442dadd8f in std::thread::_Invoker<std::tuple<void (*)(bustub::BPlusTree<bustub::GenericKey<8ul>, bustub::RID, bustub::GenericComparator<8ul>, 3l>*, std::vector<long, std::allocator<long> > const&, unsigned long), bustub::BPlusTree<bustub::GenericKey<8ul>, bustub::RID, bustub::GenericComparator<8ul>, 3l>*, std::vector<long, std::allocator<long> >, unsigned long> >::operator()() (/home/subham/GITHUB/bustub-private/build/test/b_plus_tree_concurrent_test+0x8cd8f) (BuildId: d3db16daeb8ed1b4d0c1615be93e2b341468163a)
    #18 0x5cb442dad89b in std::thread::_State_impl<std::thread::_Invoker<std::tuple<void (*)(bustub::BPlusTree<bustub::GenericKey<8ul>, bustub::RID, bustub::GenericComparator<8ul>, 3l>*, std::vector<long, std::allocator<long> > const&, unsigned long), bustub::BPlusTree<bustub::GenericKey<8ul>, bustub::RID, bustub::GenericComparator<8ul>, 3l>*, std::vector<long, std::allocator<long> >, unsigned long> > >::_M_run() (/home/subham/GITHUB/bustub-private/build/test/b_plus_tree_concurrent_test+0x8c89b) (BuildId: d3db16daeb8ed1b4d0c1615be93e2b341468163a)
    #19 0x7587636ecdb3  (/lib/x86_64-linux-gnu/libstdc++.so.6+0xecdb3) (BuildId: ca77dae775ec87540acd7218fa990c40d1c94ab1)
    #20 0x758763a5ea41 in asan_thread_start ../../../../src/libsanitizer/asan/asan_interceptors.cpp:234
    #21 0x75876329caa3 in start_thread nptl/pthread_create.c:447

Indirect leak of 800 byte(s) in 1 object(s) allocated from:
    #0 0x758763afe548 in operator new(unsigned long) ../../../../src/libsanitizer/asan/asan_new_delete.cpp:95
    #1 0x5cb442df6e45 in std::__new_allocator<std::shared_ptr<bustub::FrameHeader> >::allocate(unsigned long, void const*) (/home/subham/GITHUB/bustub-private/build/test/b_plus_tree_concurrent_test+0xd5e45) (BuildId: d3db16daeb8ed1b4d0c1615be93e2b341468163a)
    #2 0x5cb442dee8a8 in std::allocator_traits<std::allocator<std::shared_ptr<bustub::FrameHeader> > >::allocate(std::allocator<std::shared_ptr<bustub::FrameHeader> >&, unsigned long) /usr/include/c++/14/bits/alloc_traits.h:478
    #3 0x5cb442dee8a8 in std::_Vector_base<std::shared_ptr<bustub::FrameHeader>, std::allocator<std::shared_ptr<bustub::FrameHeader> > >::_M_allocate(unsigned long) /usr/include/c++/14/bits/stl_vector.h:380
    #4 0x5cb442deb3fe in std::vector<std::shared_ptr<bustub::FrameHeader>, std::allocator<std::shared_ptr<bustub::FrameHeader> > >::reserve(unsigned long) (/home/subham/GITHUB/bustub-private/build/test/b_plus_tree_concurrent_test+0xca3fe) (BuildId: d3db16daeb8ed1b4d0c1615be93e2b341468163a)
    #5 0x5cb442de253a in bustub::BufferPoolManager::BufferPoolManager(unsigned long, bustub::DiskManager*, bustub::LogManager*) /home/subham/GITHUB/bustub-private/src/buffer/buffer_pool_manager.cpp:85
    #6 0x5cb442d7d860 in void bustub::InsertTest1Call<3l>() (/home/subham/GITHUB/bustub-private/build/test/b_plus_tree_concurrent_test+0x5c860) (BuildId: d3db16daeb8ed1b4d0c1615be93e2b341468163a)
    #7 0x5cb442d756b1 in bustub::BPlusTreeConcurrentTest_InsertTest1_Test::TestBody() /home/subham/GITHUB/bustub-private/test/storage/b_plus_tree_concurrent_test.cpp:460
    #8 0x5cb442ff5483 in void testing::internal::HandleSehExceptionsInMethodIfSupported<testing::Test, void>(testing::Test*, void (testing::Test::*)(), char const*) /home/subham/GITHUB/bustub-private/third_party/googletest/googletest/src/gtest.cc:2612
    #9 0x5cb442fe3d7b in void testing::internal::HandleExceptionsInMethodIfSupported<testing::Test, void>(testing::Test*, void (testing::Test::*)(), char const*) /home/subham/GITHUB/bustub-private/third_party/googletest/googletest/src/gtest.cc:2648
    #10 0x5cb442f926dc in testing::Test::Run() /home/subham/GITHUB/bustub-private/third_party/googletest/googletest/src/gtest.cc:2687
    #11 0x5cb442f93dd6 in testing::TestInfo::Run() /home/subham/GITHUB/bustub-private/third_party/googletest/googletest/src/gtest.cc:2836
    #12 0x5cb442f95129 in testing::TestSuite::Run() /home/subham/GITHUB/bustub-private/third_party/googletest/googletest/src/gtest.cc:3015
    #13 0x5cb442fb78bd in testing::internal::UnitTestImpl::RunAllTests() /home/subham/GITHUB/bustub-private/third_party/googletest/googletest/src/gtest.cc:5920
    #14 0x5cb442ff8c78 in bool testing::internal::HandleSehExceptionsInMethodIfSupported<testing::internal::UnitTestImpl, bool>(testing::internal::UnitTestImpl*, bool (testing::internal::UnitTestImpl::*)(), char const*) /home/subham/GITHUB/bustub-private/third_party/googletest/googletest/src/gtest.cc:2612
    #15 0x5cb442fe6dc8 in bool testing::internal::HandleExceptionsInMethodIfSupported<testing::internal::UnitTestImpl, bool>(testing::internal::UnitTestImpl*, bool (testing::internal::UnitTestImpl::*)(), char const*) /home/subham/GITHUB/bustub-private/third_party/googletest/googletest/src/gtest.cc:2648
    #16 0x5cb442fb4146 in testing::UnitTest::Run() /home/subham/GITHUB/bustub-private/third_party/googletest/googletest/src/gtest.cc:5484
    #17 0x5cb4430224e5 in RUN_ALL_TESTS() /home/subham/GITHUB/bustub-private/third_party/googletest/googletest/include/gtest/gtest.h:2317
    #18 0x5cb443022431 in main /home/subham/GITHUB/bustub-private/third_party/googletest/googlemock/src/gmock_main.cc:71
    #19 0x75876322a1c9 in __libc_start_call_main ../sysdeps/nptl/libc_start_call_main.h:58
    #20 0x75876322a28a in __libc_start_main_impl ../csu/libc-start.c:360
    #21 0x5cb442d74714 in _start (/home/subham/GITHUB/bustub-private/build/test/b_plus_tree_concurrent_test+0x53714) (BuildId: d3db16daeb8ed1b4d0c1615be93e2b341468163a)

Indirect leak of 624 byte(s) in 26 object(s) allocated from:
    #0 0x758763afe548 in operator new(unsigned long) ../../../../src/libsanitizer/asan/asan_new_delete.cpp:95
    #1 0x5cb442e04d6e in std::__new_allocator<std::_List_node<unsigned long> >::allocate(unsigned long, void const*) /usr/include/c++/14/bits/new_allocator.h:151
    #2 0x5cb442e033df in std::allocator_traits<std::allocator<std::_List_node<unsigned long> > >::allocate(std::allocator<std::_List_node<unsigned long> >&, unsigned long) /usr/include/c++/14/bits/alloc_traits.h:478
    #3 0x5cb442e033df in std::__cxx11::_List_base<unsigned long, std::allocator<unsigned long> >::_M_get_node() /usr/include/c++/14/bits/stl_list.h:518
    #4 0x5cb442e02544 in std::_List_node<unsigned long>* std::__cxx11::list<unsigned long, std::allocator<unsigned long> >::_M_create_node<unsigned long&>(unsigned long&) /usr/include/c++/14/bits/stl_list.h:710
    #5 0x5cb442e01e22 in void std::__cxx11::list<unsigned long, std::allocator<unsigned long> >::_M_insert<unsigned long&>(std::_List_iterator<unsigned long>, unsigned long&) /usr/include/c++/14/bits/stl_list.h:2004
    #6 0x5cb442e01102 in unsigned long& std::__cxx11::list<unsigned long, std::allocator<unsigned long> >::emplace_back<unsigned long&>(unsigned long&) /usr/include/c++/14/bits/stl_list.h:1321
    #7 0x5cb442dffb27 in bustub::LRUKReplacer::RecordAccess(int, bustub::AccessType) /home/subham/GITHUB/bustub-private/src/buffer/lru_k_replacer.cpp:118
    #8 0x5cb442de428c in bustub::BufferPoolManager::FetchPage(int, bustub::AccessType) /home/subham/GITHUB/bustub-private/src/buffer/buffer_pool_manager.cpp:239
    #9 0x5cb442de52bd in bustub::BufferPoolManager::CheckedWritePage(int, bustub::AccessType) /home/subham/GITHUB/bustub-private/src/buffer/buffer_pool_manager.cpp:364
    #10 0x5cb442de5c5f in bustub::BufferPoolManager::WritePage(int, bustub::AccessType) /home/subham/GITHUB/bustub-private/src/buffer/buffer_pool_manager.cpp:427
    #11 0x5cb442e2e6b4 in bustub::TracedBufferPoolManager::WritePage(int, bustub::AccessType) (/home/subham/GITHUB/bustub-private/build/test/b_plus_tree_concurrent_test+0x10d6b4) (BuildId: d3db16daeb8ed1b4d0c1615be93e2b341468163a)
    #12 0x5cb442e4f31f in bustub::BPlusTree<bustub::GenericKey<8ul>, bustub::RID, bustub::GenericComparator<8ul>, 3l>::FindLeafPessimistic(bustub::GenericKey<8ul> const&, bustub::Context&, bustub::BPlusTree<bustub::GenericKey<8ul>, bustub::RID, bustub::GenericComparator<8ul>, 3l>::Mode) (/home/subham/GITHUB/bustub-private/build/test/b_plus_tree_concurrent_test+0x12e31f) (BuildId: d3db16daeb8ed1b4d0c1615be93e2b341468163a)
    #13 0x5cb442e4ab66 in bustub::BPlusTree<bustub::GenericKey<8ul>, bustub::RID, bustub::GenericComparator<8ul>, 3l>::Insert(bustub::GenericKey<8ul> const&, bustub::RID const&) (/home/subham/GITHUB/bustub-private/build/test/b_plus_tree_concurrent_test+0x129b66) (BuildId: d3db16daeb8ed1b4d0c1615be93e2b341468163a)
    #14 0x5cb442d92118 in void bustub::InsertHelper<3l>(bustub::BPlusTree<bustub::GenericKey<8ul>, bustub::RID, bustub::GenericComparator<8ul>, 3l>*, std::vector<long, std::allocator<long> > const&, unsigned long) (/home/subham/GITHUB/bustub-private/build/test/b_plus_tree_concurrent_test+0x71118) (BuildId: d3db16daeb8ed1b4d0c1615be93e2b341468163a)
    #15 0x5cb442daeb7d in void std::__invoke_impl<void, void (*)(bustub::BPlusTree<bustub::GenericKey<8ul>, bustub::RID, bustub::GenericComparator<8ul>, 3l>*, std::vector<long, std::allocator<long> > const&, unsigned long), bustub::BPlusTree<bustub::GenericKey<8ul>, bustub::RID, bustub::GenericComparator<8ul>, 3l>*, std::vector<long, std::allocator<long> >, unsigned long>(std::__invoke_other, void (*&&)(bustub::BPlusTree<bustub::GenericKey<8ul>, bustub::RID, bustub::GenericComparator<8ul>, 3l>*, std::vector<long, std::allocator<long> > const&, unsigned long), bustub::BPlusTree<bustub::GenericKey<8ul>, bustub::RID, bustub::GenericComparator<8ul>, 3l>*&&, std::vector<long, std::allocator<long> >&&, unsigned long&&) (/home/subham/GITHUB/bustub-private/build/test/b_plus_tree_concurrent_test+0x8db7d) (BuildId: d3db16daeb8ed1b4d0c1615be93e2b341468163a)
    #16 0x5cb442dae4e3 in std::__invoke_result<void (*)(bustub::BPlusTree<bustub::GenericKey<8ul>, bustub::RID, bustub::GenericComparator<8ul>, 3l>*, std::vector<long, std::allocator<long> > const&, unsigned long), bustub::BPlusTree<bustub::GenericKey<8ul>, bustub::RID, bustub::GenericComparator<8ul>, 3l>*, std::vector<long, std::allocator<long> >, unsigned long>::type std::__invoke<void (*)(bustub::BPlusTree<bustub::GenericKey<8ul>, bustub::RID, bustub::GenericComparator<8ul>, 3l>*, std::vector<long, std::allocator<long> > const&, unsigned long), bustub::BPlusTree<bustub::GenericKey<8ul>, bustub::RID, bustub::GenericComparator<8ul>, 3l>*, std::vector<long, std::allocator<long> >, unsigned long>(void (*&&)(bustub::BPlusTree<bustub::GenericKey<8ul>, bustub::RID, bustub::GenericComparator<8ul>, 3l>*, std::vector<long, std::allocator<long> > const&, unsigned long), bustub::BPlusTree<bustub::GenericKey<8ul>, bustub::RID, bustub::GenericComparator<8ul>, 3l>*&&, std::vector<long, std::allocator<long> >&&, unsigned long&&) (/home/subham/GITHUB/bustub-private/build/test/b_plus_tree_concurrent_test+0x8d4e3) (BuildId: d3db16daeb8ed1b4d0c1615be93e2b341468163a)
    #17 0x5cb442dadfd4 in void std::thread::_Invoker<std::tuple<void (*)(bustub::BPlusTree<bustub::GenericKey<8ul>, bustub::RID, bustub::GenericComparator<8ul>, 3l>*, std::vector<long, std::allocator<long> > const&, unsigned long), bustub::BPlusTree<bustub::GenericKey<8ul>, bustub::RID, bustub::GenericComparator<8ul>, 3l>*, std::vector<long, std::allocator<long> >, unsigned long> >::_M_invoke<0ul, 1ul, 2ul, 3ul>(std::_Index_tuple<0ul, 1ul, 2ul, 3ul>) (/home/subham/GITHUB/bustub-private/build/test/b_plus_tree_concurrent_test+0x8cfd4) (BuildId: d3db16daeb8ed1b4d0c1615be93e2b341468163a)
    #18 0x5cb442dadd8f in std::thread::_Invoker<std::tuple<void (*)(bustub::BPlusTree<bustub::GenericKey<8ul>, bustub::RID, bustub::GenericComparator<8ul>, 3l>*, std::vector<long, std::allocator<long> > const&, unsigned long), bustub::BPlusTree<bustub::GenericKey<8ul>, bustub::RID, bustub::GenericComparator<8ul>, 3l>*, std::vector<long, std::allocator<long> >, unsigned long> >::operator()() (/home/subham/GITHUB/bustub-private/build/test/b_plus_tree_concurrent_test+0x8cd8f) (BuildId: d3db16daeb8ed1b4d0c1615be93e2b341468163a)
    #19 0x5cb442dad89b in std::thread::_State_impl<std::thread::_Invoker<std::tuple<void (*)(bustub::BPlusTree<bustub::GenericKey<8ul>, bustub::RID, bustub::GenericComparator<8ul>, 3l>*, std::vector<long, std::allocator<long> > const&, unsigned long), bustub::BPlusTree<bustub::GenericKey<8ul>, bustub::RID, bustub::GenericComparator<8ul>, 3l>*, std::vector<long, std::allocator<long> >, unsigned long> > >::_M_run() (/home/subham/GITHUB/bustub-private/build/test/b_plus_tree_concurrent_test+0x8c89b) (BuildId: d3db16daeb8ed1b4d0c1615be93e2b341468163a)
    #20 0x7587636ecdb3  (/lib/x86_64-linux-gnu/libstdc++.so.6+0xecdb3) (BuildId: ca77dae775ec87540acd7218fa990c40d1c94ab1)
    #21 0x758763a5ea41 in asan_thread_start ../../../../src/libsanitizer/asan/asan_interceptors.cpp:234
    #22 0x75876329caa3 in start_thread nptl/pthread_create.c:447

Indirect leak of 472 byte(s) in 1 object(s) allocated from:
    #0 0x758763afe548 in operator new(unsigned long) ../../../../src/libsanitizer/asan/asan_new_delete.cpp:95
    #1 0x5cb442de10d5 in std::__new_allocator<std::__detail::_Hash_node_base*>::allocate(unsigned long, void const*) /usr/include/c++/14/bits/new_allocator.h:151
    #2 0x5cb442e04f77 in std::allocator_traits<std::allocator<std::__detail::_Hash_node_base*> >::allocate(std::allocator<std::__detail::_Hash_node_base*>&, unsigned long) /usr/include/c++/14/bits/alloc_traits.h:478
    #3 0x5cb442e04f77 in std::__detail::_Hashtable_alloc<std::allocator<std::__detail::_Hash_node<std::pair<int const, bustub::LRUKNode>, false> > >::_M_allocate_buckets(unsigned long) /usr/include/c++/14/bits/hashtable_policy.h:2073
    #4 0x5cb442e04df5 in std::_Hashtable<int, std::pair<int const, bustub::LRUKNode>, std::allocator<std::pair<int const, bustub::LRUKNode> >, std::__detail::_Select1st, std::equal_to<int>, std::hash<int>, std::__detail::_Mod_range_hashing, std::__detail::_Default_ranged_hash, std::__detail::_Prime_rehash_policy, std::__detail::_Hashtable_traits<false, false, true> >::_M_allocate_buckets(unsigned long) /usr/include/c++/14/bits/hashtable.h:447
    #5 0x5cb442e043ee in std::_Hashtable<int, std::pair<int const, bustub::LRUKNode>, std::allocator<std::pair<int const, bustub::LRUKNode> >, std::__detail::_Select1st, std::equal_to<int>, std::hash<int>, std::__detail::_Mod_range_hashing, std::__detail::_Default_ranged_hash, std::__detail::_Prime_rehash_policy, std::__detail::_Hashtable_traits<false, false, true> >::_M_rehash(unsigned long, std::integral_constant<bool, true>) /usr/include/c++/14/bits/hashtable.h:2623
    #6 0x5cb442e03927 in std::_Hashtable<int, std::pair<int const, bustub::LRUKNode>, std::allocator<std::pair<int const, bustub::LRUKNode> >, std::__detail::_Select1st, std::equal_to<int>, std::hash<int>, std::__detail::_Mod_range_hashing, std::__detail::_Default_ranged_hash, std::__detail::_Prime_rehash_policy, std::__detail::_Hashtable_traits<false, false, true> >::_M_insert_unique_node(unsigned long, unsigned long, std::__detail::_Hash_node<std::pair<int const, bustub::LRUKNode>, false>*, unsigned long) /usr/include/c++/14/bits/hashtable.h:2237
    #7 0x5cb442e02ce5 in std::pair<std::__detail::_Node_iterator<std::pair<int const, bustub::LRUKNode>, false, false>, bool> std::_Hashtable<int, std::pair<int const, bustub::LRUKNode>, std::allocator<std::pair<int const, bustub::LRUKNode> >, std::__detail::_Select1st, std::equal_to<int>, std::hash<int>, std::__detail::_Mod_range_hashing, std::__detail::_Default_ranged_hash, std::__detail::_Prime_rehash_policy, std::__detail::_Hashtable_traits<false, false, true> >::_M_emplace<int&, bustub::LRUKNode&>(std::integral_constant<bool, true>, int&, bustub::LRUKNode&) /usr/include/c++/14/bits/hashtable.h:2162
    #8 0x5cb442e01f28 in std::pair<std::__detail::_Node_iterator<std::pair<int const, bustub::LRUKNode>, false, false>, bool> std::_Hashtable<int, std::pair<int const, bustub::LRUKNode>, std::allocator<std::pair<int const, bustub::LRUKNode> >, std::__detail::_Select1st, std::equal_to<int>, std::hash<int>, std::__detail::_Mod_range_hashing, std::__detail::_Default_ranged_hash, std::__detail::_Prime_rehash_policy, std::__detail::_Hashtable_traits<false, false, true> >::emplace<int&, bustub::LRUKNode&>(int&, bustub::LRUKNode&) /usr/include/c++/14/bits/hashtable.h:1001
    #9 0x5cb442e0115d in std::pair<std::__detail::_Node_iterator<std::pair<int const, bustub::LRUKNode>, false, false>, bool> std::unordered_map<int, bustub::LRUKNode, std::hash<int>, std::equal_to<int>, std::allocator<std::pair<int const, bustub::LRUKNode> > >::emplace<int&, bustub::LRUKNode&>(int&, bustub::LRUKNode&) /usr/include/c++/14/bits/unordered_map.h:396
    #10 0x5cb442dffbc3 in bustub::LRUKReplacer::RecordAccess(int, bustub::AccessType) /home/subham/GITHUB/bustub-private/src/buffer/lru_k_replacer.cpp:123
    #11 0x5cb442de3848 in bustub::BufferPoolManager::NewPage() /home/subham/GITHUB/bustub-private/src/buffer/buffer_pool_manager.cpp:178
    #12 0x5cb442e2e7a8 in bustub::TracedBufferPoolManager::NewPage() (/home/subham/GITHUB/bustub-private/build/test/b_plus_tree_concurrent_test+0x10d7a8) (BuildId: d3db16daeb8ed1b4d0c1615be93e2b341468163a)
    #13 0x5cb442e4ad5e in bustub::BPlusTree<bustub::GenericKey<8ul>, bustub::RID, bustub::GenericComparator<8ul>, 3l>::Insert(bustub::GenericKey<8ul> const&, bustub::RID const&) (/home/subham/GITHUB/bustub-private/build/test/b_plus_tree_concurrent_test+0x129d5e) (BuildId: d3db16daeb8ed1b4d0c1615be93e2b341468163a)
    #14 0x5cb442d92118 in void bustub::InsertHelper<3l>(bustub::BPlusTree<bustub::GenericKey<8ul>, bustub::RID, bustub::GenericComparator<8ul>, 3l>*, std::vector<long, std::allocator<long> > const&, unsigned long) (/home/subham/GITHUB/bustub-private/build/test/b_plus_tree_concurrent_test+0x71118) (BuildId: d3db16daeb8ed1b4d0c1615be93e2b341468163a)
    #15 0x5cb442daeb7d in void std::__invoke_impl<void, void (*)(bustub::BPlusTree<bustub::GenericKey<8ul>, bustub::RID, bustub::GenericComparator<8ul>, 3l>*, std::vector<long, std::allocator<long> > const&, unsigned long), bustub::BPlusTree<bustub::GenericKey<8ul>, bustub::RID, bustub::GenericComparator<8ul>, 3l>*, std::vector<long, std::allocator<long> >, unsigned long>(std::__invoke_other, void (*&&)(bustub::BPlusTree<bustub::GenericKey<8ul>, bustub::RID, bustub::GenericComparator<8ul>, 3l>*, std::vector<long, std::allocator<long> > const&, unsigned long), bustub::BPlusTree<bustub::GenericKey<8ul>, bustub::RID, bustub::GenericComparator<8ul>, 3l>*&&, std::vector<long, std::allocator<long> >&&, unsigned long&&) (/home/subham/GITHUB/bustub-private/build/test/b_plus_tree_concurrent_test+0x8db7d) (BuildId: d3db16daeb8ed1b4d0c1615be93e2b341468163a)
    #16 0x5cb442dae4e3 in std::__invoke_result<void (*)(bustub::BPlusTree<bustub::GenericKey<8ul>, bustub::RID, bustub::GenericComparator<8ul>, 3l>*, std::vector<long, std::allocator<long> > const&, unsigned long), bustub::BPlusTree<bustub::GenericKey<8ul>, bustub::RID, bustub::GenericComparator<8ul>, 3l>*, std::vector<long, std::allocator<long> >, unsigned long>::type std::__invoke<void (*)(bustub::BPlusTree<bustub::GenericKey<8ul>, bustub::RID, bustub::GenericComparator<8ul>, 3l>*, std::vector<long, std::allocator<long> > const&, unsigned long), bustub::BPlusTree<bustub::GenericKey<8ul>, bustub::RID, bustub::GenericComparator<8ul>, 3l>*, std::vector<long, std::allocator<long> >, unsigned long>(void (*&&)(bustub::BPlusTree<bustub::GenericKey<8ul>, bustub::RID, bustub::GenericComparator<8ul>, 3l>*, std::vector<long, std::allocator<long> > const&, unsigned long), bustub::BPlusTree<bustub::GenericKey<8ul>, bustub::RID, bustub::GenericComparator<8ul>, 3l>*&&, std::vector<long, std::allocator<long> >&&, unsigned long&&) (/home/subham/GITHUB/bustub-private/build/test/b_plus_tree_concurrent_test+0x8d4e3) (BuildId: d3db16daeb8ed1b4d0c1615be93e2b341468163a)
    #17 0x5cb442dadfd4 in void std::thread::_Invoker<std::tuple<void (*)(bustub::BPlusTree<bustub::GenericKey<8ul>, bustub::RID, bustub::GenericComparator<8ul>, 3l>*, std::vector<long, std::allocator<long> > const&, unsigned long), bustub::BPlusTree<bustub::GenericKey<8ul>, bustub::RID, bustub::GenericComparator<8ul>, 3l>*, std::vector<long, std::allocator<long> >, unsigned long> >::_M_invoke<0ul, 1ul, 2ul, 3ul>(std::_Index_tuple<0ul, 1ul, 2ul, 3ul>) (/home/subham/GITHUB/bustub-private/build/test/b_plus_tree_concurrent_test+0x8cfd4) (BuildId: d3db16daeb8ed1b4d0c1615be93e2b341468163a)
    #18 0x5cb442dadd8f in std::thread::_Invoker<std::tuple<void (*)(bustub::BPlusTree<bustub::GenericKey<8ul>, bustub::RID, bustub::GenericComparator<8ul>, 3l>*, std::vector<long, std::allocator<long> > const&, unsigned long), bustub::BPlusTree<bustub::GenericKey<8ul>, bustub::RID, bustub::GenericComparator<8ul>, 3l>*, std::vector<long, std::allocator<long> >, unsigned long> >::operator()() (/home/subham/GITHUB/bustub-private/build/test/b_plus_tree_concurrent_test+0x8cd8f) (BuildId: d3db16daeb8ed1b4d0c1615be93e2b341468163a)
    #19 0x5cb442dad89b in std::thread::_State_impl<std::thread::_Invoker<std::tuple<void (*)(bustub::BPlusTree<bustub::GenericKey<8ul>, bustub::RID, bustub::GenericComparator<8ul>, 3l>*, std::vector<long, std::allocator<long> > const&, unsigned long), bustub::BPlusTree<bustub::GenericKey<8ul>, bustub::RID, bustub::GenericComparator<8ul>, 3l>*, std::vector<long, std::allocator<long> >, unsigned long> > >::_M_run() (/home/subham/GITHUB/bustub-private/build/test/b_plus_tree_concurrent_test+0x8c89b) (BuildId: d3db16daeb8ed1b4d0c1615be93e2b341468163a)
    #20 0x7587636ecdb3  (/lib/x86_64-linux-gnu/libstdc++.so.6+0xecdb3) (BuildId: ca77dae775ec87540acd7218fa990c40d1c94ab1)
    #21 0x758763a5ea41 in asan_thread_start ../../../../src/libsanitizer/asan/asan_interceptors.cpp:234
    #22 0x75876329caa3 in start_thread nptl/pthread_create.c:447

Indirect leak of 432 byte(s) in 27 object(s) allocated from:
    #0 0x758763afe548 in operator new(unsigned long) ../../../../src/libsanitizer/asan/asan_new_delete.cpp:95
    #1 0x5cb442dfc82b in std::__new_allocator<std::__detail::_Hash_node<std::pair<int const, int>, false> >::allocate(unsigned long, void const*) (/home/subham/GITHUB/bustub-private/build/test/b_plus_tree_concurrent_test+0xdb82b) (BuildId: d3db16daeb8ed1b4d0c1615be93e2b341468163a)
    #2 0x5cb442dfb44a in std::__detail::_Hash_node<std::pair<int const, int>, false>* std::__detail::_Hashtable_alloc<std::allocator<std::__detail::_Hash_node<std::pair<int const, int>, false> > >::_M_allocate_node<std::pair<int const, int> >(std::pair<int const, int>&&) (/home/subham/GITHUB/bustub-private/build/test/b_plus_tree_concurrent_test+0xda44a) (BuildId: d3db16daeb8ed1b4d0c1615be93e2b341468163a)
    #3 0x5cb442df8d39 in std::_Hashtable<int, std::pair<int const, int>, std::allocator<std::pair<int const, int> >, std::__detail::_Select1st, std::equal_to<int>, std::hash<int>, std::__detail::_Mod_range_hashing, std::__detail::_Default_ranged_hash, std::__detail::_Prime_rehash_policy, std::__detail::_Hashtable_traits<false, false, true> >::_Scoped_node::_Scoped_node<std::pair<int const, int> >(std::__detail::_Hashtable_alloc<std::allocator<std::__detail::_Hash_node<std::pair<int const, int>, false> > >*, std::pair<int const, int>&&) (/home/subham/GITHUB/bustub-private/build/test/b_plus_tree_concurrent_test+0xd7d39) (BuildId: d3db16daeb8ed1b4d0c1615be93e2b341468163a)
    #4 0x5cb442df4b70 in std::pair<std::__detail::_Node_iterator<std::pair<int const, int>, false, false>, bool> std::_Hashtable<int, std::pair<int const, int>, std::allocator<std::pair<int const, int> >, std::__detail::_Select1st, std::equal_to<int>, std::hash<int>, std::__detail::_Mod_range_hashing, std::__detail::_Default_ranged_hash, std::__detail::_Prime_rehash_policy, std::__detail::_Hashtable_traits<false, false, true> >::_M_emplace<std::pair<int const, int> >(std::integral_constant<bool, true>, std::pair<int const, int>&&) (/home/subham/GITHUB/bustub-private/build/test/b_plus_tree_concurrent_test+0xd3b70) (BuildId: d3db16daeb8ed1b4d0c1615be93e2b341468163a)
    #5 0x5cb442defdeb in std::pair<std::__detail::_Node_iterator<std::pair<int const, int>, false, false>, bool> std::__detail::_Insert<int, std::pair<int const, int>, std::allocator<std::pair<int const, int> >, std::__detail::_Select1st, std::equal_to<int>, std::hash<int>, std::__detail::_Mod_range_hashing, std::__detail::_Default_ranged_hash, std::__detail::_Prime_rehash_policy, std::__detail::_Hashtable_traits<false, false, true>, false>::insert<std::pair<int const, int>, void>(std::pair<int const, int>&&) (/home/subham/GITHUB/bustub-private/build/test/b_plus_tree_concurrent_test+0xcedeb) (BuildId: d3db16daeb8ed1b4d0c1615be93e2b341468163a)
    #6 0x5cb442dec1c1 in std::unordered_map<int, int, std::hash<int>, std::equal_to<int>, std::allocator<std::pair<int const, int> > >::insert(std::pair<int const, int>&&) (/home/subham/GITHUB/bustub-private/build/test/b_plus_tree_concurrent_test+0xcb1c1) (BuildId: d3db16daeb8ed1b4d0c1615be93e2b341468163a)
    #7 0x5cb442de37d7 in bustub::BufferPoolManager::NewPage() /home/subham/GITHUB/bustub-private/src/buffer/buffer_pool_manager.cpp:176
    #8 0x5cb442e2e7a8 in bustub::TracedBufferPoolManager::NewPage() (/home/subham/GITHUB/bustub-private/build/test/b_plus_tree_concurrent_test+0x10d7a8) (BuildId: d3db16daeb8ed1b4d0c1615be93e2b341468163a)
    #9 0x5cb442e4ad5e in bustub::BPlusTree<bustub::GenericKey<8ul>, bustub::RID, bustub::GenericComparator<8ul>, 3l>::Insert(bustub::GenericKey<8ul> const&, bustub::RID const&) (/home/subham/GITHUB/bustub-private/build/test/b_plus_tree_concurrent_test+0x129d5e) (BuildId: d3db16daeb8ed1b4d0c1615be93e2b341468163a)
    #10 0x5cb442d92118 in void bustub::InsertHelper<3l>(bustub::BPlusTree<bustub::GenericKey<8ul>, bustub::RID, bustub::GenericComparator<8ul>, 3l>*, std::vector<long, std::allocator<long> > const&, unsigned long) (/home/subham/GITHUB/bustub-private/build/test/b_plus_tree_concurrent_test+0x71118) (BuildId: d3db16daeb8ed1b4d0c1615be93e2b341468163a)
    #11 0x5cb442daeb7d in void std::__invoke_impl<void, void (*)(bustub::BPlusTree<bustub::GenericKey<8ul>, bustub::RID, bustub::GenericComparator<8ul>, 3l>*, std::vector<long, std::allocator<long> > const&, unsigned long), bustub::BPlusTree<bustub::GenericKey<8ul>, bustub::RID, bustub::GenericComparator<8ul>, 3l>*, std::vector<long, std::allocator<long> >, unsigned long>(std::__invoke_other, void (*&&)(bustub::BPlusTree<bustub::GenericKey<8ul>, bustub::RID, bustub::GenericComparator<8ul>, 3l>*, std::vector<long, std::allocator<long> > const&, unsigned long), bustub::BPlusTree<bustub::GenericKey<8ul>, bustub::RID, bustub::GenericComparator<8ul>, 3l>*&&, std::vector<long, std::allocator<long> >&&, unsigned long&&) (/home/subham/GITHUB/bustub-private/build/test/b_plus_tree_concurrent_test+0x8db7d) (BuildId: d3db16daeb8ed1b4d0c1615be93e2b341468163a)
    #12 0x5cb442dae4e3 in std::__invoke_result<void (*)(bustub::BPlusTree<bustub::GenericKey<8ul>, bustub::RID, bustub::GenericComparator<8ul>, 3l>*, std::vector<long, std::allocator<long> > const&, unsigned long), bustub::BPlusTree<bustub::GenericKey<8ul>, bustub::RID, bustub::GenericComparator<8ul>, 3l>*, std::vector<long, std::allocator<long> >, unsigned long>::type std::__invoke<void (*)(bustub::BPlusTree<bustub::GenericKey<8ul>, bustub::RID, bustub::GenericComparator<8ul>, 3l>*, std::vector<long, std::allocator<long> > const&, unsigned long), bustub::BPlusTree<bustub::GenericKey<8ul>, bustub::RID, bustub::GenericComparator<8ul>, 3l>*, std::vector<long, std::allocator<long> >, unsigned long>(void (*&&)(bustub::BPlusTree<bustub::GenericKey<8ul>, bustub::RID, bustub::GenericComparator<8ul>, 3l>*, std::vector<long, std::allocator<long> > const&, unsigned long), bustub::BPlusTree<bustub::GenericKey<8ul>, bustub::RID, bustub::GenericComparator<8ul>, 3l>*&&, std::vector<long, std::allocator<long> >&&, unsigned long&&) (/home/subham/GITHUB/bustub-private/build/test/b_plus_tree_concurrent_test+0x8d4e3) (BuildId: d3db16daeb8ed1b4d0c1615be93e2b341468163a)
    #13 0x5cb442dadfd4 in void std::thread::_Invoker<std::tuple<void (*)(bustub::BPlusTree<bustub::GenericKey<8ul>, bustub::RID, bustub::GenericComparator<8ul>, 3l>*, std::vector<long, std::allocator<long> > const&, unsigned long), bustub::BPlusTree<bustub::GenericKey<8ul>, bustub::RID, bustub::GenericComparator<8ul>, 3l>*, std::vector<long, std::allocator<long> >, unsigned long> >::_M_invoke<0ul, 1ul, 2ul, 3ul>(std::_Index_tuple<0ul, 1ul, 2ul, 3ul>) (/home/subham/GITHUB/bustub-private/build/test/b_plus_tree_concurrent_test+0x8cfd4) (BuildId: d3db16daeb8ed1b4d0c1615be93e2b341468163a)
    #14 0x5cb442dadd8f in std::thread::_Invoker<std::tuple<void (*)(bustub::BPlusTree<bustub::GenericKey<8ul>, bustub::RID, bustub::GenericComparator<8ul>, 3l>*, std::vector<long, std::allocator<long> > const&, unsigned long), bustub::BPlusTree<bustub::GenericKey<8ul>, bustub::RID, bustub::GenericComparator<8ul>, 3l>*, std::vector<long, std::allocator<long> >, unsigned long> >::operator()() (/home/subham/GITHUB/bustub-private/build/test/b_plus_tree_concurrent_test+0x8cd8f) (BuildId: d3db16daeb8ed1b4d0c1615be93e2b341468163a)
    #15 0x5cb442dad89b in std::thread::_State_impl<std::thread::_Invoker<std::tuple<void (*)(bustub::BPlusTree<bustub::GenericKey<8ul>, bustub::RID, bustub::GenericComparator<8ul>, 3l>*, std::vector<long, std::allocator<long> > const&, unsigned long), bustub::BPlusTree<bustub::GenericKey<8ul>, bustub::RID, bustub::GenericComparator<8ul>, 3l>*, std::vector<long, std::allocator<long> >, unsigned long> > >::_M_run() (/home/subham/GITHUB/bustub-private/build/test/b_plus_tree_concurrent_test+0x8c89b) (BuildId: d3db16daeb8ed1b4d0c1615be93e2b341468163a)
    #16 0x7587636ecdb3  (/lib/x86_64-linux-gnu/libstdc++.so.6+0xecdb3) (BuildId: ca77dae775ec87540acd7218fa990c40d1c94ab1)
    #17 0x758763a5ea41 in asan_thread_start ../../../../src/libsanitizer/asan/asan_interceptors.cpp:234
    #18 0x75876329caa3 in start_thread nptl/pthread_create.c:447

Indirect leak of 424 byte(s) in 1 object(s) allocated from:
    #0 0x758763afe548 in operator new(unsigned long) ../../../../src/libsanitizer/asan/asan_new_delete.cpp:95
    #1 0x5cb442de10d5 in std::__new_allocator<std::__detail::_Hash_node_base*>::allocate(unsigned long, void const*) /usr/include/c++/14/bits/new_allocator.h:151
    #2 0x5cb442dfc173 in std::allocator_traits<std::allocator<std::__detail::_Hash_node_base*> >::allocate(std::allocator<std::__detail::_Hash_node_base*>&, unsigned long) /usr/include/c++/14/bits/alloc_traits.h:478
    #3 0x5cb442dfc173 in std::__detail::_Hashtable_alloc<std::allocator<std::__detail::_Hash_node<std::pair<int const, int>, false> > >::_M_allocate_buckets(unsigned long) /usr/include/c++/14/bits/hashtable_policy.h:2073
    #4 0x5cb442dfaadd in std::_Hashtable<int, std::pair<int const, int>, std::allocator<std::pair<int const, int> >, std::__detail::_Select1st, std::equal_to<int>, std::hash<int>, std::__detail::_Mod_range_hashing, std::__detail::_Default_ranged_hash, std::__detail::_Prime_rehash_policy, std::__detail::_Hashtable_traits<false, false, true> >::_M_allocate_buckets(unsigned long) /usr/include/c++/14/bits/hashtable.h:447
    #5 0x5cb442df6ef6 in std::_Hashtable<int, std::pair<int const, int>, std::allocator<std::pair<int const, int> >, std::__detail::_Select1st, std::equal_to<int>, std::hash<int>, std::__detail::_Mod_range_hashing, std::__detail::_Default_ranged_hash, std::__detail::_Prime_rehash_policy, std::__detail::_Hashtable_traits<false, false, true> >::_M_rehash(unsigned long, std::integral_constant<bool, true>) /usr/include/c++/14/bits/hashtable.h:2623
    #6 0x5cb442df3088 in std::_Hashtable<int, std::pair<int const, int>, std::allocator<std::pair<int const, int> >, std::__detail::_Select1st, std::equal_to<int>, std::hash<int>, std::__detail::_Mod_range_hashing, std::__detail::_Default_ranged_hash, std::__detail::_Prime_rehash_policy, std::__detail::_Hashtable_traits<false, false, true> >::rehash(unsigned long) (/home/subham/GITHUB/bustub-private/build/test/b_plus_tree_concurrent_test+0xd2088) (BuildId: d3db16daeb8ed1b4d0c1615be93e2b341468163a)
    #7 0x5cb442dee933 in std::__detail::_Rehash_base<int, std::pair<int const, int>, std::allocator<std::pair<int const, int> >, std::__detail::_Select1st, std::equal_to<int>, std::hash<int>, std::__detail::_Mod_range_hashing, std::__detail::_Default_ranged_hash, std::__detail::_Prime_rehash_policy, std::__detail::_Hashtable_traits<false, false, true>, std::integral_constant<bool, true> >::reserve(unsigned long) /usr/include/c++/14/bits/hashtable_policy.h:1224
    #8 0x5cb442deb5c6 in std::unordered_map<int, int, std::hash<int>, std::equal_to<int>, std::allocator<std::pair<int const, int> > >::reserve(unsigned long) (/home/subham/GITHUB/bustub-private/build/test/b_plus_tree_concurrent_test+0xca5c6) (BuildId: d3db16daeb8ed1b4d0c1615be93e2b341468163a)
    #9 0x5cb442de257e in bustub::BufferPoolManager::BufferPoolManager(unsigned long, bustub::DiskManager*, bustub::LogManager*) /home/subham/GITHUB/bustub-private/src/buffer/buffer_pool_manager.cpp:88
    #10 0x5cb442d7d860 in void bustub::InsertTest1Call<3l>() (/home/subham/GITHUB/bustub-private/build/test/b_plus_tree_concurrent_test+0x5c860) (BuildId: d3db16daeb8ed1b4d0c1615be93e2b341468163a)
    #11 0x5cb442d756b1 in bustub::BPlusTreeConcurrentTest_InsertTest1_Test::TestBody() /home/subham/GITHUB/bustub-private/test/storage/b_plus_tree_concurrent_test.cpp:460
    #12 0x5cb442ff5483 in void testing::internal::HandleSehExceptionsInMethodIfSupported<testing::Test, void>(testing::Test*, void (testing::Test::*)(), char const*) /home/subham/GITHUB/bustub-private/third_party/googletest/googletest/src/gtest.cc:2612
    #13 0x5cb442fe3d7b in void testing::internal::HandleExceptionsInMethodIfSupported<testing::Test, void>(testing::Test*, void (testing::Test::*)(), char const*) /home/subham/GITHUB/bustub-private/third_party/googletest/googletest/src/gtest.cc:2648
    #14 0x5cb442f926dc in testing::Test::Run() /home/subham/GITHUB/bustub-private/third_party/googletest/googletest/src/gtest.cc:2687
    #15 0x5cb442f93dd6 in testing::TestInfo::Run() /home/subham/GITHUB/bustub-private/third_party/googletest/googletest/src/gtest.cc:2836
    #16 0x5cb442f95129 in testing::TestSuite::Run() /home/subham/GITHUB/bustub-private/third_party/googletest/googletest/src/gtest.cc:3015
    #17 0x5cb442fb78bd in testing::internal::UnitTestImpl::RunAllTests() /home/subham/GITHUB/bustub-private/third_party/googletest/googletest/src/gtest.cc:5920
    #18 0x5cb442ff8c78 in bool testing::internal::HandleSehExceptionsInMethodIfSupported<testing::internal::UnitTestImpl, bool>(testing::internal::UnitTestImpl*, bool (testing::internal::UnitTestImpl::*)(), char const*) /home/subham/GITHUB/bustub-private/third_party/googletest/googletest/src/gtest.cc:2612
    #19 0x5cb442fe6dc8 in bool testing::internal::HandleExceptionsInMethodIfSupported<testing::internal::UnitTestImpl, bool>(testing::internal::UnitTestImpl*, bool (testing::internal::UnitTestImpl::*)(), char const*) /home/subham/GITHUB/bustub-private/third_party/googletest/googletest/src/gtest.cc:2648
    #20 0x5cb442fb4146 in testing::UnitTest::Run() /home/subham/GITHUB/bustub-private/third_party/googletest/googletest/src/gtest.cc:5484
    #21 0x5cb4430224e5 in RUN_ALL_TESTS() /home/subham/GITHUB/bustub-private/third_party/googletest/googletest/include/gtest/gtest.h:2317
    #22 0x5cb443022431 in main /home/subham/GITHUB/bustub-private/third_party/googletest/googlemock/src/gmock_main.cc:71
    #23 0x75876322a1c9 in __libc_start_call_main ../sysdeps/nptl/libc_start_call_main.h:58
    #24 0x75876322a28a in __libc_start_main_impl ../csu/libc-start.c:360
    #25 0x5cb442d74714 in _start (/home/subham/GITHUB/bustub-private/build/test/b_plus_tree_concurrent_test+0x53714) (BuildId: d3db16daeb8ed1b4d0c1615be93e2b341468163a)

Indirect leak of 256 byte(s) in 16 object(s) allocated from:
    #0 0x758763afe548 in operator new(unsigned long) ../../../../src/libsanitizer/asan/asan_new_delete.cpp:95
    #1 0x5cb442dfc82b in std::__new_allocator<std::__detail::_Hash_node<std::pair<int const, int>, false> >::allocate(unsigned long, void const*) (/home/subham/GITHUB/bustub-private/build/test/b_plus_tree_concurrent_test+0xdb82b) (BuildId: d3db16daeb8ed1b4d0c1615be93e2b341468163a)
    #2 0x5cb442dfb44a in std::__detail::_Hash_node<std::pair<int const, int>, false>* std::__detail::_Hashtable_alloc<std::allocator<std::__detail::_Hash_node<std::pair<int const, int>, false> > >::_M_allocate_node<std::pair<int const, int> >(std::pair<int const, int>&&) (/home/subham/GITHUB/bustub-private/build/test/b_plus_tree_concurrent_test+0xda44a) (BuildId: d3db16daeb8ed1b4d0c1615be93e2b341468163a)
    #3 0x5cb442df8d39 in std::_Hashtable<int, std::pair<int const, int>, std::allocator<std::pair<int const, int> >, std::__detail::_Select1st, std::equal_to<int>, std::hash<int>, std::__detail::_Mod_range_hashing, std::__detail::_Default_ranged_hash, std::__detail::_Prime_rehash_policy, std::__detail::_Hashtable_traits<false, false, true> >::_Scoped_node::_Scoped_node<std::pair<int const, int> >(std::__detail::_Hashtable_alloc<std::allocator<std::__detail::_Hash_node<std::pair<int const, int>, false> > >*, std::pair<int const, int>&&) (/home/subham/GITHUB/bustub-private/build/test/b_plus_tree_concurrent_test+0xd7d39) (BuildId: d3db16daeb8ed1b4d0c1615be93e2b341468163a)
    #4 0x5cb442df4b70 in std::pair<std::__detail::_Node_iterator<std::pair<int const, int>, false, false>, bool> std::_Hashtable<int, std::pair<int const, int>, std::allocator<std::pair<int const, int> >, std::__detail::_Select1st, std::equal_to<int>, std::hash<int>, std::__detail::_Mod_range_hashing, std::__detail::_Default_ranged_hash, std::__detail::_Prime_rehash_policy, std::__detail::_Hashtable_traits<false, false, true> >::_M_emplace<std::pair<int const, int> >(std::integral_constant<bool, true>, std::pair<int const, int>&&) (/home/subham/GITHUB/bustub-private/build/test/b_plus_tree_concurrent_test+0xd3b70) (BuildId: d3db16daeb8ed1b4d0c1615be93e2b341468163a)
    #5 0x5cb442defdeb in std::pair<std::__detail::_Node_iterator<std::pair<int const, int>, false, false>, bool> std::__detail::_Insert<int, std::pair<int const, int>, std::allocator<std::pair<int const, int> >, std::__detail::_Select1st, std::equal_to<int>, std::hash<int>, std::__detail::_Mod_range_hashing, std::__detail::_Default_ranged_hash, std::__detail::_Prime_rehash_policy, std::__detail::_Hashtable_traits<false, false, true>, false>::insert<std::pair<int const, int>, void>(std::pair<int const, int>&&) (/home/subham/GITHUB/bustub-private/build/test/b_plus_tree_concurrent_test+0xcedeb) (BuildId: d3db16daeb8ed1b4d0c1615be93e2b341468163a)
    #6 0x5cb442dec1c1 in std::unordered_map<int, int, std::hash<int>, std::equal_to<int>, std::allocator<std::pair<int const, int> > >::insert(std::pair<int const, int>&&) (/home/subham/GITHUB/bustub-private/build/test/b_plus_tree_concurrent_test+0xcb1c1) (BuildId: d3db16daeb8ed1b4d0c1615be93e2b341468163a)
    #7 0x5cb442de37d7 in bustub::BufferPoolManager::NewPage() /home/subham/GITHUB/bustub-private/src/buffer/buffer_pool_manager.cpp:176
    #8 0x5cb442e2e7a8 in bustub::TracedBufferPoolManager::NewPage() (/home/subham/GITHUB/bustub-private/build/test/b_plus_tree_concurrent_test+0x10d7a8) (BuildId: d3db16daeb8ed1b4d0c1615be93e2b341468163a)
    #9 0x5cb442e4fab8 in bustub::BPlusTree<bustub::GenericKey<8ul>, bustub::RID, bustub::GenericComparator<8ul>, 3l>::SplitInternalPage(bustub::GenericKey<8ul> const&, int const&, bustub::Context&) (/home/subham/GITHUB/bustub-private/build/test/b_plus_tree_concurrent_test+0x12eab8) (BuildId: d3db16daeb8ed1b4d0c1615be93e2b341468163a)
    #10 0x5cb442e4b068 in bustub::BPlusTree<bustub::GenericKey<8ul>, bustub::RID, bustub::GenericComparator<8ul>, 3l>::Insert(bustub::GenericKey<8ul> const&, bustub::RID const&) (/home/subham/GITHUB/bustub-private/build/test/b_plus_tree_concurrent_test+0x12a068) (BuildId: d3db16daeb8ed1b4d0c1615be93e2b341468163a)
    #11 0x5cb442d92118 in void bustub::InsertHelper<3l>(bustub::BPlusTree<bustub::GenericKey<8ul>, bustub::RID, bustub::GenericComparator<8ul>, 3l>*, std::vector<long, std::allocator<long> > const&, unsigned long) (/home/subham/GITHUB/bustub-private/build/test/b_plus_tree_concurrent_test+0x71118) (BuildId: d3db16daeb8ed1b4d0c1615be93e2b341468163a)
    #12 0x5cb442daeb7d in void std::__invoke_impl<void, void (*)(bustub::BPlusTree<bustub::GenericKey<8ul>, bustub::RID, bustub::GenericComparator<8ul>, 3l>*, std::vector<long, std::allocator<long> > const&, unsigned long), bustub::BPlusTree<bustub::GenericKey<8ul>, bustub::RID, bustub::GenericComparator<8ul>, 3l>*, std::vector<long, std::allocator<long> >, unsigned long>(std::__invoke_other, void (*&&)(bustub::BPlusTree<bustub::GenericKey<8ul>, bustub::RID, bustub::GenericComparator<8ul>, 3l>*, std::vector<long, std::allocator<long> > const&, unsigned long), bustub::BPlusTree<bustub::GenericKey<8ul>, bustub::RID, bustub::GenericComparator<8ul>, 3l>*&&, std::vector<long, std::allocator<long> >&&, unsigned long&&) (/home/subham/GITHUB/bustub-private/build/test/b_plus_tree_concurrent_test+0x8db7d) (BuildId: d3db16daeb8ed1b4d0c1615be93e2b341468163a)
    #13 0x5cb442dae4e3 in std::__invoke_result<void (*)(bustub::BPlusTree<bustub::GenericKey<8ul>, bustub::RID, bustub::GenericComparator<8ul>, 3l>*, std::vector<long, std::allocator<long> > const&, unsigned long), bustub::BPlusTree<bustub::GenericKey<8ul>, bustub::RID, bustub::GenericComparator<8ul>, 3l>*, std::vector<long, std::allocator<long> >, unsigned long>::type std::__invoke<void (*)(bustub::BPlusTree<bustub::GenericKey<8ul>, bustub::RID, bustub::GenericComparator<8ul>, 3l>*, std::vector<long, std::allocator<long> > const&, unsigned long), bustub::BPlusTree<bustub::GenericKey<8ul>, bustub::RID, bustub::GenericComparator<8ul>, 3l>*, std::vector<long, std::allocator<long> >, unsigned long>(void (*&&)(bustub::BPlusTree<bustub::GenericKey<8ul>, bustub::RID, bustub::GenericComparator<8ul>, 3l>*, std::vector<long, std::allocator<long> > const&, unsigned long), bustub::BPlusTree<bustub::GenericKey<8ul>, bustub::RID, bustub::GenericComparator<8ul>, 3l>*&&, std::vector<long, std::allocator<long> >&&, unsigned long&&) (/home/subham/GITHUB/bustub-private/build/test/b_plus_tree_concurrent_test+0x8d4e3) (BuildId: d3db16daeb8ed1b4d0c1615be93e2b341468163a)
    #14 0x5cb442dadfd4 in void std::thread::_Invoker<std::tuple<void (*)(bustub::BPlusTree<bustub::GenericKey<8ul>, bustub::RID, bustub::GenericComparator<8ul>, 3l>*, std::vector<long, std::allocator<long> > const&, unsigned long), bustub::BPlusTree<bustub::GenericKey<8ul>, bustub::RID, bustub::GenericComparator<8ul>, 3l>*, std::vector<long, std::allocator<long> >, unsigned long> >::_M_invoke<0ul, 1ul, 2ul, 3ul>(std::_Index_tuple<0ul, 1ul, 2ul, 3ul>) (/home/subham/GITHUB/bustub-private/build/test/b_plus_tree_concurrent_test+0x8cfd4) (BuildId: d3db16daeb8ed1b4d0c1615be93e2b341468163a)
    #15 0x5cb442dadd8f in std::thread::_Invoker<std::tuple<void (*)(bustub::BPlusTree<bustub::GenericKey<8ul>, bustub::RID, bustub::GenericComparator<8ul>, 3l>*, std::vector<long, std::allocator<long> > const&, unsigned long), bustub::BPlusTree<bustub::GenericKey<8ul>, bustub::RID, bustub::GenericComparator<8ul>, 3l>*, std::vector<long, std::allocator<long> >, unsigned long> >::operator()() (/home/subham/GITHUB/bustub-private/build/test/b_plus_tree_concurrent_test+0x8cd8f) (BuildId: d3db16daeb8ed1b4d0c1615be93e2b341468163a)
    #16 0x5cb442dad89b in std::thread::_State_impl<std::thread::_Invoker<std::tuple<void (*)(bustub::BPlusTree<bustub::GenericKey<8ul>, bustub::RID, bustub::GenericComparator<8ul>, 3l>*, std::vector<long, std::allocator<long> > const&, unsigned long), bustub::BPlusTree<bustub::GenericKey<8ul>, bustub::RID, bustub::GenericComparator<8ul>, 3l>*, std::vector<long, std::allocator<long> >, unsigned long> > >::_M_run() (/home/subham/GITHUB/bustub-private/build/test/b_plus_tree_concurrent_test+0x8c89b) (BuildId: d3db16daeb8ed1b4d0c1615be93e2b341468163a)
    #17 0x7587636ecdb3  (/lib/x86_64-linux-gnu/libstdc++.so.6+0xecdb3) (BuildId: ca77dae775ec87540acd7218fa990c40d1c94ab1)
    #18 0x758763a5ea41 in asan_thread_start ../../../../src/libsanitizer/asan/asan_interceptors.cpp:234
    #19 0x75876329caa3 in start_thread nptl/pthread_create.c:447

Indirect leak of 224 byte(s) in 4 object(s) allocated from:
    #0 0x758763afe548 in operator new(unsigned long) ../../../../src/libsanitizer/asan/asan_new_delete.cpp:95
    #1 0x5cb442e04e87 in std::__new_allocator<std::__detail::_Hash_node<std::pair<int const, bustub::LRUKNode>, false> >::allocate(unsigned long, void const*) /usr/include/c++/14/bits/new_allocator.h:151
    #2 0x5cb442e041f9 in std::allocator_traits<std::allocator<std::__detail::_Hash_node<std::pair<int const, bustub::LRUKNode>, false> > >::allocate(std::allocator<std::__detail::_Hash_node<std::pair<int const, bustub::LRUKNode>, false> >&, unsigned long) /usr/include/c++/14/bits/alloc_traits.h:478
    #3 0x5cb442e041f9 in std::__detail::_Hash_node<std::pair<int const, bustub::LRUKNode>, false>* std::__detail::_Hashtable_alloc<std::allocator<std::__detail::_Hash_node<std::pair<int const, bustub::LRUKNode>, false> > >::_M_allocate_node<int&, bustub::LRUKNode&>(int&, bustub::LRUKNode&) /usr/include/c++/14/bits/hashtable_policy.h:2019
    #4 0x5cb442e035c5 in std::_Hashtable<int, std::pair<int const, bustub::LRUKNode>, std::allocator<std::pair<int const, bustub::LRUKNode> >, std::__detail::_Select1st, std::equal_to<int>, std::hash<int>, std::__detail::_Mod_range_hashing, std::__detail::_Default_ranged_hash, std::__detail::_Prime_rehash_policy, std::__detail::_Hashtable_traits<false, false, true> >::_Scoped_node::_Scoped_node<int&, bustub::LRUKNode&>(std::__detail::_Hashtable_alloc<std::allocator<std::__detail::_Hash_node<std::pair<int const, bustub::LRUKNode>, false> > >*, int&, bustub::LRUKNode&) /usr/include/c++/14/bits/hashtable.h:312
    #5 0x5cb442e02882 in std::pair<std::__detail::_Node_iterator<std::pair<int const, bustub::LRUKNode>, false, false>, bool> std::_Hashtable<int, std::pair<int const, bustub::LRUKNode>, std::allocator<std::pair<int const, bustub::LRUKNode> >, std::__detail::_Select1st, std::equal_to<int>, std::hash<int>, std::__detail::_Mod_range_hashing, std::__detail::_Default_ranged_hash, std::__detail::_Prime_rehash_policy, std::__detail::_Hashtable_traits<false, false, true> >::_M_emplace<int&, bustub::LRUKNode&>(std::integral_constant<bool, true>, int&, bustub::LRUKNode&) /usr/include/c++/14/bits/hashtable.h:2143
    #6 0x5cb442e01f28 in std::pair<std::__detail::_Node_iterator<std::pair<int const, bustub::LRUKNode>, false, false>, bool> std::_Hashtable<int, std::pair<int const, bustub::LRUKNode>, std::allocator<std::pair<int const, bustub::LRUKNode> >, std::__detail::_Select1st, std::equal_to<int>, std::hash<int>, std::__detail::_Mod_range_hashing, std::__detail::_Default_ranged_hash, std::__detail::_Prime_rehash_policy, std::__detail::_Hashtable_traits<false, false, true> >::emplace<int&, bustub::LRUKNode&>(int&, bustub::LRUKNode&) /usr/include/c++/14/bits/hashtable.h:1001
    #7 0x5cb442e0115d in std::pair<std::__detail::_Node_iterator<std::pair<int const, bustub::LRUKNode>, false, false>, bool> std::unordered_map<int, bustub::LRUKNode, std::hash<int>, std::equal_to<int>, std::allocator<std::pair<int const, bustub::LRUKNode> > >::emplace<int&, bustub::LRUKNode&>(int&, bustub::LRUKNode&) /usr/include/c++/14/bits/unordered_map.h:396
    #8 0x5cb442dffbc3 in bustub::LRUKReplacer::RecordAccess(int, bustub::AccessType) /home/subham/GITHUB/bustub-private/src/buffer/lru_k_replacer.cpp:123
    #9 0x5cb442de4df2 in bustub::BufferPoolManager::FetchPage(int, bustub::AccessType) /home/subham/GITHUB/bustub-private/src/buffer/buffer_pool_manager.cpp:315
    #10 0x5cb442de57b5 in bustub::BufferPoolManager::CheckedReadPage(int, bustub::AccessType) /home/subham/GITHUB/bustub-private/src/buffer/buffer_pool_manager.cpp:402
    #11 0x5cb442de5f4f in bustub::BufferPoolManager::ReadPage(int, bustub::AccessType) /home/subham/GITHUB/bustub-private/src/buffer/buffer_pool_manager.cpp:452
    #12 0x5cb442e2e748 in bustub::TracedBufferPoolManager::ReadPage(int, bustub::AccessType) /home/subham/GITHUB/bustub-private/src/include/buffer/traced_buffer_pool_manager.h:24
    #13 0x5cb442ea855c in bustub::BPlusTree<bustub::GenericKey<8ul>, bustub::RID, bustub::GenericComparator<8ul>, 3l>::GetValue(bustub::GenericKey<8ul> const&, std::vector<bustub::RID, std::allocator<bustub::RID> >*)::{lambda()#1}::operator()() const (/home/subham/GITHUB/bustub-private/build/test/b_plus_tree_concurrent_test+0x18755c) (BuildId: d3db16daeb8ed1b4d0c1615be93e2b341468163a)
    #14 0x5cb442e4d18a in bustub::BPlusTree<bustub::GenericKey<8ul>, bustub::RID, bustub::GenericComparator<8ul>, 3l>::GetValue(bustub::GenericKey<8ul> const&, std::vector<bustub::RID, std::allocator<bustub::RID> >*) (/home/subham/GITHUB/bustub-private/build/test/b_plus_tree_concurrent_test+0x12c18a) (BuildId: d3db16daeb8ed1b4d0c1615be93e2b341468163a)
    #15 0x5cb442d7dc86 in void bustub::InsertTest1Call<3l>() (/home/subham/GITHUB/bustub-private/build/test/b_plus_tree_concurrent_test+0x5cc86) (BuildId: d3db16daeb8ed1b4d0c1615be93e2b341468163a)
    #16 0x5cb442d756b1 in bustub::BPlusTreeConcurrentTest_InsertTest1_Test::TestBody() /home/subham/GITHUB/bustub-private/test/storage/b_plus_tree_concurrent_test.cpp:460
    #17 0x5cb442ff5483 in void testing::internal::HandleSehExceptionsInMethodIfSupported<testing::Test, void>(testing::Test*, void (testing::Test::*)(), char const*) /home/subham/GITHUB/bustub-private/third_party/googletest/googletest/src/gtest.cc:2612
    #18 0x5cb442fe3d7b in void testing::internal::HandleExceptionsInMethodIfSupported<testing::Test, void>(testing::Test*, void (testing::Test::*)(), char const*) /home/subham/GITHUB/bustub-private/third_party/googletest/googletest/src/gtest.cc:2648
    #19 0x5cb442f926dc in testing::Test::Run() /home/subham/GITHUB/bustub-private/third_party/googletest/googletest/src/gtest.cc:2687
    #20 0x5cb442f93dd6 in testing::TestInfo::Run() /home/subham/GITHUB/bustub-private/third_party/googletest/googletest/src/gtest.cc:2836
    #21 0x5cb442f95129 in testing::TestSuite::Run() /home/subham/GITHUB/bustub-private/third_party/googletest/googletest/src/gtest.cc:3015
    #22 0x5cb442fb78bd in testing::internal::UnitTestImpl::RunAllTests() /home/subham/GITHUB/bustub-private/third_party/googletest/googletest/src/gtest.cc:5920
    #23 0x5cb442ff8c78 in bool testing::internal::HandleSehExceptionsInMethodIfSupported<testing::internal::UnitTestImpl, bool>(testing::internal::UnitTestImpl*, bool (testing::internal::UnitTestImpl::*)(), char const*) /home/subham/GITHUB/bustub-private/third_party/googletest/googletest/src/gtest.cc:2612
    #24 0x5cb442fe6dc8 in bool testing::internal::HandleExceptionsInMethodIfSupported<testing::internal::UnitTestImpl, bool>(testing::internal::UnitTestImpl*, bool (testing::internal::UnitTestImpl::*)(), char const*) /home/subham/GITHUB/bustub-private/third_party/googletest/googletest/src/gtest.cc:2648
    #25 0x5cb442fb4146 in testing::UnitTest::Run() /home/subham/GITHUB/bustub-private/third_party/googletest/googletest/src/gtest.cc:5484
    #26 0x5cb4430224e5 in RUN_ALL_TESTS() /home/subham/GITHUB/bustub-private/third_party/googletest/googletest/include/gtest/gtest.h:2317
    #27 0x5cb443022431 in main /home/subham/GITHUB/bustub-private/third_party/googletest/googlemock/src/gmock_main.cc:71
    #28 0x75876322a1c9 in __libc_start_call_main ../sysdeps/nptl/libc_start_call_main.h:58
    #29 0x75876322a28a in __libc_start_main_impl ../csu/libc-start.c:360
    #30 0x5cb442d74714 in _start (/home/subham/GITHUB/bustub-private/build/test/b_plus_tree_concurrent_test+0x53714) (BuildId: d3db16daeb8ed1b4d0c1615be93e2b341468163a)

Indirect leak of 176 byte(s) in 1 object(s) allocated from:
    #0 0x758763afe548 in operator new(unsigned long) ../../../../src/libsanitizer/asan/asan_new_delete.cpp:95
    #1 0x5cb442d7d83a in void bustub::InsertTest1Call<3l>() (/home/subham/GITHUB/bustub-private/build/test/b_plus_tree_concurrent_test+0x5c83a) (BuildId: d3db16daeb8ed1b4d0c1615be93e2b341468163a)
    #2 0x5cb442d756b1 in bustub::BPlusTreeConcurrentTest_InsertTest1_Test::TestBody() /home/subham/GITHUB/bustub-private/test/storage/b_plus_tree_concurrent_test.cpp:460
    #3 0x5cb442ff5483 in void testing::internal::HandleSehExceptionsInMethodIfSupported<testing::Test, void>(testing::Test*, void (testing::Test::*)(), char const*) /home/subham/GITHUB/bustub-private/third_party/googletest/googletest/src/gtest.cc:2612
    #4 0x5cb442fe3d7b in void testing::internal::HandleExceptionsInMethodIfSupported<testing::Test, void>(testing::Test*, void (testing::Test::*)(), char const*) /home/subham/GITHUB/bustub-private/third_party/googletest/googletest/src/gtest.cc:2648
    #5 0x5cb442f926dc in testing::Test::Run() /home/subham/GITHUB/bustub-private/third_party/googletest/googletest/src/gtest.cc:2687
    #6 0x5cb442f93dd6 in testing::TestInfo::Run() /home/subham/GITHUB/bustub-private/third_party/googletest/googletest/src/gtest.cc:2836
    #7 0x5cb442f95129 in testing::TestSuite::Run() /home/subham/GITHUB/bustub-private/third_party/googletest/googletest/src/gtest.cc:3015
    #8 0x5cb442fb78bd in testing::internal::UnitTestImpl::RunAllTests() /home/subham/GITHUB/bustub-private/third_party/googletest/googletest/src/gtest.cc:5920
    #9 0x5cb442ff8c78 in bool testing::internal::HandleSehExceptionsInMethodIfSupported<testing::internal::UnitTestImpl, bool>(testing::internal::UnitTestImpl*, bool (testing::internal::UnitTestImpl::*)(), char const*) /home/subham/GITHUB/bustub-private/third_party/googletest/googletest/src/gtest.cc:2612
    #10 0x5cb442fe6dc8 in bool testing::internal::HandleExceptionsInMethodIfSupported<testing::internal::UnitTestImpl, bool>(testing::internal::UnitTestImpl*, bool (testing::internal::UnitTestImpl::*)(), char const*) /home/subham/GITHUB/bustub-private/third_party/googletest/googletest/src/gtest.cc:2648
    #11 0x5cb442fb4146 in testing::UnitTest::Run() /home/subham/GITHUB/bustub-private/third_party/googletest/googletest/src/gtest.cc:5484
    #12 0x5cb4430224e5 in RUN_ALL_TESTS() /home/subham/GITHUB/bustub-private/third_party/googletest/googletest/include/gtest/gtest.h:2317
    #13 0x5cb443022431 in main /home/subham/GITHUB/bustub-private/third_party/googletest/googlemock/src/gmock_main.cc:71
    #14 0x75876322a1c9 in __libc_start_call_main ../sysdeps/nptl/libc_start_call_main.h:58
    #15 0x75876322a28a in __libc_start_main_impl ../csu/libc-start.c:360
    #16 0x5cb442d74714 in _start (/home/subham/GITHUB/bustub-private/build/test/b_plus_tree_concurrent_test+0x53714) (BuildId: d3db16daeb8ed1b4d0c1615be93e2b341468163a)

Indirect leak of 144 byte(s) in 1 object(s) allocated from:
    #0 0x758763afe548 in operator new(unsigned long) ../../../../src/libsanitizer/asan/asan_new_delete.cpp:95
    #1 0x5cb442dfcc35 in std::__new_allocator<std::_Sp_counted_ptr_inplace<bustub::LRUKReplacer, std::allocator<void>, (__gnu_cxx::_Lock_policy)2> >::allocate(unsigned long, void const*) (/home/subham/GITHUB/bustub-private/build/test/b_plus_tree_concurrent_test+0xdbc35) (BuildId: d3db16daeb8ed1b4d0c1615be93e2b341468163a)
    #2 0x5cb442dfa18f in std::__allocated_ptr<std::allocator<std::_Sp_counted_ptr_inplace<bustub::LRUKReplacer, std::allocator<void>, (__gnu_cxx::_Lock_policy)2> > > std::__allocate_guarded<std::allocator<std::_Sp_counted_ptr_inplace<bustub::LRUKReplacer, std::allocator<void>, (__gnu_cxx::_Lock_policy)2> > >(std::allocator<std::_Sp_counted_ptr_inplace<bustub::LRUKReplacer, std::allocator<void>, (__gnu_cxx::_Lock_policy)2> >&) (/home/subham/GITHUB/bustub-private/build/test/b_plus_tree_concurrent_test+0xd918f) (BuildId: d3db16daeb8ed1b4d0c1615be93e2b341468163a)
    #3 0x5cb442df664c in std::__shared_count<(__gnu_cxx::_Lock_policy)2>::__shared_count<bustub::LRUKReplacer, std::allocator<void>, unsigned long&, int>(bustub::LRUKReplacer*&, std::_Sp_alloc_shared_tag<std::allocator<void> >, unsigned long&, int&&) (/home/subham/GITHUB/bustub-private/build/test/b_plus_tree_concurrent_test+0xd564c) (BuildId: d3db16daeb8ed1b4d0c1615be93e2b341468163a)
    #4 0x5cb442df284a in std::__shared_ptr<bustub::LRUKReplacer, (__gnu_cxx::_Lock_policy)2>::__shared_ptr<std::allocator<void>, unsigned long&, int>(std::_Sp_alloc_shared_tag<std::allocator<void> >, unsigned long&, int&&) (/home/subham/GITHUB/bustub-private/build/test/b_plus_tree_concurrent_test+0xd184a) (BuildId: d3db16daeb8ed1b4d0c1615be93e2b341468163a)
    #5 0x5cb442dee233 in std::shared_ptr<bustub::LRUKReplacer>::shared_ptr<std::allocator<void>, unsigned long&, int>(std::_Sp_alloc_shared_tag<std::allocator<void> >, unsigned long&, int&&) /usr/include/c++/14/bits/shared_ptr.h:463
    #6 0x5cb442deaf26 in std::shared_ptr<std::enable_if<!std::is_array<bustub::LRUKReplacer>::value, bustub::LRUKReplacer>::type> std::make_shared<bustub::LRUKReplacer, unsigned long&, int>(unsigned long&, int&&) (/home/subham/GITHUB/bustub-private/build/test/b_plus_tree_concurrent_test+0xc9f26) (BuildId: d3db16daeb8ed1b4d0c1615be93e2b341468163a)
    #7 0x5cb442de2379 in bustub::BufferPoolManager::BufferPoolManager(unsigned long, bustub::DiskManager*, bustub::LogManager*) /home/subham/GITHUB/bustub-private/src/buffer/buffer_pool_manager.cpp:75
    #8 0x5cb442d7d860 in void bustub::InsertTest1Call<3l>() (/home/subham/GITHUB/bustub-private/build/test/b_plus_tree_concurrent_test+0x5c860) (BuildId: d3db16daeb8ed1b4d0c1615be93e2b341468163a)
    #9 0x5cb442d756b1 in bustub::BPlusTreeConcurrentTest_InsertTest1_Test::TestBody() /home/subham/GITHUB/bustub-private/test/storage/b_plus_tree_concurrent_test.cpp:460
    #10 0x5cb442ff5483 in void testing::internal::HandleSehExceptionsInMethodIfSupported<testing::Test, void>(testing::Test*, void (testing::Test::*)(), char const*) /home/subham/GITHUB/bustub-private/third_party/googletest/googletest/src/gtest.cc:2612
    #11 0x5cb442fe3d7b in void testing::internal::HandleExceptionsInMethodIfSupported<testing::Test, void>(testing::Test*, void (testing::Test::*)(), char const*) /home/subham/GITHUB/bustub-private/third_party/googletest/googletest/src/gtest.cc:2648
    #12 0x5cb442f926dc in testing::Test::Run() /home/subham/GITHUB/bustub-private/third_party/googletest/googletest/src/gtest.cc:2687
    #13 0x5cb442f93dd6 in testing::TestInfo::Run() /home/subham/GITHUB/bustub-private/third_party/googletest/googletest/src/gtest.cc:2836
    #14 0x5cb442f95129 in testing::TestSuite::Run() /home/subham/GITHUB/bustub-private/third_party/googletest/googletest/src/gtest.cc:3015
    #15 0x5cb442fb78bd in testing::internal::UnitTestImpl::RunAllTests() /home/subham/GITHUB/bustub-private/third_party/googletest/googletest/src/gtest.cc:5920
    #16 0x5cb442ff8c78 in bool testing::internal::HandleSehExceptionsInMethodIfSupported<testing::internal::UnitTestImpl, bool>(testing::internal::UnitTestImpl*, bool (testing::internal::UnitTestImpl::*)(), char const*) /home/subham/GITHUB/bustub-private/third_party/googletest/googletest/src/gtest.cc:2612
    #17 0x5cb442fe6dc8 in bool testing::internal::HandleExceptionsInMethodIfSupported<testing::internal::UnitTestImpl, bool>(testing::internal::UnitTestImpl*, bool (testing::internal::UnitTestImpl::*)(), char const*) /home/subham/GITHUB/bustub-private/third_party/googletest/googletest/src/gtest.cc:2648
    #18 0x5cb442fb4146 in testing::UnitTest::Run() /home/subham/GITHUB/bustub-private/third_party/googletest/googletest/src/gtest.cc:5484
    #19 0x5cb4430224e5 in RUN_ALL_TESTS() /home/subham/GITHUB/bustub-private/third_party/googletest/googletest/include/gtest/gtest.h:2317
    #20 0x5cb443022431 in main /home/subham/GITHUB/bustub-private/third_party/googletest/googlemock/src/gmock_main.cc:71
    #21 0x75876322a1c9 in __libc_start_call_main ../sysdeps/nptl/libc_start_call_main.h:58
    #22 0x75876322a28a in __libc_start_main_impl ../csu/libc-start.c:360
    #23 0x5cb442d74714 in _start (/home/subham/GITHUB/bustub-private/build/test/b_plus_tree_concurrent_test+0x53714) (BuildId: d3db16daeb8ed1b4d0c1615be93e2b341468163a)

Indirect leak of 64 byte(s) in 4 object(s) allocated from:
    #0 0x758763afe548 in operator new(unsigned long) ../../../../src/libsanitizer/asan/asan_new_delete.cpp:95
    #1 0x5cb442dfc82b in std::__new_allocator<std::__detail::_Hash_node<std::pair<int const, int>, false> >::allocate(unsigned long, void const*) (/home/subham/GITHUB/bustub-private/build/test/b_plus_tree_concurrent_test+0xdb82b) (BuildId: d3db16daeb8ed1b4d0c1615be93e2b341468163a)
    #2 0x5cb442df9346 in std::allocator_traits<std::allocator<std::__detail::_Hash_node<std::pair<int const, int>, false> > >::allocate(std::allocator<std::__detail::_Hash_node<std::pair<int const, int>, false> >&, unsigned long) /usr/include/c++/14/bits/alloc_traits.h:478
    #3 0x5cb442df9346 in std::__detail::_Hash_node<std::pair<int const, int>, false>* std::__detail::_Hashtable_alloc<std::allocator<std::__detail::_Hash_node<std::pair<int const, int>, false> > >::_M_allocate_node<std::piecewise_construct_t const&, std::tuple<int const&>, std::tuple<> >(std::piecewise_construct_t const&, std::tuple<int const&>&&, std::tuple<>&&) /usr/include/c++/14/bits/hashtable_policy.h:2019
    #4 0x5cb442df5845 in std::_Hashtable<int, std::pair<int const, int>, std::allocator<std::pair<int const, int> >, std::__detail::_Select1st, std::equal_to<int>, std::hash<int>, std::__detail::_Mod_range_hashing, std::__detail::_Default_ranged_hash, std::__detail::_Prime_rehash_policy, std::__detail::_Hashtable_traits<false, false, true> >::_Scoped_node::_Scoped_node<std::piecewise_construct_t const&, std::tuple<int const&>, std::tuple<> >(std::__detail::_Hashtable_alloc<std::allocator<std::__detail::_Hash_node<std::pair<int const, int>, false> > >*, std::piecewise_construct_t const&, std::tuple<int const&>&&, std::tuple<>&&) (/home/subham/GITHUB/bustub-private/build/test/b_plus_tree_concurrent_test+0xd4845) (BuildId: d3db16daeb8ed1b4d0c1615be93e2b341468163a)
    #5 0x5cb442df05ae in std::__detail::_Map_base<int, std::pair<int const, int>, std::allocator<std::pair<int const, int> >, std::__detail::_Select1st, std::equal_to<int>, std::hash<int>, std::__detail::_Mod_range_hashing, std::__detail::_Default_ranged_hash, std::__detail::_Prime_rehash_policy, std::__detail::_Hashtable_traits<false, false, true>, true>::operator[](int const&) (/home/subham/GITHUB/bustub-private/build/test/b_plus_tree_concurrent_test+0xcf5ae) (BuildId: d3db16daeb8ed1b4d0c1615be93e2b341468163a)
    #6 0x5cb442dec4ec in std::unordered_map<int, int, std::hash<int>, std::equal_to<int>, std::allocator<std::pair<int const, int> > >::operator[](int const&) (/home/subham/GITHUB/bustub-private/build/test/b_plus_tree_concurrent_test+0xcb4ec) (BuildId: d3db16daeb8ed1b4d0c1615be93e2b341468163a)
    #7 0x5cb442de49a1 in bustub::BufferPoolManager::FetchPage(int, bustub::AccessType) /home/subham/GITHUB/bustub-private/src/buffer/buffer_pool_manager.cpp:283
    #8 0x5cb442de57b5 in bustub::BufferPoolManager::CheckedReadPage(int, bustub::AccessType) /home/subham/GITHUB/bustub-private/src/buffer/buffer_pool_manager.cpp:402
    #9 0x5cb442de5f4f in bustub::BufferPoolManager::ReadPage(int, bustub::AccessType) /home/subham/GITHUB/bustub-private/src/buffer/buffer_pool_manager.cpp:452
    #10 0x5cb442e2e748 in bustub::TracedBufferPoolManager::ReadPage(int, bustub::AccessType) /home/subham/GITHUB/bustub-private/src/include/buffer/traced_buffer_pool_manager.h:24
    #11 0x5cb442ea855c in bustub::BPlusTree<bustub::GenericKey<8ul>, bustub::RID, bustub::GenericComparator<8ul>, 3l>::GetValue(bustub::GenericKey<8ul> const&, std::vector<bustub::RID, std::allocator<bustub::RID> >*)::{lambda()#1}::operator()() const (/home/subham/GITHUB/bustub-private/build/test/b_plus_tree_concurrent_test+0x18755c) (BuildId: d3db16daeb8ed1b4d0c1615be93e2b341468163a)
    #12 0x5cb442e4d18a in bustub::BPlusTree<bustub::GenericKey<8ul>, bustub::RID, bustub::GenericComparator<8ul>, 3l>::GetValue(bustub::GenericKey<8ul> const&, std::vector<bustub::RID, std::allocator<bustub::RID> >*) (/home/subham/GITHUB/bustub-private/build/test/b_plus_tree_concurrent_test+0x12c18a) (BuildId: d3db16daeb8ed1b4d0c1615be93e2b341468163a)
    #13 0x5cb442d7dc86 in void bustub::InsertTest1Call<3l>() (/home/subham/GITHUB/bustub-private/build/test/b_plus_tree_concurrent_test+0x5cc86) (BuildId: d3db16daeb8ed1b4d0c1615be93e2b341468163a)
    #14 0x5cb442d756b1 in bustub::BPlusTreeConcurrentTest_InsertTest1_Test::TestBody() /home/subham/GITHUB/bustub-private/test/storage/b_plus_tree_concurrent_test.cpp:460
    #15 0x5cb442ff5483 in void testing::internal::HandleSehExceptionsInMethodIfSupported<testing::Test, void>(testing::Test*, void (testing::Test::*)(), char const*) /home/subham/GITHUB/bustub-private/third_party/googletest/googletest/src/gtest.cc:2612
    #16 0x5cb442fe3d7b in void testing::internal::HandleExceptionsInMethodIfSupported<testing::Test, void>(testing::Test*, void (testing::Test::*)(), char const*) /home/subham/GITHUB/bustub-private/third_party/googletest/googletest/src/gtest.cc:2648
    #17 0x5cb442f926dc in testing::Test::Run() /home/subham/GITHUB/bustub-private/third_party/googletest/googletest/src/gtest.cc:2687
    #18 0x5cb442f93dd6 in testing::TestInfo::Run() /home/subham/GITHUB/bustub-private/third_party/googletest/googletest/src/gtest.cc:2836
    #19 0x5cb442f95129 in testing::TestSuite::Run() /home/subham/GITHUB/bustub-private/third_party/googletest/googletest/src/gtest.cc:3015
    #20 0x5cb442fb78bd in testing::internal::UnitTestImpl::RunAllTests() /home/subham/GITHUB/bustub-private/third_party/googletest/googletest/src/gtest.cc:5920
    #21 0x5cb442ff8c78 in bool testing::internal::HandleSehExceptionsInMethodIfSupported<testing::internal::UnitTestImpl, bool>(testing::internal::UnitTestImpl*, bool (testing::internal::UnitTestImpl::*)(), char const*) /home/subham/GITHUB/bustub-private/third_party/googletest/googletest/src/gtest.cc:2612
    #22 0x5cb442fe6dc8 in bool testing::internal::HandleExceptionsInMethodIfSupported<testing::internal::UnitTestImpl, bool>(testing::internal::UnitTestImpl*, bool (testing::internal::UnitTestImpl::*)(), char const*) /home/subham/GITHUB/bustub-private/third_party/googletest/googletest/src/gtest.cc:2648
    #23 0x5cb442fb4146 in testing::UnitTest::Run() /home/subham/GITHUB/bustub-private/third_party/googletest/googletest/src/gtest.cc:5484
    #24 0x5cb4430224e5 in RUN_ALL_TESTS() /home/subham/GITHUB/bustub-private/third_party/googletest/googletest/include/gtest/gtest.h:2317
    #25 0x5cb443022431 in main /home/subham/GITHUB/bustub-private/third_party/googletest/googlemock/src/gmock_main.cc:71
    #26 0x75876322a1c9 in __libc_start_call_main ../sysdeps/nptl/libc_start_call_main.h:58
    #27 0x75876322a28a in __libc_start_main_impl ../csu/libc-start.c:360
    #28 0x5cb442d74714 in _start (/home/subham/GITHUB/bustub-private/build/test/b_plus_tree_concurrent_test+0x53714) (BuildId: d3db16daeb8ed1b4d0c1615be93e2b341468163a)

Indirect leak of 56 byte(s) in 1 object(s) allocated from:
    #0 0x758763afe548 in operator new(unsigned long) ../../../../src/libsanitizer/asan/asan_new_delete.cpp:95
    #1 0x5cb442e04e87 in std::__new_allocator<std::__detail::_Hash_node<std::pair<int const, bustub::LRUKNode>, false> >::allocate(unsigned long, void const*) /usr/include/c++/14/bits/new_allocator.h:151
    #2 0x5cb442e041f9 in std::allocator_traits<std::allocator<std::__detail::_Hash_node<std::pair<int const, bustub::LRUKNode>, false> > >::allocate(std::allocator<std::__detail::_Hash_node<std::pair<int const, bustub::LRUKNode>, false> >&, unsigned long) /usr/include/c++/14/bits/alloc_traits.h:478
    #3 0x5cb442e041f9 in std::__detail::_Hash_node<std::pair<int const, bustub::LRUKNode>, false>* std::__detail::_Hashtable_alloc<std::allocator<std::__detail::_Hash_node<std::pair<int const, bustub::LRUKNode>, false> > >::_M_allocate_node<int&, bustub::LRUKNode&>(int&, bustub::LRUKNode&) /usr/include/c++/14/bits/hashtable_policy.h:2019
    #4 0x5cb442e035c5 in std::_Hashtable<int, std::pair<int const, bustub::LRUKNode>, std::allocator<std::pair<int const, bustub::LRUKNode> >, std::__detail::_Select1st, std::equal_to<int>, std::hash<int>, std::__detail::_Mod_range_hashing, std::__detail::_Default_ranged_hash, std::__detail::_Prime_rehash_policy, std::__detail::_Hashtable_traits<false, false, true> >::_Scoped_node::_Scoped_node<int&, bustub::LRUKNode&>(std::__detail::_Hashtable_alloc<std::allocator<std::__detail::_Hash_node<std::pair<int const, bustub::LRUKNode>, false> > >*, int&, bustub::LRUKNode&) /usr/include/c++/14/bits/hashtable.h:312
    #5 0x5cb442e02882 in std::pair<std::__detail::_Node_iterator<std::pair<int const, bustub::LRUKNode>, false, false>, bool> std::_Hashtable<int, std::pair<int const, bustub::LRUKNode>, std::allocator<std::pair<int const, bustub::LRUKNode> >, std::__detail::_Select1st, std::equal_to<int>, std::hash<int>, std::__detail::_Mod_range_hashing, std::__detail::_Default_ranged_hash, std::__detail::_Prime_rehash_policy, std::__detail::_Hashtable_traits<false, false, true> >::_M_emplace<int&, bustub::LRUKNode&>(std::integral_constant<bool, true>, int&, bustub::LRUKNode&) /usr/include/c++/14/bits/hashtable.h:2143
    #6 0x5cb442e01f28 in std::pair<std::__detail::_Node_iterator<std::pair<int const, bustub::LRUKNode>, false, false>, bool> std::_Hashtable<int, std::pair<int const, bustub::LRUKNode>, std::allocator<std::pair<int const, bustub::LRUKNode> >, std::__detail::_Select1st, std::equal_to<int>, std::hash<int>, std::__detail::_Mod_range_hashing, std::__detail::_Default_ranged_hash, std::__detail::_Prime_rehash_policy, std::__detail::_Hashtable_traits<false, false, true> >::emplace<int&, bustub::LRUKNode&>(int&, bustub::LRUKNode&) /usr/include/c++/14/bits/hashtable.h:1001
    #7 0x5cb442e0115d in std::pair<std::__detail::_Node_iterator<std::pair<int const, bustub::LRUKNode>, false, false>, bool> std::unordered_map<int, bustub::LRUKNode, std::hash<int>, std::equal_to<int>, std::allocator<std::pair<int const, bustub::LRUKNode> > >::emplace<int&, bustub::LRUKNode&>(int&, bustub::LRUKNode&) /usr/include/c++/14/bits/unordered_map.h:396
    #8 0x5cb442dffbc3 in bustub::LRUKReplacer::RecordAccess(int, bustub::AccessType) /home/subham/GITHUB/bustub-private/src/buffer/lru_k_replacer.cpp:123
    #9 0x5cb442de3848 in bustub::BufferPoolManager::NewPage() /home/subham/GITHUB/bustub-private/src/buffer/buffer_pool_manager.cpp:178
    #10 0x5cb442d7d876 in void bustub::InsertTest1Call<3l>() (/home/subham/GITHUB/bustub-private/build/test/b_plus_tree_concurrent_test+0x5c876) (BuildId: d3db16daeb8ed1b4d0c1615be93e2b341468163a)
    #11 0x5cb442d756b1 in bustub::BPlusTreeConcurrentTest_InsertTest1_Test::TestBody() /home/subham/GITHUB/bustub-private/test/storage/b_plus_tree_concurrent_test.cpp:460
    #12 0x5cb442ff5483 in void testing::internal::HandleSehExceptionsInMethodIfSupported<testing::Test, void>(testing::Test*, void (testing::Test::*)(), char const*) /home/subham/GITHUB/bustub-private/third_party/googletest/googletest/src/gtest.cc:2612
    #13 0x5cb442fe3d7b in void testing::internal::HandleExceptionsInMethodIfSupported<testing::Test, void>(testing::Test*, void (testing::Test::*)(), char const*) /home/subham/GITHUB/bustub-private/third_party/googletest/googletest/src/gtest.cc:2648
    #14 0x5cb442f926dc in testing::Test::Run() /home/subham/GITHUB/bustub-private/third_party/googletest/googletest/src/gtest.cc:2687
    #15 0x5cb442f93dd6 in testing::TestInfo::Run() /home/subham/GITHUB/bustub-private/third_party/googletest/googletest/src/gtest.cc:2836
    #16 0x5cb442f95129 in testing::TestSuite::Run() /home/subham/GITHUB/bustub-private/third_party/googletest/googletest/src/gtest.cc:3015
    #17 0x5cb442fb78bd in testing::internal::UnitTestImpl::RunAllTests() /home/subham/GITHUB/bustub-private/third_party/googletest/googletest/src/gtest.cc:5920
    #18 0x5cb442ff8c78 in bool testing::internal::HandleSehExceptionsInMethodIfSupported<testing::internal::UnitTestImpl, bool>(testing::internal::UnitTestImpl*, bool (testing::internal::UnitTestImpl::*)(), char const*) /home/subham/GITHUB/bustub-private/third_party/googletest/googletest/src/gtest.cc:2612
    #19 0x5cb442fe6dc8 in bool testing::internal::HandleExceptionsInMethodIfSupported<testing::internal::UnitTestImpl, bool>(testing::internal::UnitTestImpl*, bool (testing::internal::UnitTestImpl::*)(), char const*) /home/subham/GITHUB/bustub-private/third_party/googletest/googletest/src/gtest.cc:2648
    #20 0x5cb442fb4146 in testing::UnitTest::Run() /home/subham/GITHUB/bustub-private/third_party/googletest/googletest/src/gtest.cc:5484
    #21 0x5cb4430224e5 in RUN_ALL_TESTS() /home/subham/GITHUB/bustub-private/third_party/googletest/googletest/include/gtest/gtest.h:2317
    #22 0x5cb443022431 in main /home/subham/GITHUB/bustub-private/third_party/googletest/googlemock/src/gmock_main.cc:71
    #23 0x75876322a1c9 in __libc_start_call_main ../sysdeps/nptl/libc_start_call_main.h:58
    #24 0x75876322a28a in __libc_start_main_impl ../csu/libc-start.c:360
    #25 0x5cb442d74714 in _start (/home/subham/GITHUB/bustub-private/build/test/b_plus_tree_concurrent_test+0x53714) (BuildId: d3db16daeb8ed1b4d0c1615be93e2b341468163a)

Indirect leak of 56 byte(s) in 1 object(s) allocated from:
    #0 0x758763afe548 in operator new(unsigned long) ../../../../src/libsanitizer/asan/asan_new_delete.cpp:95
    #1 0x5cb442dfc909 in std::__new_allocator<std::_Sp_counted_ptr_inplace<std::mutex, std::allocator<void>, (__gnu_cxx::_Lock_policy)2> >::allocate(unsigned long, void const*) (/home/subham/GITHUB/bustub-private/build/test/b_plus_tree_concurrent_test+0xdb909) (BuildId: d3db16daeb8ed1b4d0c1615be93e2b341468163a)
    #2 0x5cb442df9966 in std::__allocated_ptr<std::allocator<std::_Sp_counted_ptr_inplace<std::mutex, std::allocator<void>, (__gnu_cxx::_Lock_policy)2> > > std::__allocate_guarded<std::allocator<std::_Sp_counted_ptr_inplace<std::mutex, std::allocator<void>, (__gnu_cxx::_Lock_policy)2> > >(std::allocator<std::_Sp_counted_ptr_inplace<std::mutex, std::allocator<void>, (__gnu_cxx::_Lock_policy)2> >&) (/home/subham/GITHUB/bustub-private/build/test/b_plus_tree_concurrent_test+0xd8966) (BuildId: d3db16daeb8ed1b4d0c1615be93e2b341468163a)
    #3 0x5cb442df5e68 in std::__shared_count<(__gnu_cxx::_Lock_policy)2>::__shared_count<std::mutex, std::allocator<void>>(std::mutex*&, std::_Sp_alloc_shared_tag<std::allocator<void> >) (/home/subham/GITHUB/bustub-private/build/test/b_plus_tree_concurrent_test+0xd4e68) (BuildId: d3db16daeb8ed1b4d0c1615be93e2b341468163a)
    #4 0x5cb442df173f in std::__shared_ptr<std::mutex, (__gnu_cxx::_Lock_policy)2>::__shared_ptr<std::allocator<void>>(std::_Sp_alloc_shared_tag<std::allocator<void> >) (/home/subham/GITHUB/bustub-private/build/test/b_plus_tree_concurrent_test+0xd073f) (BuildId: d3db16daeb8ed1b4d0c1615be93e2b341468163a)
    #5 0x5cb442decf8e in std::shared_ptr<std::mutex>::shared_ptr<std::allocator<void>>(std::_Sp_alloc_shared_tag<std::allocator<void> >) /usr/include/c++/14/bits/shared_ptr.h:463
    #6 0x5cb442de9c2c in std::shared_ptr<std::enable_if<!std::is_array<std::mutex>::value, std::mutex>::type> std::make_shared<std::mutex>() /usr/include/c++/14/bits/shared_ptr.h:1008
    #7 0x5cb442de22e0 in bustub::BufferPoolManager::BufferPoolManager(unsigned long, bustub::DiskManager*, bustub::LogManager*) /home/subham/GITHUB/bustub-private/src/buffer/buffer_pool_manager.cpp:74
    #8 0x5cb442d7d860 in void bustub::InsertTest1Call<3l>() (/home/subham/GITHUB/bustub-private/build/test/b_plus_tree_concurrent_test+0x5c860) (BuildId: d3db16daeb8ed1b4d0c1615be93e2b341468163a)
    #9 0x5cb442d756b1 in bustub::BPlusTreeConcurrentTest_InsertTest1_Test::TestBody() /home/subham/GITHUB/bustub-private/test/storage/b_plus_tree_concurrent_test.cpp:460
    #10 0x5cb442ff5483 in void testing::internal::HandleSehExceptionsInMethodIfSupported<testing::Test, void>(testing::Test*, void (testing::Test::*)(), char const*) /home/subham/GITHUB/bustub-private/third_party/googletest/googletest/src/gtest.cc:2612
    #11 0x5cb442fe3d7b in void testing::internal::HandleExceptionsInMethodIfSupported<testing::Test, void>(testing::Test*, void (testing::Test::*)(), char const*) /home/subham/GITHUB/bustub-private/third_party/googletest/googletest/src/gtest.cc:2648
    #12 0x5cb442f926dc in testing::Test::Run() /home/subham/GITHUB/bustub-private/third_party/googletest/googletest/src/gtest.cc:2687
    #13 0x5cb442f93dd6 in testing::TestInfo::Run() /home/subham/GITHUB/bustub-private/third_party/googletest/googletest/src/gtest.cc:2836
    #14 0x5cb442f95129 in testing::TestSuite::Run() /home/subham/GITHUB/bustub-private/third_party/googletest/googletest/src/gtest.cc:3015
    #15 0x5cb442fb78bd in testing::internal::UnitTestImpl::RunAllTests() /home/subham/GITHUB/bustub-private/third_party/googletest/googletest/src/gtest.cc:5920
    #16 0x5cb442ff8c78 in bool testing::internal::HandleSehExceptionsInMethodIfSupported<testing::internal::UnitTestImpl, bool>(testing::internal::UnitTestImpl*, bool (testing::internal::UnitTestImpl::*)(), char const*) /home/subham/GITHUB/bustub-private/third_party/googletest/googletest/src/gtest.cc:2612
    #17 0x5cb442fe6dc8 in bool testing::internal::HandleExceptionsInMethodIfSupported<testing::internal::UnitTestImpl, bool>(testing::internal::UnitTestImpl*, bool (testing::internal::UnitTestImpl::*)(), char const*) /home/subham/GITHUB/bustub-private/third_party/googletest/googletest/src/gtest.cc:2648
    #18 0x5cb442fb4146 in testing::UnitTest::Run() /home/subham/GITHUB/bustub-private/third_party/googletest/googletest/src/gtest.cc:5484
    #19 0x5cb4430224e5 in RUN_ALL_TESTS() /home/subham/GITHUB/bustub-private/third_party/googletest/googletest/include/gtest/gtest.h:2317
    #20 0x5cb443022431 in main /home/subham/GITHUB/bustub-private/third_party/googletest/googlemock/src/gmock_main.cc:71
    #21 0x75876322a1c9 in __libc_start_call_main ../sysdeps/nptl/libc_start_call_main.h:58
    #22 0x75876322a28a in __libc_start_main_impl ../csu/libc-start.c:360
    #23 0x5cb442d74714 in _start (/home/subham/GITHUB/bustub-private/build/test/b_plus_tree_concurrent_test+0x53714) (BuildId: d3db16daeb8ed1b4d0c1615be93e2b341468163a)

Indirect leak of 56 byte(s) in 1 object(s) allocated from:
    #0 0x758763afe548 in operator new(unsigned long) ../../../../src/libsanitizer/asan/asan_new_delete.cpp:95
    #1 0x5cb442e04e87 in std::__new_allocator<std::__detail::_Hash_node<std::pair<int const, bustub::LRUKNode>, false> >::allocate(unsigned long, void const*) /usr/include/c++/14/bits/new_allocator.h:151
    #2 0x5cb442e041f9 in std::allocator_traits<std::allocator<std::__detail::_Hash_node<std::pair<int const, bustub::LRUKNode>, false> > >::allocate(std::allocator<std::__detail::_Hash_node<std::pair<int const, bustub::LRUKNode>, false> >&, unsigned long) /usr/include/c++/14/bits/alloc_traits.h:478
    #3 0x5cb442e041f9 in std::__detail::_Hash_node<std::pair<int const, bustub::LRUKNode>, false>* std::__detail::_Hashtable_alloc<std::allocator<std::__detail::_Hash_node<std::pair<int const, bustub::LRUKNode>, false> > >::_M_allocate_node<int&, bustub::LRUKNode&>(int&, bustub::LRUKNode&) /usr/include/c++/14/bits/hashtable_policy.h:2019
    #4 0x5cb442e035c5 in std::_Hashtable<int, std::pair<int const, bustub::LRUKNode>, std::allocator<std::pair<int const, bustub::LRUKNode> >, std::__detail::_Select1st, std::equal_to<int>, std::hash<int>, std::__detail::_Mod_range_hashing, std::__detail::_Default_ranged_hash, std::__detail::_Prime_rehash_policy, std::__detail::_Hashtable_traits<false, false, true> >::_Scoped_node::_Scoped_node<int&, bustub::LRUKNode&>(std::__detail::_Hashtable_alloc<std::allocator<std::__detail::_Hash_node<std::pair<int const, bustub::LRUKNode>, false> > >*, int&, bustub::LRUKNode&) /usr/include/c++/14/bits/hashtable.h:312
    #5 0x5cb442e02882 in std::pair<std::__detail::_Node_iterator<std::pair<int const, bustub::LRUKNode>, false, false>, bool> std::_Hashtable<int, std::pair<int const, bustub::LRUKNode>, std::allocator<std::pair<int const, bustub::LRUKNode> >, std::__detail::_Select1st, std::equal_to<int>, std::hash<int>, std::__detail::_Mod_range_hashing, std::__detail::_Default_ranged_hash, std::__detail::_Prime_rehash_policy, std::__detail::_Hashtable_traits<false, false, true> >::_M_emplace<int&, bustub::LRUKNode&>(std::integral_constant<bool, true>, int&, bustub::LRUKNode&) /usr/include/c++/14/bits/hashtable.h:2143
    #6 0x5cb442e01f28 in std::pair<std::__detail::_Node_iterator<std::pair<int const, bustub::LRUKNode>, false, false>, bool> std::_Hashtable<int, std::pair<int const, bustub::LRUKNode>, std::allocator<std::pair<int const, bustub::LRUKNode> >, std::__detail::_Select1st, std::equal_to<int>, std::hash<int>, std::__detail::_Mod_range_hashing, std::__detail::_Default_ranged_hash, std::__detail::_Prime_rehash_policy, std::__detail::_Hashtable_traits<false, false, true> >::emplace<int&, bustub::LRUKNode&>(int&, bustub::LRUKNode&) /usr/include/c++/14/bits/hashtable.h:1001
    #7 0x5cb442e0115d in std::pair<std::__detail::_Node_iterator<std::pair<int const, bustub::LRUKNode>, false, false>, bool> std::unordered_map<int, bustub::LRUKNode, std::hash<int>, std::equal_to<int>, std::allocator<std::pair<int const, bustub::LRUKNode> > >::emplace<int&, bustub::LRUKNode&>(int&, bustub::LRUKNode&) /usr/include/c++/14/bits/unordered_map.h:396
    #8 0x5cb442dffbc3 in bustub::LRUKReplacer::RecordAccess(int, bustub::AccessType) /home/subham/GITHUB/bustub-private/src/buffer/lru_k_replacer.cpp:123
    #9 0x5cb442de4df2 in bustub::BufferPoolManager::FetchPage(int, bustub::AccessType) /home/subham/GITHUB/bustub-private/src/buffer/buffer_pool_manager.cpp:315
    #10 0x5cb442de57b5 in bustub::BufferPoolManager::CheckedReadPage(int, bustub::AccessType) /home/subham/GITHUB/bustub-private/src/buffer/buffer_pool_manager.cpp:402
    #11 0x5cb442de5f4f in bustub::BufferPoolManager::ReadPage(int, bustub::AccessType) /home/subham/GITHUB/bustub-private/src/buffer/buffer_pool_manager.cpp:452
    #12 0x5cb442e2e748 in bustub::TracedBufferPoolManager::ReadPage(int, bustub::AccessType) /home/subham/GITHUB/bustub-private/src/include/buffer/traced_buffer_pool_manager.h:24
    #13 0x5cb442e4da5c in bustub::BPlusTree<bustub::GenericKey<8ul>, bustub::RID, bustub::GenericComparator<8ul>, 3l>::Begin() (/home/subham/GITHUB/bustub-private/build/test/b_plus_tree_concurrent_test+0x12ca5c) (BuildId: d3db16daeb8ed1b4d0c1615be93e2b341468163a)
    #14 0x5cb442d7e236 in void bustub::InsertTest1Call<3l>() (/home/subham/GITHUB/bustub-private/build/test/b_plus_tree_concurrent_test+0x5d236) (BuildId: d3db16daeb8ed1b4d0c1615be93e2b341468163a)
    #15 0x5cb442d756b1 in bustub::BPlusTreeConcurrentTest_InsertTest1_Test::TestBody() /home/subham/GITHUB/bustub-private/test/storage/b_plus_tree_concurrent_test.cpp:460
    #16 0x5cb442ff5483 in void testing::internal::HandleSehExceptionsInMethodIfSupported<testing::Test, void>(testing::Test*, void (testing::Test::*)(), char const*) /home/subham/GITHUB/bustub-private/third_party/googletest/googletest/src/gtest.cc:2612
    #17 0x5cb442fe3d7b in void testing::internal::HandleExceptionsInMethodIfSupported<testing::Test, void>(testing::Test*, void (testing::Test::*)(), char const*) /home/subham/GITHUB/bustub-private/third_party/googletest/googletest/src/gtest.cc:2648
    #18 0x5cb442f926dc in testing::Test::Run() /home/subham/GITHUB/bustub-private/third_party/googletest/googletest/src/gtest.cc:2687
    #19 0x5cb442f93dd6 in testing::TestInfo::Run() /home/subham/GITHUB/bustub-private/third_party/googletest/googletest/src/gtest.cc:2836
    #20 0x5cb442f95129 in testing::TestSuite::Run() /home/subham/GITHUB/bustub-private/third_party/googletest/googletest/src/gtest.cc:3015
    #21 0x5cb442fb78bd in testing::internal::UnitTestImpl::RunAllTests() /home/subham/GITHUB/bustub-private/third_party/googletest/googletest/src/gtest.cc:5920
    #22 0x5cb442ff8c78 in bool testing::internal::HandleSehExceptionsInMethodIfSupported<testing::internal::UnitTestImpl, bool>(testing::internal::UnitTestImpl*, bool (testing::internal::UnitTestImpl::*)(), char const*) /home/subham/GITHUB/bustub-private/third_party/googletest/googletest/src/gtest.cc:2612
    #23 0x5cb442fe6dc8 in bool testing::internal::HandleExceptionsInMethodIfSupported<testing::internal::UnitTestImpl, bool>(testing::internal::UnitTestImpl*, bool (testing::internal::UnitTestImpl::*)(), char const*) /home/subham/GITHUB/bustub-private/third_party/googletest/googletest/src/gtest.cc:2648
    #24 0x5cb442fb4146 in testing::UnitTest::Run() /home/subham/GITHUB/bustub-private/third_party/googletest/googletest/src/gtest.cc:5484
    #25 0x5cb4430224e5 in RUN_ALL_TESTS() /home/subham/GITHUB/bustub-private/third_party/googletest/googletest/include/gtest/gtest.h:2317
    #26 0x5cb443022431 in main /home/subham/GITHUB/bustub-private/third_party/googletest/googlemock/src/gmock_main.cc:71
    #27 0x75876322a1c9 in __libc_start_call_main ../sysdeps/nptl/libc_start_call_main.h:58
    #28 0x75876322a28a in __libc_start_main_impl ../csu/libc-start.c:360
    #29 0x5cb442d74714 in _start (/home/subham/GITHUB/bustub-private/build/test/b_plus_tree_concurrent_test+0x53714) (BuildId: d3db16daeb8ed1b4d0c1615be93e2b341468163a)

Indirect leak of 56 byte(s) in 1 object(s) allocated from:
    #0 0x758763afe548 in operator new(unsigned long) ../../../../src/libsanitizer/asan/asan_new_delete.cpp:95
    #1 0x5cb442e04e87 in std::__new_allocator<std::__detail::_Hash_node<std::pair<int const, bustub::LRUKNode>, false> >::allocate(unsigned long, void const*) /usr/include/c++/14/bits/new_allocator.h:151
    #2 0x5cb442e041f9 in std::allocator_traits<std::allocator<std::__detail::_Hash_node<std::pair<int const, bustub::LRUKNode>, false> > >::allocate(std::allocator<std::__detail::_Hash_node<std::pair<int const, bustub::LRUKNode>, false> >&, unsigned long) /usr/include/c++/14/bits/alloc_traits.h:478
    #3 0x5cb442e041f9 in std::__detail::_Hash_node<std::pair<int const, bustub::LRUKNode>, false>* std::__detail::_Hashtable_alloc<std::allocator<std::__detail::_Hash_node<std::pair<int const, bustub::LRUKNode>, false> > >::_M_allocate_node<int&, bustub::LRUKNode&>(int&, bustub::LRUKNode&) /usr/include/c++/14/bits/hashtable_policy.h:2019
    #4 0x5cb442e035c5 in std::_Hashtable<int, std::pair<int const, bustub::LRUKNode>, std::allocator<std::pair<int const, bustub::LRUKNode> >, std::__detail::_Select1st, std::equal_to<int>, std::hash<int>, std::__detail::_Mod_range_hashing, std::__detail::_Default_ranged_hash, std::__detail::_Prime_rehash_policy, std::__detail::_Hashtable_traits<false, false, true> >::_Scoped_node::_Scoped_node<int&, bustub::LRUKNode&>(std::__detail::_Hashtable_alloc<std::allocator<std::__detail::_Hash_node<std::pair<int const, bustub::LRUKNode>, false> > >*, int&, bustub::LRUKNode&) /usr/include/c++/14/bits/hashtable.h:312
    #5 0x5cb442e02882 in std::pair<std::__detail::_Node_iterator<std::pair<int const, bustub::LRUKNode>, false, false>, bool> std::_Hashtable<int, std::pair<int const, bustub::LRUKNode>, std::allocator<std::pair<int const, bustub::LRUKNode> >, std::__detail::_Select1st, std::equal_to<int>, std::hash<int>, std::__detail::_Mod_range_hashing, std::__detail::_Default_ranged_hash, std::__detail::_Prime_rehash_policy, std::__detail::_Hashtable_traits<false, false, true> >::_M_emplace<int&, bustub::LRUKNode&>(std::integral_constant<bool, true>, int&, bustub::LRUKNode&) /usr/include/c++/14/bits/hashtable.h:2143
    #6 0x5cb442e01f28 in std::pair<std::__detail::_Node_iterator<std::pair<int const, bustub::LRUKNode>, false, false>, bool> std::_Hashtable<int, std::pair<int const, bustub::LRUKNode>, std::allocator<std::pair<int const, bustub::LRUKNode> >, std::__detail::_Select1st, std::equal_to<int>, std::hash<int>, std::__detail::_Mod_range_hashing, std::__detail::_Default_ranged_hash, std::__detail::_Prime_rehash_policy, std::__detail::_Hashtable_traits<false, false, true> >::emplace<int&, bustub::LRUKNode&>(int&, bustub::LRUKNode&) /usr/include/c++/14/bits/hashtable.h:1001
    #7 0x5cb442e0115d in std::pair<std::__detail::_Node_iterator<std::pair<int const, bustub::LRUKNode>, false, false>, bool> std::unordered_map<int, bustub::LRUKNode, std::hash<int>, std::equal_to<int>, std::allocator<std::pair<int const, bustub::LRUKNode> > >::emplace<int&, bustub::LRUKNode&>(int&, bustub::LRUKNode&) /usr/include/c++/14/bits/unordered_map.h:396
    #8 0x5cb442dffbc3 in bustub::LRUKReplacer::RecordAccess(int, bustub::AccessType) /home/subham/GITHUB/bustub-private/src/buffer/lru_k_replacer.cpp:123
    #9 0x5cb442de3848 in bustub::BufferPoolManager::NewPage() /home/subham/GITHUB/bustub-private/src/buffer/buffer_pool_manager.cpp:178
    #10 0x5cb442e2e7a8 in bustub::TracedBufferPoolManager::NewPage() (/home/subham/GITHUB/bustub-private/build/test/b_plus_tree_concurrent_test+0x10d7a8) (BuildId: d3db16daeb8ed1b4d0c1615be93e2b341468163a)
    #11 0x5cb442e4fda0 in bustub::BPlusTree<bustub::GenericKey<8ul>, bustub::RID, bustub::GenericComparator<8ul>, 3l>::SplitInternalPage(bustub::GenericKey<8ul> const&, int const&, bustub::Context&) (/home/subham/GITHUB/bustub-private/build/test/b_plus_tree_concurrent_test+0x12eda0) (BuildId: d3db16daeb8ed1b4d0c1615be93e2b341468163a)
    #12 0x5cb442e4b068 in bustub::BPlusTree<bustub::GenericKey<8ul>, bustub::RID, bustub::GenericComparator<8ul>, 3l>::Insert(bustub::GenericKey<8ul> const&, bustub::RID const&) (/home/subham/GITHUB/bustub-private/build/test/b_plus_tree_concurrent_test+0x12a068) (BuildId: d3db16daeb8ed1b4d0c1615be93e2b341468163a)
    #13 0x5cb442d92118 in void bustub::InsertHelper<3l>(bustub::BPlusTree<bustub::GenericKey<8ul>, bustub::RID, bustub::GenericComparator<8ul>, 3l>*, std::vector<long, std::allocator<long> > const&, unsigned long) (/home/subham/GITHUB/bustub-private/build/test/b_plus_tree_concurrent_test+0x71118) (BuildId: d3db16daeb8ed1b4d0c1615be93e2b341468163a)
    #14 0x5cb442daeb7d in void std::__invoke_impl<void, void (*)(bustub::BPlusTree<bustub::GenericKey<8ul>, bustub::RID, bustub::GenericComparator<8ul>, 3l>*, std::vector<long, std::allocator<long> > const&, unsigned long), bustub::BPlusTree<bustub::GenericKey<8ul>, bustub::RID, bustub::GenericComparator<8ul>, 3l>*, std::vector<long, std::allocator<long> >, unsigned long>(std::__invoke_other, void (*&&)(bustub::BPlusTree<bustub::GenericKey<8ul>, bustub::RID, bustub::GenericComparator<8ul>, 3l>*, std::vector<long, std::allocator<long> > const&, unsigned long), bustub::BPlusTree<bustub::GenericKey<8ul>, bustub::RID, bustub::GenericComparator<8ul>, 3l>*&&, std::vector<long, std::allocator<long> >&&, unsigned long&&) (/home/subham/GITHUB/bustub-private/build/test/b_plus_tree_concurrent_test+0x8db7d) (BuildId: d3db16daeb8ed1b4d0c1615be93e2b341468163a)
    #15 0x5cb442dae4e3 in std::__invoke_result<void (*)(bustub::BPlusTree<bustub::GenericKey<8ul>, bustub::RID, bustub::GenericComparator<8ul>, 3l>*, std::vector<long, std::allocator<long> > const&, unsigned long), bustub::BPlusTree<bustub::GenericKey<8ul>, bustub::RID, bustub::GenericComparator<8ul>, 3l>*, std::vector<long, std::allocator<long> >, unsigned long>::type std::__invoke<void (*)(bustub::BPlusTree<bustub::GenericKey<8ul>, bustub::RID, bustub::GenericComparator<8ul>, 3l>*, std::vector<long, std::allocator<long> > const&, unsigned long), bustub::BPlusTree<bustub::GenericKey<8ul>, bustub::RID, bustub::GenericComparator<8ul>, 3l>*, std::vector<long, std::allocator<long> >, unsigned long>(void (*&&)(bustub::BPlusTree<bustub::GenericKey<8ul>, bustub::RID, bustub::GenericComparator<8ul>, 3l>*, std::vector<long, std::allocator<long> > const&, unsigned long), bustub::BPlusTree<bustub::GenericKey<8ul>, bustub::RID, bustub::GenericComparator<8ul>, 3l>*&&, std::vector<long, std::allocator<long> >&&, unsigned long&&) (/home/subham/GITHUB/bustub-private/build/test/b_plus_tree_concurrent_test+0x8d4e3) (BuildId: d3db16daeb8ed1b4d0c1615be93e2b341468163a)
    #16 0x5cb442dadfd4 in void std::thread::_Invoker<std::tuple<void (*)(bustub::BPlusTree<bustub::GenericKey<8ul>, bustub::RID, bustub::GenericComparator<8ul>, 3l>*, std::vector<long, std::allocator<long> > const&, unsigned long), bustub::BPlusTree<bustub::GenericKey<8ul>, bustub::RID, bustub::GenericComparator<8ul>, 3l>*, std::vector<long, std::allocator<long> >, unsigned long> >::_M_invoke<0ul, 1ul, 2ul, 3ul>(std::_Index_tuple<0ul, 1ul, 2ul, 3ul>) (/home/subham/GITHUB/bustub-private/build/test/b_plus_tree_concurrent_test+0x8cfd4) (BuildId: d3db16daeb8ed1b4d0c1615be93e2b341468163a)
    #17 0x5cb442dadd8f in std::thread::_Invoker<std::tuple<void (*)(bustub::BPlusTree<bustub::GenericKey<8ul>, bustub::RID, bustub::GenericComparator<8ul>, 3l>*, std::vector<long, std::allocator<long> > const&, unsigned long), bustub::BPlusTree<bustub::GenericKey<8ul>, bustub::RID, bustub::GenericComparator<8ul>, 3l>*, std::vector<long, std::allocator<long> >, unsigned long> >::operator()() (/home/subham/GITHUB/bustub-private/build/test/b_plus_tree_concurrent_test+0x8cd8f) (BuildId: d3db16daeb8ed1b4d0c1615be93e2b341468163a)
    #18 0x5cb442dad89b in std::thread::_State_impl<std::thread::_Invoker<std::tuple<void (*)(bustub::BPlusTree<bustub::GenericKey<8ul>, bustub::RID, bustub::GenericComparator<8ul>, 3l>*, std::vector<long, std::allocator<long> > const&, unsigned long), bustub::BPlusTree<bustub::GenericKey<8ul>, bustub::RID, bustub::GenericComparator<8ul>, 3l>*, std::vector<long, std::allocator<long> >, unsigned long> > >::_M_run() (/home/subham/GITHUB/bustub-private/build/test/b_plus_tree_concurrent_test+0x8c89b) (BuildId: d3db16daeb8ed1b4d0c1615be93e2b341468163a)
    #19 0x7587636ecdb3  (/lib/x86_64-linux-gnu/libstdc++.so.6+0xecdb3) (BuildId: ca77dae775ec87540acd7218fa990c40d1c94ab1)
    #20 0x758763a5ea41 in asan_thread_start ../../../../src/libsanitizer/asan/asan_interceptors.cpp:234
    #21 0x75876329caa3 in start_thread nptl/pthread_create.c:447

Indirect leak of 24 byte(s) in 1 object(s) allocated from:
    #0 0x758763afe548 in operator new(unsigned long) ../../../../src/libsanitizer/asan/asan_new_delete.cpp:95
    #1 0x5cb442e04d6e in std::__new_allocator<std::_List_node<unsigned long> >::allocate(unsigned long, void const*) /usr/include/c++/14/bits/new_allocator.h:151
    #2 0x5cb442e033df in std::allocator_traits<std::allocator<std::_List_node<unsigned long> > >::allocate(std::allocator<std::_List_node<unsigned long> >&, unsigned long) /usr/include/c++/14/bits/alloc_traits.h:478
    #3 0x5cb442e033df in std::__cxx11::_List_base<unsigned long, std::allocator<unsigned long> >::_M_get_node() /usr/include/c++/14/bits/stl_list.h:518
    #4 0x5cb442e05d66 in std::_List_node<unsigned long>* std::__cxx11::list<unsigned long, std::allocator<unsigned long> >::_M_create_node<unsigned long const&>(unsigned long const&) (/home/subham/GITHUB/bustub-private/build/test/b_plus_tree_concurrent_test+0xe4d66) (BuildId: d3db16daeb8ed1b4d0c1615be93e2b341468163a)
    #5 0x5cb442e05bee in void std::__cxx11::list<unsigned long, std::allocator<unsigned long> >::_M_insert<unsigned long const&>(std::_List_iterator<unsigned long>, unsigned long const&) (/home/subham/GITHUB/bustub-private/build/test/b_plus_tree_concurrent_test+0xe4bee) (BuildId: d3db16daeb8ed1b4d0c1615be93e2b341468163a)
    #6 0x5cb442e05ad6 in unsigned long& std::__cxx11::list<unsigned long, std::allocator<unsigned long> >::emplace_back<unsigned long const&>(unsigned long const&) /usr/include/c++/14/bits/stl_list.h:1321
    #7 0x5cb442e05844 in void std::__cxx11::list<unsigned long, std::allocator<unsigned long> >::_M_initialize_dispatch<std::_List_const_iterator<unsigned long> >(std::_List_const_iterator<unsigned long>, std::_List_const_iterator<unsigned long>, std::__false_type) /usr/include/c++/14/bits/stl_list.h:1933
    #8 0x5cb442e05405 in std::__cxx11::list<unsigned long, std::allocator<unsigned long> >::list(std::__cxx11::list<unsigned long, std::allocator<unsigned long> > const&) /usr/include/c++/14/bits/stl_list.h:814
    #9 0x5cb442e0508a in bustub::LRUKNode::LRUKNode(bustub::LRUKNode const&) /home/subham/GITHUB/bustub-private/src/include/buffer/lru_k_replacer.h:30
    #10 0x5cb442e05293 in std::pair<int const, bustub::LRUKNode>::pair<int&, bustub::LRUKNode&, true>(int&, bustub::LRUKNode&) /usr/include/c++/14/bits/stl_pair.h:882
    #11 0x5cb442e0430c in void std::__new_allocator<std::__detail::_Hash_node<std::pair<int const, bustub::LRUKNode>, false> >::construct<std::pair<int const, bustub::LRUKNode>, int&, bustub::LRUKNode&>(std::pair<int const, bustub::LRUKNode>*, int&, bustub::LRUKNode&) /usr/include/c++/14/bits/new_allocator.h:191
    #12 0x5cb442e0430c in void std::allocator_traits<std::allocator<std::__detail::_Hash_node<std::pair<int const, bustub::LRUKNode>, false> > >::construct<std::pair<int const, bustub::LRUKNode>, int&, bustub::LRUKNode&>(std::allocator<std::__detail::_Hash_node<std::pair<int const, bustub::LRUKNode>, false> >&, std::pair<int const, bustub::LRUKNode>*, int&, bustub::LRUKNode&) /usr/include/c++/14/bits/alloc_traits.h:534
    #13 0x5cb442e0430c in std::__detail::_Hash_node<std::pair<int const, bustub::LRUKNode>, false>* std::__detail::_Hashtable_alloc<std::allocator<std::__detail::_Hash_node<std::pair<int const, bustub::LRUKNode>, false> > >::_M_allocate_node<int&, bustub::LRUKNode&>(int&, bustub::LRUKNode&) /usr/include/c++/14/bits/hashtable_policy.h:2024
    #14 0x5cb442e035c5 in std::_Hashtable<int, std::pair<int const, bustub::LRUKNode>, std::allocator<std::pair<int const, bustub::LRUKNode> >, std::__detail::_Select1st, std::equal_to<int>, std::hash<int>, std::__detail::_Mod_range_hashing, std::__detail::_Default_ranged_hash, std::__detail::_Prime_rehash_policy, std::__detail::_Hashtable_traits<false, false, true> >::_Scoped_node::_Scoped_node<int&, bustub::LRUKNode&>(std::__detail::_Hashtable_alloc<std::allocator<std::__detail::_Hash_node<std::pair<int const, bustub::LRUKNode>, false> > >*, int&, bustub::LRUKNode&) /usr/include/c++/14/bits/hashtable.h:312
    #15 0x5cb442e02882 in std::pair<std::__detail::_Node_iterator<std::pair<int const, bustub::LRUKNode>, false, false>, bool> std::_Hashtable<int, std::pair<int const, bustub::LRUKNode>, std::allocator<std::pair<int const, bustub::LRUKNode> >, std::__detail::_Select1st, std::equal_to<int>, std::hash<int>, std::__detail::_Mod_range_hashing, std::__detail::_Default_ranged_hash, std::__detail::_Prime_rehash_policy, std::__detail::_Hashtable_traits<false, false, true> >::_M_emplace<int&, bustub::LRUKNode&>(std::integral_constant<bool, true>, int&, bustub::LRUKNode&) /usr/include/c++/14/bits/hashtable.h:2143
    #16 0x5cb442e01f28 in std::pair<std::__detail::_Node_iterator<std::pair<int const, bustub::LRUKNode>, false, false>, bool> std::_Hashtable<int, std::pair<int const, bustub::LRUKNode>, std::allocator<std::pair<int const, bustub::LRUKNode> >, std::__detail::_Select1st, std::equal_to<int>, std::hash<int>, std::__detail::_Mod_range_hashing, std::__detail::_Default_ranged_hash, std::__detail::_Prime_rehash_policy, std::__detail::_Hashtable_traits<false, false, true> >::emplace<int&, bustub::LRUKNode&>(int&, bustub::LRUKNode&) /usr/include/c++/14/bits/hashtable.h:1001
    #17 0x5cb442e0115d in std::pair<std::__detail::_Node_iterator<std::pair<int const, bustub::LRUKNode>, false, false>, bool> std::unordered_map<int, bustub::LRUKNode, std::hash<int>, std::equal_to<int>, std::allocator<std::pair<int const, bustub::LRUKNode> > >::emplace<int&, bustub::LRUKNode&>(int&, bustub::LRUKNode&) /usr/include/c++/14/bits/unordered_map.h:396
    #18 0x5cb442dffbc3 in bustub::LRUKReplacer::RecordAccess(int, bustub::AccessType) /home/subham/GITHUB/bustub-private/src/buffer/lru_k_replacer.cpp:123
    #19 0x5cb442de4df2 in bustub::BufferPoolManager::FetchPage(int, bustub::AccessType) /home/subham/GITHUB/bustub-private/src/buffer/buffer_pool_manager.cpp:315
    #20 0x5cb442de57b5 in bustub::BufferPoolManager::CheckedReadPage(int, bustub::AccessType) /home/subham/GITHUB/bustub-private/src/buffer/buffer_pool_manager.cpp:402
    #21 0x5cb442de5f4f in bustub::BufferPoolManager::ReadPage(int, bustub::AccessType) /home/subham/GITHUB/bustub-private/src/buffer/buffer_pool_manager.cpp:452
    #22 0x5cb442e2e748 in bustub::TracedBufferPoolManager::ReadPage(int, bustub::AccessType) /home/subham/GITHUB/bustub-private/src/include/buffer/traced_buffer_pool_manager.h:24
    #23 0x5cb442e4da5c in bustub::BPlusTree<bustub::GenericKey<8ul>, bustub::RID, bustub::GenericComparator<8ul>, 3l>::Begin() (/home/subham/GITHUB/bustub-private/build/test/b_plus_tree_concurrent_test+0x12ca5c) (BuildId: d3db16daeb8ed1b4d0c1615be93e2b341468163a)
    #24 0x5cb442d7e236 in void bustub::InsertTest1Call<3l>() (/home/subham/GITHUB/bustub-private/build/test/b_plus_tree_concurrent_test+0x5d236) (BuildId: d3db16daeb8ed1b4d0c1615be93e2b341468163a)
    #25 0x5cb442d756b1 in bustub::BPlusTreeConcurrentTest_InsertTest1_Test::TestBody() /home/subham/GITHUB/bustub-private/test/storage/b_plus_tree_concurrent_test.cpp:460
    #26 0x5cb442ff5483 in void testing::internal::HandleSehExceptionsInMethodIfSupported<testing::Test, void>(testing::Test*, void (testing::Test::*)(), char const*) /home/subham/GITHUB/bustub-private/third_party/googletest/googletest/src/gtest.cc:2612
    #27 0x5cb442fe3d7b in void testing::internal::HandleExceptionsInMethodIfSupported<testing::Test, void>(testing::Test*, void (testing::Test::*)(), char const*) /home/subham/GITHUB/bustub-private/third_party/googletest/googletest/src/gtest.cc:2648
    #28 0x5cb442f926dc in testing::Test::Run() /home/subham/GITHUB/bustub-private/third_party/googletest/googletest/src/gtest.cc:2687
    #29 0x5cb442f93dd6 in testing::TestInfo::Run() /home/subham/GITHUB/bustub-private/third_party/googletest/googletest/src/gtest.cc:2836
    #30 0x5cb442f95129 in testing::TestSuite::Run() /home/subham/GITHUB/bustub-private/third_party/googletest/googletest/src/gtest.cc:3015
    #31 0x5cb442fb78bd in testing::internal::UnitTestImpl::RunAllTests() /home/subham/GITHUB/bustub-private/third_party/googletest/googletest/src/gtest.cc:5920
    #32 0x5cb442ff8c78 in bool testing::internal::HandleSehExceptionsInMethodIfSupported<testing::internal::UnitTestImpl, bool>(testing::internal::UnitTestImpl*, bool (testing::internal::UnitTestImpl::*)(), char const*) /home/subham/GITHUB/bustub-private/third_party/googletest/googletest/src/gtest.cc:2612

Indirect leak of 24 byte(s) in 1 object(s) allocated from:
    #0 0x758763afe548 in operator new(unsigned long) ../../../../src/libsanitizer/asan/asan_new_delete.cpp:95
    #1 0x5cb442e04d6e in std::__new_allocator<std::_List_node<unsigned long> >::allocate(unsigned long, void const*) /usr/include/c++/14/bits/new_allocator.h:151
    #2 0x5cb442e033df in std::allocator_traits<std::allocator<std::_List_node<unsigned long> > >::allocate(std::allocator<std::_List_node<unsigned long> >&, unsigned long) /usr/include/c++/14/bits/alloc_traits.h:478
    #3 0x5cb442e033df in std::__cxx11::_List_base<unsigned long, std::allocator<unsigned long> >::_M_get_node() /usr/include/c++/14/bits/stl_list.h:518
    #4 0x5cb442e02544 in std::_List_node<unsigned long>* std::__cxx11::list<unsigned long, std::allocator<unsigned long> >::_M_create_node<unsigned long&>(unsigned long&) /usr/include/c++/14/bits/stl_list.h:710
    #5 0x5cb442e01e22 in void std::__cxx11::list<unsigned long, std::allocator<unsigned long> >::_M_insert<unsigned long&>(std::_List_iterator<unsigned long>, unsigned long&) /usr/include/c++/14/bits/stl_list.h:2004
    #6 0x5cb442e01102 in unsigned long& std::__cxx11::list<unsigned long, std::allocator<unsigned long> >::emplace_back<unsigned long&>(unsigned long&) /usr/include/c++/14/bits/stl_list.h:1321
    #7 0x5cb442dffb27 in bustub::LRUKReplacer::RecordAccess(int, bustub::AccessType) /home/subham/GITHUB/bustub-private/src/buffer/lru_k_replacer.cpp:118
    #8 0x5cb442de428c in bustub::BufferPoolManager::FetchPage(int, bustub::AccessType) /home/subham/GITHUB/bustub-private/src/buffer/buffer_pool_manager.cpp:239
    #9 0x5cb442de57b5 in bustub::BufferPoolManager::CheckedReadPage(int, bustub::AccessType) /home/subham/GITHUB/bustub-private/src/buffer/buffer_pool_manager.cpp:402
    #10 0x5cb442de5f4f in bustub::BufferPoolManager::ReadPage(int, bustub::AccessType) /home/subham/GITHUB/bustub-private/src/buffer/buffer_pool_manager.cpp:452
    #11 0x5cb442e2e748 in bustub::TracedBufferPoolManager::ReadPage(int, bustub::AccessType) /home/subham/GITHUB/bustub-private/src/include/buffer/traced_buffer_pool_manager.h:24
    #12 0x5cb442e4da5c in bustub::BPlusTree<bustub::GenericKey<8ul>, bustub::RID, bustub::GenericComparator<8ul>, 3l>::Begin() (/home/subham/GITHUB/bustub-private/build/test/b_plus_tree_concurrent_test+0x12ca5c) (BuildId: d3db16daeb8ed1b4d0c1615be93e2b341468163a)
    #13 0x5cb442d7e236 in void bustub::InsertTest1Call<3l>() (/home/subham/GITHUB/bustub-private/build/test/b_plus_tree_concurrent_test+0x5d236) (BuildId: d3db16daeb8ed1b4d0c1615be93e2b341468163a)
    #14 0x5cb442d756b1 in bustub::BPlusTreeConcurrentTest_InsertTest1_Test::TestBody() /home/subham/GITHUB/bustub-private/test/storage/b_plus_tree_concurrent_test.cpp:460
    #15 0x5cb442ff5483 in void testing::internal::HandleSehExceptionsInMethodIfSupported<testing::Test, void>(testing::Test*, void (testing::Test::*)(), char const*) /home/subham/GITHUB/bustub-private/third_party/googletest/googletest/src/gtest.cc:2612
    #16 0x5cb442fe3d7b in void testing::internal::HandleExceptionsInMethodIfSupported<testing::Test, void>(testing::Test*, void (testing::Test::*)(), char const*) /home/subham/GITHUB/bustub-private/third_party/googletest/googletest/src/gtest.cc:2648
    #17 0x5cb442f926dc in testing::Test::Run() /home/subham/GITHUB/bustub-private/third_party/googletest/googletest/src/gtest.cc:2687
    #18 0x5cb442f93dd6 in testing::TestInfo::Run() /home/subham/GITHUB/bustub-private/third_party/googletest/googletest/src/gtest.cc:2836
    #19 0x5cb442f95129 in testing::TestSuite::Run() /home/subham/GITHUB/bustub-private/third_party/googletest/googletest/src/gtest.cc:3015
    #20 0x5cb442fb78bd in testing::internal::UnitTestImpl::RunAllTests() /home/subham/GITHUB/bustub-private/third_party/googletest/googletest/src/gtest.cc:5920
    #21 0x5cb442ff8c78 in bool testing::internal::HandleSehExceptionsInMethodIfSupported<testing::internal::UnitTestImpl, bool>(testing::internal::UnitTestImpl*, bool (testing::internal::UnitTestImpl::*)(), char const*) /home/subham/GITHUB/bustub-private/third_party/googletest/googletest/src/gtest.cc:2612
    #22 0x5cb442fe6dc8 in bool testing::internal::HandleExceptionsInMethodIfSupported<testing::internal::UnitTestImpl, bool>(testing::internal::UnitTestImpl*, bool (testing::internal::UnitTestImpl::*)(), char const*) /home/subham/GITHUB/bustub-private/third_party/googletest/googletest/src/gtest.cc:2648
    #23 0x5cb442fb4146 in testing::UnitTest::Run() /home/subham/GITHUB/bustub-private/third_party/googletest/googletest/src/gtest.cc:5484
    #24 0x5cb4430224e5 in RUN_ALL_TESTS() /home/subham/GITHUB/bustub-private/third_party/googletest/googletest/include/gtest/gtest.h:2317
    #25 0x5cb443022431 in main /home/subham/GITHUB/bustub-private/third_party/googletest/googlemock/src/gmock_main.cc:71
    #26 0x75876322a1c9 in __libc_start_call_main ../sysdeps/nptl/libc_start_call_main.h:58
    #27 0x75876322a28a in __libc_start_main_impl ../csu/libc-start.c:360
    #28 0x5cb442d74714 in _start (/home/subham/GITHUB/bustub-private/build/test/b_plus_tree_concurrent_test+0x53714) (BuildId: d3db16daeb8ed1b4d0c1615be93e2b341468163a)

Indirect leak of 24 byte(s) in 1 object(s) allocated from:
    #0 0x758763afe548 in operator new(unsigned long) ../../../../src/libsanitizer/asan/asan_new_delete.cpp:95
    #1 0x5cb442e04d6e in std::__new_allocator<std::_List_node<unsigned long> >::allocate(unsigned long, void const*) /usr/include/c++/14/bits/new_allocator.h:151
    #2 0x5cb442e033df in std::allocator_traits<std::allocator<std::_List_node<unsigned long> > >::allocate(std::allocator<std::_List_node<unsigned long> >&, unsigned long) /usr/include/c++/14/bits/alloc_traits.h:478
    #3 0x5cb442e033df in std::__cxx11::_List_base<unsigned long, std::allocator<unsigned long> >::_M_get_node() /usr/include/c++/14/bits/stl_list.h:518
    #4 0x5cb442e02544 in std::_List_node<unsigned long>* std::__cxx11::list<unsigned long, std::allocator<unsigned long> >::_M_create_node<unsigned long&>(unsigned long&) /usr/include/c++/14/bits/stl_list.h:710
    #5 0x5cb442e01e22 in void std::__cxx11::list<unsigned long, std::allocator<unsigned long> >::_M_insert<unsigned long&>(std::_List_iterator<unsigned long>, unsigned long&) /usr/include/c++/14/bits/stl_list.h:2004
    #6 0x5cb442e01102 in unsigned long& std::__cxx11::list<unsigned long, std::allocator<unsigned long> >::emplace_back<unsigned long&>(unsigned long&) /usr/include/c++/14/bits/stl_list.h:1321
    #7 0x5cb442dffb27 in bustub::LRUKReplacer::RecordAccess(int, bustub::AccessType) /home/subham/GITHUB/bustub-private/src/buffer/lru_k_replacer.cpp:118
    #8 0x5cb442de428c in bustub::BufferPoolManager::FetchPage(int, bustub::AccessType) /home/subham/GITHUB/bustub-private/src/buffer/buffer_pool_manager.cpp:239
    #9 0x5cb442de57b5 in bustub::BufferPoolManager::CheckedReadPage(int, bustub::AccessType) /home/subham/GITHUB/bustub-private/src/buffer/buffer_pool_manager.cpp:402
    #10 0x5cb442de5f4f in bustub::BufferPoolManager::ReadPage(int, bustub::AccessType) /home/subham/GITHUB/bustub-private/src/buffer/buffer_pool_manager.cpp:452
    #11 0x5cb442e2e748 in bustub::TracedBufferPoolManager::ReadPage(int, bustub::AccessType) /home/subham/GITHUB/bustub-private/src/include/buffer/traced_buffer_pool_manager.h:24
    #12 0x5cb442e4d87c in bustub::BPlusTree<bustub::GenericKey<8ul>, bustub::RID, bustub::GenericComparator<8ul>, 3l>::Begin() (/home/subham/GITHUB/bustub-private/build/test/b_plus_tree_concurrent_test+0x12c87c) (BuildId: d3db16daeb8ed1b4d0c1615be93e2b341468163a)
    #13 0x5cb442d7e236 in void bustub::InsertTest1Call<3l>() (/home/subham/GITHUB/bustub-private/build/test/b_plus_tree_concurrent_test+0x5d236) (BuildId: d3db16daeb8ed1b4d0c1615be93e2b341468163a)
    #14 0x5cb442d756b1 in bustub::BPlusTreeConcurrentTest_InsertTest1_Test::TestBody() /home/subham/GITHUB/bustub-private/test/storage/b_plus_tree_concurrent_test.cpp:460
    #15 0x5cb442ff5483 in void testing::internal::HandleSehExceptionsInMethodIfSupported<testing::Test, void>(testing::Test*, void (testing::Test::*)(), char const*) /home/subham/GITHUB/bustub-private/third_party/googletest/googletest/src/gtest.cc:2612
    #16 0x5cb442fe3d7b in void testing::internal::HandleExceptionsInMethodIfSupported<testing::Test, void>(testing::Test*, void (testing::Test::*)(), char const*) /home/subham/GITHUB/bustub-private/third_party/googletest/googletest/src/gtest.cc:2648
    #17 0x5cb442f926dc in testing::Test::Run() /home/subham/GITHUB/bustub-private/third_party/googletest/googletest/src/gtest.cc:2687
    #18 0x5cb442f93dd6 in testing::TestInfo::Run() /home/subham/GITHUB/bustub-private/third_party/googletest/googletest/src/gtest.cc:2836
    #19 0x5cb442f95129 in testing::TestSuite::Run() /home/subham/GITHUB/bustub-private/third_party/googletest/googletest/src/gtest.cc:3015
    #20 0x5cb442fb78bd in testing::internal::UnitTestImpl::RunAllTests() /home/subham/GITHUB/bustub-private/third_party/googletest/googletest/src/gtest.cc:5920
    #21 0x5cb442ff8c78 in bool testing::internal::HandleSehExceptionsInMethodIfSupported<testing::internal::UnitTestImpl, bool>(testing::internal::UnitTestImpl*, bool (testing::internal::UnitTestImpl::*)(), char const*) /home/subham/GITHUB/bustub-private/third_party/googletest/googletest/src/gtest.cc:2612
    #22 0x5cb442fe6dc8 in bool testing::internal::HandleExceptionsInMethodIfSupported<testing::internal::UnitTestImpl, bool>(testing::internal::UnitTestImpl*, bool (testing::internal::UnitTestImpl::*)(), char const*) /home/subham/GITHUB/bustub-private/third_party/googletest/googletest/src/gtest.cc:2648
    #23 0x5cb442fb4146 in testing::UnitTest::Run() /home/subham/GITHUB/bustub-private/third_party/googletest/googletest/src/gtest.cc:5484
    #24 0x5cb4430224e5 in RUN_ALL_TESTS() /home/subham/GITHUB/bustub-private/third_party/googletest/googletest/include/gtest/gtest.h:2317
    #25 0x5cb443022431 in main /home/subham/GITHUB/bustub-private/third_party/googletest/googlemock/src/gmock_main.cc:71
    #26 0x75876322a1c9 in __libc_start_call_main ../sysdeps/nptl/libc_start_call_main.h:58
    #27 0x75876322a28a in __libc_start_main_impl ../csu/libc-start.c:360
    #28 0x5cb442d74714 in _start (/home/subham/GITHUB/bustub-private/build/test/b_plus_tree_concurrent_test+0x53714) (BuildId: d3db16daeb8ed1b4d0c1615be93e2b341468163a)

Indirect leak of 24 byte(s) in 1 object(s) allocated from:
    #0 0x758763afe548 in operator new(unsigned long) ../../../../src/libsanitizer/asan/asan_new_delete.cpp:95
    #1 0x5cb442e04d6e in std::__new_allocator<std::_List_node<unsigned long> >::allocate(unsigned long, void const*) /usr/include/c++/14/bits/new_allocator.h:151
    #2 0x5cb442e033df in std::allocator_traits<std::allocator<std::_List_node<unsigned long> > >::allocate(std::allocator<std::_List_node<unsigned long> >&, unsigned long) /usr/include/c++/14/bits/alloc_traits.h:478
    #3 0x5cb442e033df in std::__cxx11::_List_base<unsigned long, std::allocator<unsigned long> >::_M_get_node() /usr/include/c++/14/bits/stl_list.h:518
    #4 0x5cb442e02544 in std::_List_node<unsigned long>* std::__cxx11::list<unsigned long, std::allocator<unsigned long> >::_M_create_node<unsigned long&>(unsigned long&) /usr/include/c++/14/bits/stl_list.h:710
    #5 0x5cb442e01e22 in void std::__cxx11::list<unsigned long, std::allocator<unsigned long> >::_M_insert<unsigned long&>(std::_List_iterator<unsigned long>, unsigned long&) /usr/include/c++/14/bits/stl_list.h:2004
    #6 0x5cb442e01102 in unsigned long& std::__cxx11::list<unsigned long, std::allocator<unsigned long> >::emplace_back<unsigned long&>(unsigned long&) /usr/include/c++/14/bits/stl_list.h:1321
    #7 0x5cb442dffb27 in bustub::LRUKReplacer::RecordAccess(int, bustub::AccessType) /home/subham/GITHUB/bustub-private/src/buffer/lru_k_replacer.cpp:118
    #8 0x5cb442de428c in bustub::BufferPoolManager::FetchPage(int, bustub::AccessType) /home/subham/GITHUB/bustub-private/src/buffer/buffer_pool_manager.cpp:239
    #9 0x5cb442de57b5 in bustub::BufferPoolManager::CheckedReadPage(int, bustub::AccessType) /home/subham/GITHUB/bustub-private/src/buffer/buffer_pool_manager.cpp:402
    #10 0x5cb442de5f4f in bustub::BufferPoolManager::ReadPage(int, bustub::AccessType) /home/subham/GITHUB/bustub-private/src/buffer/buffer_pool_manager.cpp:452
    #11 0x5cb442e2e748 in bustub::TracedBufferPoolManager::ReadPage(int, bustub::AccessType) /home/subham/GITHUB/bustub-private/src/include/buffer/traced_buffer_pool_manager.h:24
    #12 0x5cb442e4ce89 in bustub::BPlusTree<bustub::GenericKey<8ul>, bustub::RID, bustub::GenericComparator<8ul>, 3l>::GetValue(bustub::GenericKey<8ul> const&, std::vector<bustub::RID, std::allocator<bustub::RID> >*) (/home/subham/GITHUB/bustub-private/build/test/b_plus_tree_concurrent_test+0x12be89) (BuildId: d3db16daeb8ed1b4d0c1615be93e2b341468163a)
    #13 0x5cb442d7dc86 in void bustub::InsertTest1Call<3l>() (/home/subham/GITHUB/bustub-private/build/test/b_plus_tree_concurrent_test+0x5cc86) (BuildId: d3db16daeb8ed1b4d0c1615be93e2b341468163a)
    #14 0x5cb442d756b1 in bustub::BPlusTreeConcurrentTest_InsertTest1_Test::TestBody() /home/subham/GITHUB/bustub-private/test/storage/b_plus_tree_concurrent_test.cpp:460
    #15 0x5cb442ff5483 in void testing::internal::HandleSehExceptionsInMethodIfSupported<testing::Test, void>(testing::Test*, void (testing::Test::*)(), char const*) /home/subham/GITHUB/bustub-private/third_party/googletest/googletest/src/gtest.cc:2612
    #16 0x5cb442fe3d7b in void testing::internal::HandleExceptionsInMethodIfSupported<testing::Test, void>(testing::Test*, void (testing::Test::*)(), char const*) /home/subham/GITHUB/bustub-private/third_party/googletest/googletest/src/gtest.cc:2648
    #17 0x5cb442f926dc in testing::Test::Run() /home/subham/GITHUB/bustub-private/third_party/googletest/googletest/src/gtest.cc:2687
    #18 0x5cb442f93dd6 in testing::TestInfo::Run() /home/subham/GITHUB/bustub-private/third_party/googletest/googletest/src/gtest.cc:2836
    #19 0x5cb442f95129 in testing::TestSuite::Run() /home/subham/GITHUB/bustub-private/third_party/googletest/googletest/src/gtest.cc:3015
    #20 0x5cb442fb78bd in testing::internal::UnitTestImpl::RunAllTests() /home/subham/GITHUB/bustub-private/third_party/googletest/googletest/src/gtest.cc:5920
    #21 0x5cb442ff8c78 in bool testing::internal::HandleSehExceptionsInMethodIfSupported<testing::internal::UnitTestImpl, bool>(testing::internal::UnitTestImpl*, bool (testing::internal::UnitTestImpl::*)(), char const*) /home/subham/GITHUB/bustub-private/third_party/googletest/googletest/src/gtest.cc:2612
    #22 0x5cb442fe6dc8 in bool testing::internal::HandleExceptionsInMethodIfSupported<testing::internal::UnitTestImpl, bool>(testing::internal::UnitTestImpl*, bool (testing::internal::UnitTestImpl::*)(), char const*) /home/subham/GITHUB/bustub-private/third_party/googletest/googletest/src/gtest.cc:2648
    #23 0x5cb442fb4146 in testing::UnitTest::Run() /home/subham/GITHUB/bustub-private/third_party/googletest/googletest/src/gtest.cc:5484
    #24 0x5cb4430224e5 in RUN_ALL_TESTS() /home/subham/GITHUB/bustub-private/third_party/googletest/googletest/include/gtest/gtest.h:2317
    #25 0x5cb443022431 in main /home/subham/GITHUB/bustub-private/third_party/googletest/googlemock/src/gmock_main.cc:71
    #26 0x75876322a1c9 in __libc_start_call_main ../sysdeps/nptl/libc_start_call_main.h:58
    #27 0x75876322a28a in __libc_start_main_impl ../csu/libc-start.c:360
    #28 0x5cb442d74714 in _start (/home/subham/GITHUB/bustub-private/build/test/b_plus_tree_concurrent_test+0x53714) (BuildId: d3db16daeb8ed1b4d0c1615be93e2b341468163a)

Indirect leak of 16 byte(s) in 1 object(s) allocated from:
    #0 0x758763afe548 in operator new(unsigned long) ../../../../src/libsanitizer/asan/asan_new_delete.cpp:95
    #1 0x5cb442dfc82b in std::__new_allocator<std::__detail::_Hash_node<std::pair<int const, int>, false> >::allocate(unsigned long, void const*) (/home/subham/GITHUB/bustub-private/build/test/b_plus_tree_concurrent_test+0xdb82b) (BuildId: d3db16daeb8ed1b4d0c1615be93e2b341468163a)
    #2 0x5cb442df9346 in std::allocator_traits<std::allocator<std::__detail::_Hash_node<std::pair<int const, int>, false> > >::allocate(std::allocator<std::__detail::_Hash_node<std::pair<int const, int>, false> >&, unsigned long) /usr/include/c++/14/bits/alloc_traits.h:478
    #3 0x5cb442df9346 in std::__detail::_Hash_node<std::pair<int const, int>, false>* std::__detail::_Hashtable_alloc<std::allocator<std::__detail::_Hash_node<std::pair<int const, int>, false> > >::_M_allocate_node<std::piecewise_construct_t const&, std::tuple<int const&>, std::tuple<> >(std::piecewise_construct_t const&, std::tuple<int const&>&&, std::tuple<>&&) /usr/include/c++/14/bits/hashtable_policy.h:2019
    #4 0x5cb442df5845 in std::_Hashtable<int, std::pair<int const, int>, std::allocator<std::pair<int const, int> >, std::__detail::_Select1st, std::equal_to<int>, std::hash<int>, std::__detail::_Mod_range_hashing, std::__detail::_Default_ranged_hash, std::__detail::_Prime_rehash_policy, std::__detail::_Hashtable_traits<false, false, true> >::_Scoped_node::_Scoped_node<std::piecewise_construct_t const&, std::tuple<int const&>, std::tuple<> >(std::__detail::_Hashtable_alloc<std::allocator<std::__detail::_Hash_node<std::pair<int const, int>, false> > >*, std::piecewise_construct_t const&, std::tuple<int const&>&&, std::tuple<>&&) (/home/subham/GITHUB/bustub-private/build/test/b_plus_tree_concurrent_test+0xd4845) (BuildId: d3db16daeb8ed1b4d0c1615be93e2b341468163a)
    #5 0x5cb442df05ae in std::__detail::_Map_base<int, std::pair<int const, int>, std::allocator<std::pair<int const, int> >, std::__detail::_Select1st, std::equal_to<int>, std::hash<int>, std::__detail::_Mod_range_hashing, std::__detail::_Default_ranged_hash, std::__detail::_Prime_rehash_policy, std::__detail::_Hashtable_traits<false, false, true>, true>::operator[](int const&) (/home/subham/GITHUB/bustub-private/build/test/b_plus_tree_concurrent_test+0xcf5ae) (BuildId: d3db16daeb8ed1b4d0c1615be93e2b341468163a)
    #6 0x5cb442dec4ec in std::unordered_map<int, int, std::hash<int>, std::equal_to<int>, std::allocator<std::pair<int const, int> > >::operator[](int const&) (/home/subham/GITHUB/bustub-private/build/test/b_plus_tree_concurrent_test+0xcb4ec) (BuildId: d3db16daeb8ed1b4d0c1615be93e2b341468163a)
    #7 0x5cb442de49a1 in bustub::BufferPoolManager::FetchPage(int, bustub::AccessType) /home/subham/GITHUB/bustub-private/src/buffer/buffer_pool_manager.cpp:283
    #8 0x5cb442de57b5 in bustub::BufferPoolManager::CheckedReadPage(int, bustub::AccessType) /home/subham/GITHUB/bustub-private/src/buffer/buffer_pool_manager.cpp:402
    #9 0x5cb442de5f4f in bustub::BufferPoolManager::ReadPage(int, bustub::AccessType) /home/subham/GITHUB/bustub-private/src/buffer/buffer_pool_manager.cpp:452
    #10 0x5cb442e2e748 in bustub::TracedBufferPoolManager::ReadPage(int, bustub::AccessType) /home/subham/GITHUB/bustub-private/src/include/buffer/traced_buffer_pool_manager.h:24
    #11 0x5cb442e4da5c in bustub::BPlusTree<bustub::GenericKey<8ul>, bustub::RID, bustub::GenericComparator<8ul>, 3l>::Begin() (/home/subham/GITHUB/bustub-private/build/test/b_plus_tree_concurrent_test+0x12ca5c) (BuildId: d3db16daeb8ed1b4d0c1615be93e2b341468163a)
    #12 0x5cb442d7e236 in void bustub::InsertTest1Call<3l>() (/home/subham/GITHUB/bustub-private/build/test/b_plus_tree_concurrent_test+0x5d236) (BuildId: d3db16daeb8ed1b4d0c1615be93e2b341468163a)
    #13 0x5cb442d756b1 in bustub::BPlusTreeConcurrentTest_InsertTest1_Test::TestBody() /home/subham/GITHUB/bustub-private/test/storage/b_plus_tree_concurrent_test.cpp:460
    #14 0x5cb442ff5483 in void testing::internal::HandleSehExceptionsInMethodIfSupported<testing::Test, void>(testing::Test*, void (testing::Test::*)(), char const*) /home/subham/GITHUB/bustub-private/third_party/googletest/googletest/src/gtest.cc:2612
    #15 0x5cb442fe3d7b in void testing::internal::HandleExceptionsInMethodIfSupported<testing::Test, void>(testing::Test*, void (testing::Test::*)(), char const*) /home/subham/GITHUB/bustub-private/third_party/googletest/googletest/src/gtest.cc:2648
    #16 0x5cb442f926dc in testing::Test::Run() /home/subham/GITHUB/bustub-private/third_party/googletest/googletest/src/gtest.cc:2687
    #17 0x5cb442f93dd6 in testing::TestInfo::Run() /home/subham/GITHUB/bustub-private/third_party/googletest/googletest/src/gtest.cc:2836
    #18 0x5cb442f95129 in testing::TestSuite::Run() /home/subham/GITHUB/bustub-private/third_party/googletest/googletest/src/gtest.cc:3015
    #19 0x5cb442fb78bd in testing::internal::UnitTestImpl::RunAllTests() /home/subham/GITHUB/bustub-private/third_party/googletest/googletest/src/gtest.cc:5920
    #20 0x5cb442ff8c78 in bool testing::internal::HandleSehExceptionsInMethodIfSupported<testing::internal::UnitTestImpl, bool>(testing::internal::UnitTestImpl*, bool (testing::internal::UnitTestImpl::*)(), char const*) /home/subham/GITHUB/bustub-private/third_party/googletest/googletest/src/gtest.cc:2612
    #21 0x5cb442fe6dc8 in bool testing::internal::HandleExceptionsInMethodIfSupported<testing::internal::UnitTestImpl, bool>(testing::internal::UnitTestImpl*, bool (testing::internal::UnitTestImpl::*)(), char const*) /home/subham/GITHUB/bustub-private/third_party/googletest/googletest/src/gtest.cc:2648
    #22 0x5cb442fb4146 in testing::UnitTest::Run() /home/subham/GITHUB/bustub-private/third_party/googletest/googletest/src/gtest.cc:5484
    #23 0x5cb4430224e5 in RUN_ALL_TESTS() /home/subham/GITHUB/bustub-private/third_party/googletest/googletest/include/gtest/gtest.h:2317
    #24 0x5cb443022431 in main /home/subham/GITHUB/bustub-private/third_party/googletest/googlemock/src/gmock_main.cc:71
    #25 0x75876322a1c9 in __libc_start_call_main ../sysdeps/nptl/libc_start_call_main.h:58
    #26 0x75876322a28a in __libc_start_main_impl ../csu/libc-start.c:360
    #27 0x5cb442d74714 in _start (/home/subham/GITHUB/bustub-private/build/test/b_plus_tree_concurrent_test+0x53714) (BuildId: d3db16daeb8ed1b4d0c1615be93e2b341468163a)

Indirect leak of 16 byte(s) in 1 object(s) allocated from:
    #0 0x758763afe548 in operator new(unsigned long) ../../../../src/libsanitizer/asan/asan_new_delete.cpp:95
    #1 0x5cb442dfc82b in std::__new_allocator<std::__detail::_Hash_node<std::pair<int const, int>, false> >::allocate(unsigned long, void const*) (/home/subham/GITHUB/bustub-private/build/test/b_plus_tree_concurrent_test+0xdb82b) (BuildId: d3db16daeb8ed1b4d0c1615be93e2b341468163a)
    #2 0x5cb442dfb44a in std::__detail::_Hash_node<std::pair<int const, int>, false>* std::__detail::_Hashtable_alloc<std::allocator<std::__detail::_Hash_node<std::pair<int const, int>, false> > >::_M_allocate_node<std::pair<int const, int> >(std::pair<int const, int>&&) (/home/subham/GITHUB/bustub-private/build/test/b_plus_tree_concurrent_test+0xda44a) (BuildId: d3db16daeb8ed1b4d0c1615be93e2b341468163a)
    #3 0x5cb442df8d39 in std::_Hashtable<int, std::pair<int const, int>, std::allocator<std::pair<int const, int> >, std::__detail::_Select1st, std::equal_to<int>, std::hash<int>, std::__detail::_Mod_range_hashing, std::__detail::_Default_ranged_hash, std::__detail::_Prime_rehash_policy, std::__detail::_Hashtable_traits<false, false, true> >::_Scoped_node::_Scoped_node<std::pair<int const, int> >(std::__detail::_Hashtable_alloc<std::allocator<std::__detail::_Hash_node<std::pair<int const, int>, false> > >*, std::pair<int const, int>&&) (/home/subham/GITHUB/bustub-private/build/test/b_plus_tree_concurrent_test+0xd7d39) (BuildId: d3db16daeb8ed1b4d0c1615be93e2b341468163a)
    #4 0x5cb442df4b70 in std::pair<std::__detail::_Node_iterator<std::pair<int const, int>, false, false>, bool> std::_Hashtable<int, std::pair<int const, int>, std::allocator<std::pair<int const, int> >, std::__detail::_Select1st, std::equal_to<int>, std::hash<int>, std::__detail::_Mod_range_hashing, std::__detail::_Default_ranged_hash, std::__detail::_Prime_rehash_policy, std::__detail::_Hashtable_traits<false, false, true> >::_M_emplace<std::pair<int const, int> >(std::integral_constant<bool, true>, std::pair<int const, int>&&) (/home/subham/GITHUB/bustub-private/build/test/b_plus_tree_concurrent_test+0xd3b70) (BuildId: d3db16daeb8ed1b4d0c1615be93e2b341468163a)
    #5 0x5cb442defdeb in std::pair<std::__detail::_Node_iterator<std::pair<int const, int>, false, false>, bool> std::__detail::_Insert<int, std::pair<int const, int>, std::allocator<std::pair<int const, int> >, std::__detail::_Select1st, std::equal_to<int>, std::hash<int>, std::__detail::_Mod_range_hashing, std::__detail::_Default_ranged_hash, std::__detail::_Prime_rehash_policy, std::__detail::_Hashtable_traits<false, false, true>, false>::insert<std::pair<int const, int>, void>(std::pair<int const, int>&&) (/home/subham/GITHUB/bustub-private/build/test/b_plus_tree_concurrent_test+0xcedeb) (BuildId: d3db16daeb8ed1b4d0c1615be93e2b341468163a)
    #6 0x5cb442dec1c1 in std::unordered_map<int, int, std::hash<int>, std::equal_to<int>, std::allocator<std::pair<int const, int> > >::insert(std::pair<int const, int>&&) (/home/subham/GITHUB/bustub-private/build/test/b_plus_tree_concurrent_test+0xcb1c1) (BuildId: d3db16daeb8ed1b4d0c1615be93e2b341468163a)
    #7 0x5cb442de37d7 in bustub::BufferPoolManager::NewPage() /home/subham/GITHUB/bustub-private/src/buffer/buffer_pool_manager.cpp:176
    #8 0x5cb442e2e7a8 in bustub::TracedBufferPoolManager::NewPage() (/home/subham/GITHUB/bustub-private/build/test/b_plus_tree_concurrent_test+0x10d7a8) (BuildId: d3db16daeb8ed1b4d0c1615be93e2b341468163a)
    #9 0x5cb442e4fda0 in bustub::BPlusTree<bustub::GenericKey<8ul>, bustub::RID, bustub::GenericComparator<8ul>, 3l>::SplitInternalPage(bustub::GenericKey<8ul> const&, int const&, bustub::Context&) (/home/subham/GITHUB/bustub-private/build/test/b_plus_tree_concurrent_test+0x12eda0) (BuildId: d3db16daeb8ed1b4d0c1615be93e2b341468163a)
    #10 0x5cb442e4b068 in bustub::BPlusTree<bustub::GenericKey<8ul>, bustub::RID, bustub::GenericComparator<8ul>, 3l>::Insert(bustub::GenericKey<8ul> const&, bustub::RID const&) (/home/subham/GITHUB/bustub-private/build/test/b_plus_tree_concurrent_test+0x12a068) (BuildId: d3db16daeb8ed1b4d0c1615be93e2b341468163a)
    #11 0x5cb442d92118 in void bustub::InsertHelper<3l>(bustub::BPlusTree<bustub::GenericKey<8ul>, bustub::RID, bustub::GenericComparator<8ul>, 3l>*, std::vector<long, std::allocator<long> > const&, unsigned long) (/home/subham/GITHUB/bustub-private/build/test/b_plus_tree_concurrent_test+0x71118) (BuildId: d3db16daeb8ed1b4d0c1615be93e2b341468163a)
    #12 0x5cb442daeb7d in void std::__invoke_impl<void, void (*)(bustub::BPlusTree<bustub::GenericKey<8ul>, bustub::RID, bustub::GenericComparator<8ul>, 3l>*, std::vector<long, std::allocator<long> > const&, unsigned long), bustub::BPlusTree<bustub::GenericKey<8ul>, bustub::RID, bustub::GenericComparator<8ul>, 3l>*, std::vector<long, std::allocator<long> >, unsigned long>(std::__invoke_other, void (*&&)(bustub::BPlusTree<bustub::GenericKey<8ul>, bustub::RID, bustub::GenericComparator<8ul>, 3l>*, std::vector<long, std::allocator<long> > const&, unsigned long), bustub::BPlusTree<bustub::GenericKey<8ul>, bustub::RID, bustub::GenericComparator<8ul>, 3l>*&&, std::vector<long, std::allocator<long> >&&, unsigned long&&) (/home/subham/GITHUB/bustub-private/build/test/b_plus_tree_concurrent_test+0x8db7d) (BuildId: d3db16daeb8ed1b4d0c1615be93e2b341468163a)
    #13 0x5cb442dae4e3 in std::__invoke_result<void (*)(bustub::BPlusTree<bustub::GenericKey<8ul>, bustub::RID, bustub::GenericComparator<8ul>, 3l>*, std::vector<long, std::allocator<long> > const&, unsigned long), bustub::BPlusTree<bustub::GenericKey<8ul>, bustub::RID, bustub::GenericComparator<8ul>, 3l>*, std::vector<long, std::allocator<long> >, unsigned long>::type std::__invoke<void (*)(bustub::BPlusTree<bustub::GenericKey<8ul>, bustub::RID, bustub::GenericComparator<8ul>, 3l>*, std::vector<long, std::allocator<long> > const&, unsigned long), bustub::BPlusTree<bustub::GenericKey<8ul>, bustub::RID, bustub::GenericComparator<8ul>, 3l>*, std::vector<long, std::allocator<long> >, unsigned long>(void (*&&)(bustub::BPlusTree<bustub::GenericKey<8ul>, bustub::RID, bustub::GenericComparator<8ul>, 3l>*, std::vector<long, std::allocator<long> > const&, unsigned long), bustub::BPlusTree<bustub::GenericKey<8ul>, bustub::RID, bustub::GenericComparator<8ul>, 3l>*&&, std::vector<long, std::allocator<long> >&&, unsigned long&&) (/home/subham/GITHUB/bustub-private/build/test/b_plus_tree_concurrent_test+0x8d4e3) (BuildId: d3db16daeb8ed1b4d0c1615be93e2b341468163a)
    #14 0x5cb442dadfd4 in void std::thread::_Invoker<std::tuple<void (*)(bustub::BPlusTree<bustub::GenericKey<8ul>, bustub::RID, bustub::GenericComparator<8ul>, 3l>*, std::vector<long, std::allocator<long> > const&, unsigned long), bustub::BPlusTree<bustub::GenericKey<8ul>, bustub::RID, bustub::GenericComparator<8ul>, 3l>*, std::vector<long, std::allocator<long> >, unsigned long> >::_M_invoke<0ul, 1ul, 2ul, 3ul>(std::_Index_tuple<0ul, 1ul, 2ul, 3ul>) (/home/subham/GITHUB/bustub-private/build/test/b_plus_tree_concurrent_test+0x8cfd4) (BuildId: d3db16daeb8ed1b4d0c1615be93e2b341468163a)
    #15 0x5cb442dadd8f in std::thread::_Invoker<std::tuple<void (*)(bustub::BPlusTree<bustub::GenericKey<8ul>, bustub::RID, bustub::GenericComparator<8ul>, 3l>*, std::vector<long, std::allocator<long> > const&, unsigned long), bustub::BPlusTree<bustub::GenericKey<8ul>, bustub::RID, bustub::GenericComparator<8ul>, 3l>*, std::vector<long, std::allocator<long> >, unsigned long> >::operator()() (/home/subham/GITHUB/bustub-private/build/test/b_plus_tree_concurrent_test+0x8cd8f) (BuildId: d3db16daeb8ed1b4d0c1615be93e2b341468163a)
    #16 0x5cb442dad89b in std::thread::_State_impl<std::thread::_Invoker<std::tuple<void (*)(bustub::BPlusTree<bustub::GenericKey<8ul>, bustub::RID, bustub::GenericComparator<8ul>, 3l>*, std::vector<long, std::allocator<long> > const&, unsigned long), bustub::BPlusTree<bustub::GenericKey<8ul>, bustub::RID, bustub::GenericComparator<8ul>, 3l>*, std::vector<long, std::allocator<long> >, unsigned long> > >::_M_run() (/home/subham/GITHUB/bustub-private/build/test/b_plus_tree_concurrent_test+0x8c89b) (BuildId: d3db16daeb8ed1b4d0c1615be93e2b341468163a)
    #17 0x7587636ecdb3  (/lib/x86_64-linux-gnu/libstdc++.so.6+0xecdb3) (BuildId: ca77dae775ec87540acd7218fa990c40d1c94ab1)
    #18 0x758763a5ea41 in asan_thread_start ../../../../src/libsanitizer/asan/asan_interceptors.cpp:234
    #19 0x75876329caa3 in start_thread nptl/pthread_create.c:447

Indirect leak of 16 byte(s) in 1 object(s) allocated from:
    #0 0x758763afe548 in operator new(unsigned long) ../../../../src/libsanitizer/asan/asan_new_delete.cpp:95
    #1 0x5cb442dfc82b in std::__new_allocator<std::__detail::_Hash_node<std::pair<int const, int>, false> >::allocate(unsigned long, void const*) (/home/subham/GITHUB/bustub-private/build/test/b_plus_tree_concurrent_test+0xdb82b) (BuildId: d3db16daeb8ed1b4d0c1615be93e2b341468163a)
    #2 0x5cb442dfb44a in std::__detail::_Hash_node<std::pair<int const, int>, false>* std::__detail::_Hashtable_alloc<std::allocator<std::__detail::_Hash_node<std::pair<int const, int>, false> > >::_M_allocate_node<std::pair<int const, int> >(std::pair<int const, int>&&) (/home/subham/GITHUB/bustub-private/build/test/b_plus_tree_concurrent_test+0xda44a) (BuildId: d3db16daeb8ed1b4d0c1615be93e2b341468163a)
    #3 0x5cb442df8d39 in std::_Hashtable<int, std::pair<int const, int>, std::allocator<std::pair<int const, int> >, std::__detail::_Select1st, std::equal_to<int>, std::hash<int>, std::__detail::_Mod_range_hashing, std::__detail::_Default_ranged_hash, std::__detail::_Prime_rehash_policy, std::__detail::_Hashtable_traits<false, false, true> >::_Scoped_node::_Scoped_node<std::pair<int const, int> >(std::__detail::_Hashtable_alloc<std::allocator<std::__detail::_Hash_node<std::pair<int const, int>, false> > >*, std::pair<int const, int>&&) (/home/subham/GITHUB/bustub-private/build/test/b_plus_tree_concurrent_test+0xd7d39) (BuildId: d3db16daeb8ed1b4d0c1615be93e2b341468163a)
    #4 0x5cb442df4b70 in std::pair<std::__detail::_Node_iterator<std::pair<int const, int>, false, false>, bool> std::_Hashtable<int, std::pair<int const, int>, std::allocator<std::pair<int const, int> >, std::__detail::_Select1st, std::equal_to<int>, std::hash<int>, std::__detail::_Mod_range_hashing, std::__detail::_Default_ranged_hash, std::__detail::_Prime_rehash_policy, std::__detail::_Hashtable_traits<false, false, true> >::_M_emplace<std::pair<int const, int> >(std::integral_constant<bool, true>, std::pair<int const, int>&&) (/home/subham/GITHUB/bustub-private/build/test/b_plus_tree_concurrent_test+0xd3b70) (BuildId: d3db16daeb8ed1b4d0c1615be93e2b341468163a)
    #5 0x5cb442defdeb in std::pair<std::__detail::_Node_iterator<std::pair<int const, int>, false, false>, bool> std::__detail::_Insert<int, std::pair<int const, int>, std::allocator<std::pair<int const, int> >, std::__detail::_Select1st, std::equal_to<int>, std::hash<int>, std::__detail::_Mod_range_hashing, std::__detail::_Default_ranged_hash, std::__detail::_Prime_rehash_policy, std::__detail::_Hashtable_traits<false, false, true>, false>::insert<std::pair<int const, int>, void>(std::pair<int const, int>&&) (/home/subham/GITHUB/bustub-private/build/test/b_plus_tree_concurrent_test+0xcedeb) (BuildId: d3db16daeb8ed1b4d0c1615be93e2b341468163a)
    #6 0x5cb442dec1c1 in std::unordered_map<int, int, std::hash<int>, std::equal_to<int>, std::allocator<std::pair<int const, int> > >::insert(std::pair<int const, int>&&) (/home/subham/GITHUB/bustub-private/build/test/b_plus_tree_concurrent_test+0xcb1c1) (BuildId: d3db16daeb8ed1b4d0c1615be93e2b341468163a)
    #7 0x5cb442de37d7 in bustub::BufferPoolManager::NewPage() /home/subham/GITHUB/bustub-private/src/buffer/buffer_pool_manager.cpp:176
    #8 0x5cb442d7d876 in void bustub::InsertTest1Call<3l>() (/home/subham/GITHUB/bustub-private/build/test/b_plus_tree_concurrent_test+0x5c876) (BuildId: d3db16daeb8ed1b4d0c1615be93e2b341468163a)
    #9 0x5cb442d756b1 in bustub::BPlusTreeConcurrentTest_InsertTest1_Test::TestBody() /home/subham/GITHUB/bustub-private/test/storage/b_plus_tree_concurrent_test.cpp:460
    #10 0x5cb442ff5483 in void testing::internal::HandleSehExceptionsInMethodIfSupported<testing::Test, void>(testing::Test*, void (testing::Test::*)(), char const*) /home/subham/GITHUB/bustub-private/third_party/googletest/googletest/src/gtest.cc:2612
    #11 0x5cb442fe3d7b in void testing::internal::HandleExceptionsInMethodIfSupported<testing::Test, void>(testing::Test*, void (testing::Test::*)(), char const*) /home/subham/GITHUB/bustub-private/third_party/googletest/googletest/src/gtest.cc:2648
    #12 0x5cb442f926dc in testing::Test::Run() /home/subham/GITHUB/bustub-private/third_party/googletest/googletest/src/gtest.cc:2687
    #13 0x5cb442f93dd6 in testing::TestInfo::Run() /home/subham/GITHUB/bustub-private/third_party/googletest/googletest/src/gtest.cc:2836
    #14 0x5cb442f95129 in testing::TestSuite::Run() /home/subham/GITHUB/bustub-private/third_party/googletest/googletest/src/gtest.cc:3015
    #15 0x5cb442fb78bd in testing::internal::UnitTestImpl::RunAllTests() /home/subham/GITHUB/bustub-private/third_party/googletest/googletest/src/gtest.cc:5920
    #16 0x5cb442ff8c78 in bool testing::internal::HandleSehExceptionsInMethodIfSupported<testing::internal::UnitTestImpl, bool>(testing::internal::UnitTestImpl*, bool (testing::internal::UnitTestImpl::*)(), char const*) /home/subham/GITHUB/bustub-private/third_party/googletest/googletest/src/gtest.cc:2612
    #17 0x5cb442fe6dc8 in bool testing::internal::HandleExceptionsInMethodIfSupported<testing::internal::UnitTestImpl, bool>(testing::internal::UnitTestImpl*, bool (testing::internal::UnitTestImpl::*)(), char const*) /home/subham/GITHUB/bustub-private/third_party/googletest/googletest/src/gtest.cc:2648
    #18 0x5cb442fb4146 in testing::UnitTest::Run() /home/subham/GITHUB/bustub-private/third_party/googletest/googletest/src/gtest.cc:5484
    #19 0x5cb4430224e5 in RUN_ALL_TESTS() /home/subham/GITHUB/bustub-private/third_party/googletest/googletest/include/gtest/gtest.h:2317
    #20 0x5cb443022431 in main /home/subham/GITHUB/bustub-private/third_party/googletest/googlemock/src/gmock_main.cc:71
    #21 0x75876322a1c9 in __libc_start_call_main ../sysdeps/nptl/libc_start_call_main.h:58
    #22 0x75876322a28a in __libc_start_main_impl ../csu/libc-start.c:360
    #23 0x5cb442d74714 in _start (/home/subham/GITHUB/bustub-private/build/test/b_plus_tree_concurrent_test+0x53714) (BuildId: d3db16daeb8ed1b4d0c1615be93e2b341468163a)

SUMMARY: AddressSanitizer: 415856 byte(s) leaked in 304 allocation(s).
